Archive member included to satisfy reference by file (symbol)

app/libapp.a(main.c.obj)      (--whole-archive)
app/libapp.a(hid_report_desc.c.obj)
                              (--whole-archive)
app/libapp.a(battery_event.c.obj)
                              (--whole-archive)
app/libapp.a(ble_event.c.obj)
                              (--whole-archive)
app/libapp.a(button_event.c.obj)
                              (--whole-archive)
app/libapp.a(click_event.c.obj)
                              (--whole-archive)
app/libapp.a(selector_event.c.obj)
                              (--whole-archive)
app/libapp.a(hid_event.c.obj)
                              (--whole-archive)
app/libapp.a(led_event.c.obj)
                              (--whole-archive)
app/libapp.a(config_event.c.obj)
                              (--whole-archive)
app/libapp.a(module_state_event.c.obj)
                              (--whole-archive)
app/libapp.a(motion_event.c.obj)
                              (--whole-archive)
app/libapp.a(power_event.c.obj)
                              (--whole-archive)
app/libapp.a(wheel_event.c.obj)
                              (--whole-archive)
app/libapp.a(usb_event.c.obj)
                              (--whole-archive)
app/libapp.a(hids_event.c.obj)
                              (--whole-archive)
app/libapp.a(board.c.obj)     (--whole-archive)
app/libapp.a(motion_sensor.c.obj)
                              (--whole-archive)
app/libapp.a(buttons.c.obj)   (--whole-archive)
app/libapp.a(click_detector.c.obj)
                              (--whole-archive)
app/libapp.a(selector_hw.c.obj)
                              (--whole-archive)
app/libapp.a(wheel.c.obj)     (--whole-archive)
app/libapp.a(leds.c.obj)      (--whole-archive)
app/libapp.a(battery_charger.c.obj)
                              (--whole-archive)
app/libapp.a(battery_meas.c.obj)
                              (--whole-archive)
app/libapp.a(ble_state.c.obj)
                              (--whole-archive)
app/libapp.a(ble_bond.c.obj)  (--whole-archive)
app/libapp.a(ble_latency.c.obj)
                              (--whole-archive)
app/libapp.a(ble_adv.c.obj)   (--whole-archive)
app/libapp.a(config.c.obj)    (--whole-archive)
app/libapp.a(hid_state.c.obj)
                              (--whole-archive)
app/libapp.a(usb_state.c.obj)
                              (--whole-archive)
app/libapp.a(led_state.c.obj)
                              (--whole-archive)
app/libapp.a(led_stream.c.obj)
                              (--whole-archive)
app/libapp.a(power_manager.c.obj)
                              (--whole-archive)
app/libapp.a(watchdog.c.obj)  (--whole-archive)
app/libapp.a(bas.c.obj)       (--whole-archive)
app/libapp.a(dev_descr.c.obj)
                              (--whole-archive)
app/libapp.a(hids.c.obj)      (--whole-archive)
app/libapp.a(config_channel.c.obj)
                              (--whole-archive)
zephyr/libzephyr.a(crc32_sw.c.obj)
                              (--whole-archive)
zephyr/libzephyr.a(crc16_sw.c.obj)
                              (--whole-archive)
zephyr/libzephyr.a(crc8_sw.c.obj)
                              (--whole-archive)
zephyr/libzephyr.a(crc7_sw.c.obj)
                              (--whole-archive)
zephyr/libzephyr.a(dec.c.obj)
                              (--whole-archive)
zephyr/libzephyr.a(fdtable.c.obj)
                              (--whole-archive)
zephyr/libzephyr.a(hex.c.obj)
                              (--whole-archive)
zephyr/libzephyr.a(mempool.c.obj)
                              (--whole-archive)
zephyr/libzephyr.a(rb.c.obj)  (--whole-archive)
zephyr/libzephyr.a(sem.c.obj)
                              (--whole-archive)
zephyr/libzephyr.a(thread_entry.c.obj)
                              (--whole-archive)
zephyr/libzephyr.a(timeutil.c.obj)
                              (--whole-archive)
zephyr/libzephyr.a(work_q.c.obj)
                              (--whole-archive)
zephyr/libzephyr.a(printk.c.obj)
                              (--whole-archive)
zephyr/libzephyr.a(configs.c.obj)
                              (--whole-archive)
zephyr/libzephyr.a(validate_base_addresses.c.obj)
                              (--whole-archive)
zephyr/libzephyr.a(utils.c.obj)
                              (--whole-archive)
zephyr/libzephyr.a(ecc_dh.c.obj)
                              (--whole-archive)
zephyr/libzephyr.a(ecc.c.obj)
                              (--whole-archive)
zephyr/libzephyr.a(aes_decrypt.c.obj)
                              (--whole-archive)
zephyr/libzephyr.a(aes_encrypt.c.obj)
                              (--whole-archive)
zephyr/libzephyr.a(cmac_mode.c.obj)
                              (--whole-archive)
zephyr/libzephyr.a(dis.c.obj)
                              (--whole-archive)
zephyr/libzephyr.a(fcb_append.c.obj)
                              (--whole-archive)
zephyr/libzephyr.a(fcb.c.obj)
                              (--whole-archive)
zephyr/libzephyr.a(fcb_elem_info.c.obj)
[...]
Memory Configuration

Name             Origin             Length             Attributes
FLASH            0x00000000         0x00100000         xr
SRAM             0x20000000         0x00040000         xw
IDT_LIST         0x20040000         0x00000800         xw
*default*        0x00000000         0xffffffff

Linker script and memory map

LOAD zephyr/CMakeFiles/zephyr_prebuilt.dir/misc/empty_file.c.obj
                0x00000020                _region_min_align = 0x20

.rel.plt        0x00000000        0x0
 *(SORT_BY_ALIGNMENT(.rel.plt))
                [!provide]                PROVIDE (__rel_iplt_start = .)
 *(SORT_BY_ALIGNMENT(.rel.iplt))
 .rel.iplt      0x00000000        0x0 app/libapp.a(main.c.obj)
                [!provide]                PROVIDE (__rel_iplt_end = .)

.rela.plt       0x00000000        0x0
 *(SORT_BY_ALIGNMENT(.rela.plt))
                [!provide]                PROVIDE (__rela_iplt_start = .)
 *(SORT_BY_ALIGNMENT(.rela.iplt))
                [!provide]                PROVIDE (__rela_iplt_end = .)

.rel.dyn
 *(SORT_BY_ALIGNMENT(.rel.*))

.rela.dyn
 *(SORT_BY_ALIGNMENT(.rela.*))

/DISCARD/
 *(SORT_BY_ALIGNMENT(.plt))
 *(SORT_BY_ALIGNMENT(.iplt))
 *(SORT_BY_ALIGNMENT(.got.plt))
 *(SORT_BY_ALIGNMENT(.igot.plt))
 *(SORT_BY_ALIGNMENT(.got))
 *(SORT_BY_ALIGNMENT(.igot))
 *(SORT_BY_ALIGNMENT(.note.GNU-stack))
                0x00000000                _image_rom_start = 0x0

text            0x00000000      0x100
                0x00000000                . = 0x0
                0x00000000                _vector_start = .
 *(SORT_BY_ALIGNMENT(.exc_vector_table))
 *(SORT_BY_ALIGNMENT(.exc_vector_table.*))
 .exc_vector_table._vector_table_section
                0x00000000       0x40 zephyr/arch/arch/arm/core/cortex_m/libarch__arm__core__cortex_m.a(vector_table.S.obj)
                0x00000000                _vector_table
 *(SORT_BY_ALIGNMENT(.gnu.linkonce.irq_vector_table))
 .gnu.linkonce.irq_vector_table
                0x00000040       0xc0 zephyr/arch/common/libarch__common.a(isr_tables.c.obj)
                0x00000040                _irq_vector_table
 *(SORT_BY_ALIGNMENT(.vectors))
 *(SORT_BY_ALIGNMENT(.openocd_dbg))
 *(SORT_BY_ALIGNMENT(.openocd_dbg.*))
                0x00000100                _vector_end = .

_TEXT_SECTION_NAME_2
                0x00000100    0x41dd8
                0x00000100                _image_text_start = .
 *(SORT_BY_ALIGNMENT(.text))
 .text          0x00000100       0x30 c:/program files (x86)/gnu tools arm embedded/7 2018-q2-update/bin/../lib/gcc/arm-none-eabi/7.3.1/thumb/v7e-m\libgcc.a(_aeabi_uldivmod.o)
                0x00000100                __aeabi_uldivmod
 .text          0x00000130      0x2cc c:/program files (x86)/gnu tools arm embedded/7 2018-q2-update/bin/../lib/gcc/arm-none-eabi/7.3.1/thumb/v7e-m\libgcc.a(_udivmoddi4.o)
                0x00000130                __udivmoddi4
 .text          0x000003fc        0x4 c:/program files (x86)/gnu tools arm embedded/7 2018-q2-update/bin/../lib/gcc/arm-none-eabi/7.3.1/thumb/v7e-m\libgcc.a(_dvmd_tls.o)
                0x000003fc                __aeabi_idiv0
                0x000003fc                __aeabi_ldiv0
 .text          0x00000400    0x1c0d8 C:/ncs.sojkk/nrfxlib/ble_controller/lib/cortex-m4/soft-float/libble_controller_s140.a(libble_controller_debug_s140_soft_nrf52__obfuscated.elf)
                0x00000400                sym_Q4LNTOAEIUHWOHGFQA3GG32O27PTCCSKIRAFE2A
                0x00000462                ble_controller_init
                0x000004ce                ble_controller_cfg_set
                0x00000522                ble_controller_enable
                0x00000584                ble_controller_disable
                0x00000592                ble_controller_build_revision_get
                0x000005ba                ble_controller_low_prio_tasks_process
                0x000005ee                ble_controller_RADIO_IRQHandler
                0x000005f2                ble_controller_RTC0_IRQHandler
                0x000005f6                ble_controller_TIMER0_IRQHandler
                0x000005fa                ble_controller_RNG_IRQHandler
                0x000005fe                ble_controller_POWER_CLOCK_IRQHandler
                0x00000698                hci_cmd_put
                0x000006aa                hci_data_put
                0x000006bc                hci_evt_get
                0x000006e8                hci_data_get
                0x0000077c                hci_vs_cmd_llpm_mode_set
                0x0000078c                hci_vs_cmd_conn_update
                0x000007e0                hci_vs_cmd_conn_event_extend
                0x000007f0                hci_vs_cmd_qos_conn_event_report_enable
                0x000007fc                sym_Y6OL6I7Q5ZNLLTYPUHMBVHHAEU2CKKDM5D2ZE4I
                0x00000832                sym_QU66FPZHOF7VOGSX2MQZGKARPFMT3JUIECECA5I
                0x00000846                ble_controller_flash_write
                0x00000862                ble_controller_flash_page_erase
                0x00000880                ble_controller_rand_vector_get
                0x000008a2                ble_controller_rand_vector_get_blocking
                0x000008d4                ble_controller_ecb_block_encrypt
                0x0000090e                ble_controller_hf_clock_request
                0x00000926                ble_controller_hf_clock_release
                0x00000936                ble_controller_hf_clock_is_running
                0x00000956                ble_controller_temp_get
                0x000009b8                sym_NPQDUYFTUPBLXPOWWXHABXDAV4HZ6GFI2S3DC7Y
                0x00000a18                sym_NR4U27V3FDBNHHFKNTBIXT2XBSM3YV2DL5PTHOA
                0x00000a86                timeslot_session_open
                0x00000aa6                timeslot_session_close
                0x00000ab6                timeslot_request
                0x00000ae8                sym_ZDELGBBGXKKR7NGIWRPHMKWC6NE3WSZKHJ2UUDY
                0x00000aec                sym_4IISVSOLVFJB5JBTYDAEGXSTM4YG5MOTRTRY33A
                0x00000b18                sym_DUIEI4YTK3TJQ2V3W7PLOGVTWVPNDBBG4WJWTAQ
                0x00000b88                sym_PVKZWZJ5CJJGE5FITE5FOMMY5J4BUV2COWMQKSY
                0x00000bac                sym_J4YPB5V427LGVECR3WQM2YMQSYACGT77QKJSI3I
                0x00000d22                sym_FAUAXK4R6Z2D3YMI3QMOFKBAYHZMP3X3KQMEBYI
                0x00001026                sym_5YZTP3DXGDB66ABBR6HIGTQUGBDPDSS5OQUWAII
                0x000017de                sym_X5A7ZVMJT6Z2AU2JNCZYZBNIMWD3BIY6BVVFUYA
                0x000021ca                sym_BR3ZWQHTEOP3TTXZR25GQZOEPSGL2XNSEOFSTEI
                0x0000220a                sym_CNH7SD2WCGFAHI2ANQOF3HHV2F3WYQDABEB6D2I
                0x00002264                sym_JHRCBUHHFX5L4LCHTP2UIHB7HAO2VCZNCILRUZA
                0x0000227c                sym_WTDR2CH3DHY37APGFFYCM3HFV2XNHA3H7A6JZDY
                0x000024aa                sym_QMF6WGBSHHRI7BTYKZGNY3YBGTOTAZDDWYJFVQQ
                0x000024f8                sym_XMQQMVD4MD6DRWNW2DWSCGOMJHFY3IX7NXUHTGI
                0x0000305c                sym_BRDBHQXFNW37EPIG3H6VMDMF5Z2C7TGGPAZ4FTI
                0x00003458                sym_QRSWJYAUGCUTSNV752A4GIIL7L22XYV5W56PANI
                0x0000351c                sym_E56LW5YVGUG6HP2OML5URHI7K2KCWX5ULQKQOKY
                0x0000352c                sym_A7PVZLRTORLFMETW3GOBE4DG32WTH46LP2SW5QQ
                0x000035be                sym_SSKIYGWPVDNEN7KR2D37H7PSUNCWATTS2JUNCZI
                0x000035c4                sym_WUFSW46PFN4L7BFD5JVSA5HUDVSYC7JXKJFB2DI
                0x000035c8                sym_XCF2HHS4DO2JW2ILCF4RJW66HXXYOROBK7NUPMY
                0x00003672                sym_TDLIKQLE652KPCFAMYL33G6BKGPHRLYLWNEOTHQ
                0x000036ec                sym_47GVMLF7NXDJBYC2TPU2ES3ZL6CP4GIPWKYYWBI
                0x00003760                sym_UOYZDE3MDLGPDL5S5WKUFLPYH4DJIMF3BJSBDYA
                0x000037e6                sym_AGKH6DJXHZN325DC6K3C4NU6N7PERJHJNP4AFDI
                0x00003880                sym_PTZ4EWNTFK5S5TZGCBNFETDF37P4DBX7VGM33II
                0x0000390c                sym_B62EJKCCJ4JFC5I4BFTUJG7GNOKGWQ4KKFBS6RI
                0x0000391a                sym_WHJLTAWCA7L5AI7ZKZA7BNI7MYWDHIXTL45XGEI
                0x00003948                sym_4WKKRRMMNLQOCTRGC2MVIREG5QOCFUEL67TBUQY
                0x000039a4                sym_4DUZAAZKVNAL6VUHN4XAFX35FQKJS4D7DISLHDI
                0x00003a60                sym_3LZ364FVGUVSOSH6XGIFMW5SY36X7BQXDOES46Y
                0x00003b90                sym_RZ3AO5KZJYCPFG5YW4CBZQF5SRGN3BPTEGBY47I
                0x00003bda                sym_DY52YMZFQPMDNFDSVZDQLPFIWKOSXIQIEKUVZNY
                0x00003bfc                sym_UGCHKXSGQKYP7AA6DYAYKZLZPKBR3MUYV5JFFTY
                0x00003c76                sym_BZ7Z4RQ3DCP67RU5HKR6L76AI2EU62TP34WUI5Q
                0x00003ce8                sym_KYAZRCYN475PHPCZD6L3YCVO72SQVA3SBOAY44Q
                0x00003d5c                sym_UPAEGKLCM3QW7VHROMMVD5MIRBTM2NGCYENWSLI
                0x00003d60                sym_IIGHUG4ZTDZIUQDMSC6KDDGMEISDJVABLHB6WDI
                0x00003e48                sym_Q4EW623JZHY67RB7U4Z2L2SMI5ENWIDFL23JZHQ
                0x00003ebc                sym_W4P456NK4DQPUF5QVP3W7JSFZJTVGAOKAMSTNSQ
                0x00003eca                sym_LIYGXI2UGDXBB3WZBJYHTKFR7X66AHBTSGA7ZTA
                0x00003eea                sym_56BVXVVSYPZZTDFBHBV4MJAFTYIS7HMITNWUEZQ
                0x00003f12                sym_4Z7443SGSMJBRM7TLEVRIFXZXBZ34MHB7IK5ETY
                0x00003f1e                sym_ZOHQLKBCZOR3A7YQVK6MVD6IEOARIBONHUTW4FY
                0x00003f46                sym_R6CL5LQUGQ5LWRLXHAYTBENAGPDSLSYDGQXGKCA
                0x00003f94                sym_T2KVJXUKBW7E6DZMIXB2ENUQYG6P2TBYLXO3PAY
                0x00003fc2                sym_4FRIF7JGOVTE7JZ3KYQVPKX5PKSXGKCIHE6GQDY
                0x00003fe0                sym_JTNP7UFMKYWSFCHJEA5IASO3QVW3HK4YV6YOJYQ
                0x0000403e                sym_B627VJPECYREV5OY4VJ652ISBA4XGPKVOUJ747A
                0x00004058                sym_BFLBCCCQAS3HYTJNHWIU2N7L5BIXGAAUWQU3LGI
                0x0000408a                sym_U6F62KMCYCGJUEXYTTS2MRS7LHMVKB63M7YBHMA
                0x000040c0                sym_CFXVKXX7QVGSEYDK42CHWNMAOZZS7SRTELRN2AI
                0x000040fc                sym_2U6ZM4AGXT5LURZV6SIFXXI4SAENTTDL37TPMAA
                0x00004136                sym_MT7ZXLR3Z6F5YKFYLYRJ4W5Z7KADBUJZB5D5FAA
                0x00004174                sym_DHUOI3PMXEAVFAX4C4XBBDBURCK3I2GDYGNPA5I
                0x000041a8                sym_EQ53CEL7EDVHMFMHMFPRRQU46C5YKKFEBAACFOA
                0x000042c6                sym_6I4XEOIW7LI2E3Z53L54ZHQQHYICXR4H4JQWXLA
                0x00004314                sym_3SKPFA625PNDCAQQU2M5BY77GYLRCXEEFZ5JBTY
                0x00004338                sym_4F7LPUXSCTOCH5INAFX4H2INQYD4GQNEVBQ7OPY
                0x000043b0                sym_XHE47EZYHONCPR22HUAZULMCALDJINMYREOFDEI
                0x000043c6                sym_ODHUN6Y7H3NJAYDQ6WXZXKRG7LCUUKXATCFM4JA
                0x0000449a                sym_OI7FPIL2UJXSAD2WV5X3CLQKKTNGLRTOQUNCDTY
                0x000044a8                sym_QSUAMFEDJMVCYQUJNPHGXEKEFULJEH46BNC5SLA
                0x00004564                sym_7JFC7IFAJQVPYCQHAIUKZ626ISM3VUWBEEXY7WI
                0x0000460e                sym_5X75WALYYBUWN4XT5LYOZBIGSZHVNFKF5J4CSQI
                0x00004632                sym_4AWF7EXI3MMHUULTY73E756U3IY5DEXOZ265MZY
                0x000046ac                sym_WDNTHBFS7DQM3AR7WDCR7ZEICFH5ZM5PJ35BRPY
                0x000046d4                sym_6DYG6C6ROXZA67GZINNB2XIQHL3KE2RCKK4QFXA
                0x00004744                sym_24NU2MJKHN4R2Z7HXHMPDWTTDYSB32VL6HEQPZA
                0x00004802                sym_3QFBRH4ZSIA64QP2I3K547Y5WIALGQTCBP5Y5SQ
                0x00004864                sym_NOQRMQ5IH6SQFJEPI5A3UBMITO54HG4WO4DTTXA
                0x000048d8                sym_YNBBHT54WKEGUNVC6TSBMRGLF67VFWBOYEMKGTQ
                0x00004902                sym_35ZAQW4ABRMBYES2ZHPK63BHZAFFFC4WMGEJ6NA
                0x00004a7c                sym_SQPGLB3F2LGDTL5ZVQ5UD5AXCWTDT7ZLWVQFDEI
                0x00004af6                sym_E5WZNPP2DINHF6K4PHXLYLX5AXTYBQYGQESRSGQ
                0x00004b28                sym_T2WGCKXTT3AQKC37WUCKG6LFMKIXXWS3R6ESLQQ
                0x00004b48                sym_5XKHERCBM4HDLOSQIIF6ONIZ3VPJAC273QAQJIQ
                0x00004ba8                sym_SGG2WPHWNAVPUNRA5PUSFQWLVXWMVACAYN4CY7A
                0x00004bba                sym_O4FUGGNCJSIN5TSQZ6HIGS5MBZ2R5JHUFVOHOOY
                0x00004bcc                sym_OZ56JFWYHG7U2LFPIVODMYPSVJGCB25OKJZ3PIY
                0x00004bde                sym_DM4JGIT6S3TNMO5AFCVWIOUVSDWG6BPR4DFBQNA
                0x00004c08                sym_RZ4KEX57U2ASIFFSRQDHBCB7WVJNTOCZSYKJFSA
                0x00004c2c                sym_2ZCOT6ZEUU54S36NE627GOZVLBS26AFIUJKNLBI
                0x00004cea                sym_Z3VWUOEMSEBO5U4J37OPDKJEH7CE47B46CE6NSI
                0x00004d3c                sym_GZE6QJRFTCG2MERGOKENHWFRYSCC5S3WEXUU47A
                0x00004d74                sym_YRXVGCYVFXOSIQO43AC5UEELHEXP2A4UAFUQRPI
                0x00004dbc                sym_EVEKB6WOAWYIXV2CYR4SE2FWGIGUZFJWNRXZLMA
                0x00004ddc                sym_FRQCN2KJNNZFYMAUJKFDGLFKE5V5FBD7HJ4IAKQ
                0x00004df4                sym_7YLXP6BHTAWWWMXLB5XOZU3Q27WEPTH5PONOKOI
                0x00004e00                sym_E7UQIKHCXDNZQUNY52BJSGQJOLHB5NYKZPMIGJY
                0x00004e14                sym_O2AFZAWKVBYRIBDK67CHKRSMY4WR2S6V2VOPETI
                0x00004fca                sym_GUOPDLX5R4S6NJ366BHBSIF5JQUFVHBAZBWBAWY
                0x0000508e                sym_GEVX2ITPXP7UL5BJ376FS4WUGWC7FKOTNAIMADY
                0x000050ea                sym_MSDDP3EWU2FTBTPVQDOXVJMLDHAPNPXLB73QV3Y
                0x0000517c                sym_TQOU6M5FOJGYBQ73ADAMFJFBW345AJHKSTMZKNQ
                0x000051a2                sym_7DWOD7SEMRDQN25QQBA7GL633DRWMBBVYEHKOKA
                0x000051b4                sym_ZXM7KZCJVXF5JQS53RSDXIJ4HMUIELSZ3E43YFQ
                0x000051bc                sym_EYIHOGBWBCMB5KSAAVLK6V2XC2PNYI4CUGUZRMY
                0x000051e6                sym_VOWAB7CX7QR3QZO4BOMEFRG3OQVIEDUOTXDSIZQ
                0x00005204                sym_44PAL7VRDLM7JAHHE46SH64ZILJVRWB7LYZHG4I
                0x00005236                sym_G37M6IIXFP43ACRKNNFX4CIGVJGGHQJ62ZJ5TTI
                0x000053cc                sym_VWMAAPGCLGQ5Z6CD2KI474B7NPI64O5JSYC4IQA
                0x000053da                sym_EDWYWWOVPTPFV3Z55MASQ7NBMJ6VJV2YJ5NJFXY
                0x000053e8                sym_5A4EA5LJXLZOQZVCMJ3B5WHRWAZTDPPT4FTLURQ
                0x000053f6                sym_RFWZ5R5CI3HW4R2PKHFDZ37NU6CJLG6TTVVZVKA
                0x00005404                sym_JQM2WWJI7S66CVG6R2NEXVWVCT2O6CZPDZZ5KNA
                0x00005410                sym_VJNRGHIR7ELVJENCYQC5RIPCUPX2VX4A3IEKHHY
                0x0000541c                sym_VTMDBGLZE2WGLHZSX7JBXYGLFSBQ7AMM2A5ZTSQ
                0x0000542a                sym_L6XFXLQGH6TRVL3WLLHFB2XFRTL7I2CR4PFZAMI
                0x00005438                sym_VPLDJVLJZRXEBZPXZSZBIUFXNPOM4J3WUQDCDDA
                0x0000545c                sym_6UIPLHUAUDJDPQ252CIFYJ554MCYAGHVY4SE2BA
                0x00005468                sym_SO737I3L3T3BRL64Q6O2SHIU2IXOPXH3VLQBGYA
                0x000054c8                sym_Z5S77DHO7IJ2OAPETZGDFM767AVP4X3TD6IL7LQ
                0x000054d2                sym_R4LHXCKUCCG3GH46LEUM4IEXUVEH7XT37EDSJXA
                0x000054da                sym_3U65HWWDD4BIASUBTLJQLCDWNJOYR7HI5DO5OSQ
                0x000054f4                sym_FXQJRT7N5NIAYY272CA2IROBP3TV2MPM52QOW4A
                0x00005500                sym_6KMYB7KROZMEMT6YSIVF42VABROFGUFPC6PPWZY
                0x00005536                sym_XTRFJPTXAQ4KX2C3XBZMMK7FUJHSIZPMOYQ2ATI
                0x00005556                sym_5HSM2RKVEPKF7FUGKJWHS4URHGR4AH6BCAWXM7Y
                0x00005574                sym_ESUJIO36FEHZTUKSIGLRTZRDN4G6B5RDPJLYQZA
                0x00005582                sym_EJUZ2VVRQOLKKO2K4REVFWHUO7ZMATHAV4ITWIY
                0x00005590                sym_SQEG5KYGT55HZVXQ4IJXR5W7NX2W67NSE3SYCWQ
                0x000055a0                sym_R4FJUAT4RW7E7E43LFJASMP3OJR3I5G2CUFXAQA
                0x000055b8                sym_GLWDICGKUEZXGEK5BKUURG7OTDG4LSRCSXB2S6Q
                0x000055d0                sym_K7EURBEHHCYZ3YLCGEGPGO6ADLN2XNVXD7Y3CKI
                0x000055e6                sym_B7PQ6ZZKCMFWKW2IVLSLV4DPIZOIVTQ6BUWQBZI
                0x000055fc                sym_HILCLKD2LD4QR6HGJ6XX7GZXOTPEPAA4CY7UU5Q
                0x00005612                sym_TEFIALEYGDWZNVCI6J2TWNGI7MKU467ZDEG2H4A
                0x00005628                sym_E4VPLC7J3FAWSHJRVSLGHG62SP7YJ42FQEEG3TY
                0x00005678                sym_EIVL4KKZPHMST47HBVKXLDQR6UIGQCQZHNSSO3A
                0x00005690                sym_RC45MM7ZSJ5FOWOPKX2JLTR2BLAMICBDHZRWZKA
                0x000056a8                sym_ST76TO4WQHPER5HWK4E5RWSDMRIAFCLJD2S6RTY
                0x000056c0                sym_QENYTAHS6ZILHM3DSYGRREQXVESB6OSLVO52TCI
                0x000056f0                sym_DXGJ52CM5T74Z3OJ6E5PYUSQ34NXCN6MJXSOKDQ
                0x00005718                sym_SUZA2344HDTRBAWMLWOVMZVDGXORN7EHZFROHQQ
                0x00005742                sym_6HYG22DBQAOSSB5HUY6KXHVLMJRSV5LJY3ZPVOQ
                0x00005776                sym_6RULORPNPYSTIA3K2O2L2WMXNENAQQ5QZEMFIOY
                0x000057ac                sym_OWCN34CNBSBY2AKY7FUEE3AO7OJVWKFQTXWJE3Y
                0x00005808                sym_NLPIWM4VTYIZWDFQH2WPLEIHTIGNMYMZHECY45Q
                0x00005876                sym_4SVQMPT754VXN2AWYY6JE7KITHSHSLYTNUBSWZA
                0x000058b2                sym_L2Q2RRM2AUTHKDBBOOJKGD25HNDEXGOAO2RVWJY
                0x000058b6                sym_D6WSZJGHBVSNS7ZN6DCIU7W37KOBRFZ3D7V2IKQ
                0x000058bc                sym_5J64OSX6B5PYXNSLHXY64ZK4MCPU4BDFR5B2EQI
                0x000058c4                sym_CMMUKBFEN34RLIIRSEFPKBIQJWPQDEIT6AI6BXA
                0x000058c8                sym_Z532D623Y7HDGW5WU344Z73EWIA3AYTZGWVFKIY
                0x000058d0                sym_P6K4PWFIUTLB5PEOIIMIJKUC3RGJ5ERWNYQK34Y
                0x000058da                sym_TAMTS6KFPTMUNJ2XT7RULIERVD6RGZJIJAAWKVY
                0x000058e2                sym_PFTIZWCMDXYMWR5F66OU2IHFLKVK2YXENEPZB6A
                0x000058f4                sym_EOE7RCWYZTQTYLZCEHNYGGK5PGBGDVX2QYNB2UY
                0x0000590e                sym_MCAMJAIBJDD4JPS3OAKE3HA4IEMPLSTZ46SLXYY
                0x00005958                sym_UW7UHI7YXZEM7ILBVUNOPL56EYZPKQPCGAGT25Y
                0x00005a68                sym_7CQPRIENPSEG44TGL6Z3BVGO7DIMXJIZVLL4DWI
                0x00005a6c                sym_NQQTFSL3WCN6SCQIPUVO7DESTG2ECC7O2VV3DYY
                0x00005a70                sym_F6STTA77YYPZPUF6WQY6DL7T46CQCVFBGWEXIOI
                0x00005a74                sym_RFDF52I45CER5LUFD5R474FWGPTOSAHNLW6EPTI
                0x00005a7e                sym_LEYIZPBOI2PKG47UR5J6WFU4T4IX5ZZDLADCRLY
                0x00005b1c                sym_2OJG5YFPYDHL3VUNYVXHH6Y27KE7XHUFLBHQWZA
                0x00005b44                sym_IMK3IZ3C7NOJ5XZPSVYNCWOTZ2IVUCMP6BNCRXY
                0x00005b66                sym_CC6ASXFDKOM4QD4FYSKVEFIPQGONA3EMOYNZ2CA
                0x00005c2e                sym_QQ3PNV3RVDSV6LEDQXN4XXRZP7VPXW2GS5NYXLI
                0x00005c72                sym_AD2RQWSCG2GVJEMXBHRIZTWGHZXL2ZWCR5XI3EY
                0x00005cac                sym_BFIPXLLFAR5HE6DSBETJG7QCJNIU7WQQ6Q7ZS6Q
                0x00005cb8                sym_263K46O3P43QFYIFDGUP3ELMIEUR5F67EKYH3SQ
                0x00005cc8                sym_3YAJK645W6YZNYRGQMDJ4T4R3VYDFLOYMI6SG7A
                0x00005cda                sym_72GD6I5ODAURVVRK5WLBXAV5HJMLB6S36IX5NCY
                0x00005d10                sym_MJCF2WRL4I323V23HKVENOJWV5IXH54R5X6LJRY
                0x00005d42                sym_QXKT3PVMDTZRAAU2QNTWO5VOUEZ4NW6TWISREXY
                0x00005d74                sym_XNKGJJJE2Q3TLFOQ33MV3C2OFGYRXHDPBWQAJTY
                0x00005d76                sym_TI23NT47JHAASZYSOMMS56PY7FURBPLZCWALPBA
                0x00005d8e                sym_REO6MG4FRJTNQQ56RDJDYGEWFEO5TFVYGRW6OLI
                0x00005da6                sym_TAEXPHNSP26UANNL6HZCGY5BI4KC2QDZUBGOR7Y
                0x00005dac                sym_NKFCLZ5HTE6KVHDV5DGZ6TJP4KSZI43SYBECPRY
                0x00005db2                sym_65LA7GM3MU7DDFQKTB75BYTZMPMROSWKS3VXCNI
                0x00005dd8                sym_AGWGY6I3YKHHV6TMAWL24HN4IKGOB7PZYXPWBRA
                0x00005df8                sym_IXGTNRGKILIZPWG2NJIZ2ALUPW2IM3XFVCGJW2I
                0x00005dfe                sym_JHXS4T25BAYOMDDZMWPX3HMPENRV73GSV2RYHAI
                0x00005e1c                sym_54CHYGRI3UHSVLN5ZOGJESXNRISJW5CS4IYBN7Y
                0x00005e40                sym_V7MOOXL5SOLISKFFGWJC7M3XDITU574WBQOXGWY
                0x00005e68                sym_BGPX36PUCNVPV3544HQ5RQFY5WG7CJAFVVBI7AY
                0x00005e6a                sym_QKSVBALUN2V4XT4OCC56LE75IAYLDFRRIVLBZ2Q
                0x00005e90                sym_WCOWXKSKBH7DOKKKINFZAPWXKW4NYAUCJWTUKBI
                0x00005ebc                sym_AO3U45UEGFLUPMT565ZR5UWUQUONF5AKILLCT3A
                0x00005ed8                sym_SKMZWIM7P4M3RGOEIN3DTVMYPDZXQTMHZI7K3AQ
                0x00005f3c                sym_BLMJ5IIKWMCUMGRAJC47JTAD5DUGOY4TIBII5HY
                0x00005fac                sym_FEGTISSRZOTQRK4SD4MRDIWBV3TTZYGCCKXTY4Y
                0x0000603c                sym_J4NWMRMCG7RYO342PTMJRJ2HQEKT7SCETMBVQDA
                0x00006162                sym_LH2VB7IMRXMGTCCJDOMH7JXYZ5MZLQ2OSANOJDA
                0x00006178                sym_4WIY2RAFLOZNOS4O5BEVWEYHIO3NV42IZ2Q2NWQ
                0x000061d6                sym_KC3JIKE7HTERE3Q3BXMRUIDPAENUZKVBIDO6ODY
                0x0000623a                sym_WGJLFS2PDN6RZG7JWUITZ3W5MGJYYXFXIKI3GGQ
                0x0000624a                sym_NGJGZTNK6YIH3QX2NKB6A6MT7N5AOKWA6ZOOANQ
                0x00006258                sym_UEZ3FVWFJ5XVLQBVVAHW7UTXVCC77F7ZYGOMLTQ
                0x000065f4                sym_BDDELQSYWHVCCHSF6HGFFAORZOC56R54KIF45KY
                0x00006602                sym_3NMQXTBVJ27TN5IIVET3BSKEAUONNKTPZTYP2HY
                0x00006698                sym_XRU76NANM3C4EMKWQU3DF6CELSRNDV6766IKPJI
                0x000066a6                sym_GNUIHYMK3THJZQYGL7BBI74HDMHN6SBQQRVNSAY
                0x000066fc                sym_RYQA5YFFRJZLTYB2ISC2Y3WUY3XB3LBBL37F22Q
                0x00006704                sym_H6NC6L6VJY74V6C72Y6E5P4HGSZIVJQXMUOQZ5Y
                0x00006714                sym_NFQK2HO6DBYRYVUCFLRI766EKAAKCM57FJRRS5Y
                0x00006748                sym_YF2VQNE3SPU5YKB3A3LOAMSL2CYGM7IACZ4YDTQ
                0x0000674e                sym_LSTFJ65CQ656SFAAVKHI4V2BNMWQDFFM7SDFFSQ
                0x00006758                sym_JIJASGQH4XEEPZL7D35VQHVPKKLANGDBS2M46NQ
                0x000068ce                sym_DHO7Y3FCK3ECIBBMN3G3LT7QHASZMT4HA4AV45A
                0x000068e2                sym_JBKNOQ33X56TRK2HA7ZYWX2J7DO6XM6C65TQTKY
                0x000068ec                sym_L2IWXNCKXJIQJRTEIIW7HGFEPJAQM34TKD2GOIA
                0x00006a30                sym_7M3JUUGD5O2FPMBCNLYSNKUZ5ZOQOWLN7Y6RMLQ
                0x00006a3e                sym_U7WTPI24N35WTMGPC25KDS7Q3PHHHS7M5KI6IPY
                0x00006a6e                sym_M7OTIJAFMGS6XNOB3KIKP2PSIWVW5IRGENKBGTA
                0x00006a90                sym_DG6VHZEFRVR44ESTRZM42ZEBJG4KXT7IVJESA4Y
                0x00006aa8                sym_MXQMR7VCP3XNNN4HEDJCNZSQSRWPC4I3ZWRZMHQ
                0x00006aba                sym_VD45NAZNLOGGVVD5JTOGXKZNINHWZNPETQGEFXA
                0x00006ad2                sym_DZ4VHVOVANVDVX7ECCNFNRACUFPY2WIUPGGZ27Y
                0x00006aea                sym_IFZUCMLNS5HF2FR34NZQEFEGWMVFNSDP65GNZJI
                0x00006af4                sym_OZGTVJXQN6XJTJPRKYKZISECFQGRJ7H2NVUOZCY
                0x00006afe                sym_2T6B57C7Z3NDT5ASKUJUGCCL3DBEO2AO4XX23BI
                0x00006b08                sym_YU3HMHUZPM7PR5DUQBMKDUTAWNSSB25QLMUQA6Y
                0x00006b12                sym_L5UCRJFFWEVVII5IYG6PAKIQHXM34B62KO6ERPY
                0x00006b1c                sym_TPWVJBQKX2TXZDZ4IZ6XDJYVEDFBPIX3TMZMRCQ
                0x00006b2a                sym_JWG2K5Z2IDS7IGZ34EUMCNHIOV34425FH263YQQ
                0x00006b4a                sym_4BHBBQGG3Z4AATH4MTZL2WFYY6WPEFHF75U64WQ
                0x00006b5a                sym_4HDCBJCT2JOHNORERPDEH2A3V47FOX6NCTAKLUA
                0x0000715c                sym_PY5KUATPBYOYJBMP6H7AVRPSEO7BZX2JK524O6A
                0x000074a2                sym_4FKJZF4AXR7RHM7IPPZMVUWU7W6MFHLX726TPNY
                0x00007942                sym_ID5SI2L6AD3KMSDR72YSJZGVIA6DEYQZU7WJI3I
                0x00007980                sym_Q6GAU4BFTV2AAXKYT7U5TUCFIHG7FGFBKKMXADA
                0x00007a7a                sym_RPDYS5TXULS3Z2BQR7IFNSOINXPPN4LN764SRIY
                0x00007ac6                sym_WAXMY55QAGCTLTIDQV34FPT2PPSDRT5VDN7EYYY
                0x00007ad0                sym_TLG2M35OYZCODNY6E6IVWNDSU5WUYD7HFRWHTKI
                0x00007cd8                sym_2MDRKMUWBEEGOFJZQJIGMGJR6YC75WQP2YUNEVA
                0x00007cdc                sym_Y75ZCU5NRHPUITF5X4ESQPM2JQCHATFZIXNZFKA
                0x00007ecc                sym_AYQJ46SPQWAWKKTPFPVEGTM7EKLUEVOAMA4CZEA
                0x000083ae                sym_MNJXNOHRYYYYPVI3TEE6XCIVRAJXIW7CMDDPWMY
                0x00008558                sym_32MURW7CSXICOYPMCVOPRARLMRLK4UASNCF4JWQ
                0x00008568                sym_YZ554N3225FHWC7CK3UNRUMI3O4SGFLKXVRCFXA
                0x0000856c                sym_XD3FX5TVO57NBJG4QV33FUOBCL7SNGB4OOT7C3Y
                0x0000859a                sym_UEYPZKGY2IF5BYZ3QDKK4LEW4OE7NWR6DH5XEZQ
                0x000085a4                sym_GDGGQ5EKEJNZBTEWASFQ2LUSL4TZGNXHPD7BDQA
                0x0000862a                sym_4U2RA2RXIRU5BEMWZTHT3PETZK6K62P2SAJVWHA
                0x00008670                sym_STP6UONGXHZIIGYZLLHSWZFO5DU7227CCUKBTDQ
                0x00008690                sym_PNT32LSDJE46MSUTWPAH2HUWQRO5OFWDB3SHPSY
                0x0000871c                sym_WI2RDLNIWKOV64CKFZ2EF2DRND265I3CYCBNK6A
                0x00008722                sym_ILVOLFEEJCI66RN2YEICR66DMMTD4LTX63YPZIQ
                0x00008f92                sym_3ZNIOFG7XMX7YS4WHN4QVNG3AVWN2QVSTHUWDXQ
                0x00008ffa                sym_RPU47CELOEFE6QEDGTIIWZGB4XELPLNKO5IHKTA
                0x0000904c                sym_FY3JF6XBXLAG22E42UPFUU55A3QFAFZDUGSPAPY
                0x00009590                sym_IWCITVPPUY332JRWMVJAKISCC47TLWX26E2MXOI
                0x000095d8                sym_6PZGCXLPPNIPYHSAJRHQXJCKUI2SGZWI2B4DQZA
                0x000096d8                sym_2MTQAETLPZUE4ZJFGJBDUADTDDEDQL67CNLDYRY
                0x000096f0                sym_24SKLESBEZEAQ7XSDAQVJQD35IVFROKORCGBXPI
                0x000096f6                sym_5AXOP4FMWSDQG27BL6BIS5GAVXQZMPGL37SAGQA
                0x00009818                sym_WMA2OWGJYGOIIQV6R2LKF37IWYQHWWBT5LUJG6A
                0x0000981e                sym_TNVKCCE6LDZVHPQKTT3GUL7GTCM3S4JH32OCN3Y
                0x00009824                sym_FQCHK2QLF7THGK7G4A4OWWNXI3K2TVYTTB4U4GY
                0x00009886                sym_ECB5OPSXODMU7WL2DW3J4QJROFZEABPT2LGZ33A
                0x000098dc                sym_YK6IWY5GKQZZ2ZDYABW3XAEZQGAECOAED3HHDPY
                0x000099be                sym_EXAZKO22MNOFNIXIFHQ2Z4GAYMKBCE2UPJ6JSVI
                0x00009ab2                sym_NMGL3VPCLS5FWN6J5OP2RHYNADKEJ7ARTBZB45A
                0x00009bd8                sym_7XLJMDJLN3HFZ62N4AZADQFCXDQ5POE6FAL5P2Q
                0x00009bec                sym_6LWBEVS5N6UBFJ6K5O4DUS3F7KTJBABC35DWXIY
                0x00009c06                sym_GWLFBYMUVMRXAWJAYXMEGM7D57QYGUJF3J77TCA
                0x0000a97c                sym_KI22E7SNUU4SSUGQ7PUDMBEHERNXLLCCBKOZDTY
                0x0000a992                sym_PDDLBAI7RAK2OQ7ZHFU33L5KMJV5YKPLX5ITXAY
                0x0000a996                sym_I4MPPJWE5TYSC2ELQNUWYVNFYJKDDDI4E2NHKYA
                0x0000ab72                sym_OTZAOT4DEZSL3R4MXRNUS2BIBKPPCOEO2SMZYAI
                0x0000ab7e                sym_FIYSAC63N2FF462LEI76F5US34JKFTAQDSI2LXA
                0x0000ab94                sym_IYZQNCOB4T4XO27DREWRIWJFVHVS355NEDBEGEQ
                0x0000b344                sym_GRKUQI62F6CK2HPCZKZRWSZ3PZVCGXTWPZAIMJA
                0x0000b694                sym_RUQGL7Y7CEVCWXKLY62UGVRWLQYUPKUGTSH7NVY
                0x0000b6aa                sym_FHPTOTNL5PBAQCIRZIVTO2K4BEEFJ476CWP3LUY
                0x0000b6b0                sym_UFX5YQMS76OVX4LZ7T6GRG5R56NF5732ZNTZZJA
                0x0000b6bc                sym_KKOQ5JUJEALRBHUIWAQKNAAQOJ2UQAA7ECYDWQQ
                0x0000b6c4                sym_LNZ32QECMX4PB4V2EHP7VRKJTYS3GVVUKEYJ2ZQ
                0x0000b6ca                sym_HT64RIVISXSWFJE3LL26YHKQRTRRXKVEDBUUUOQ
                0x0000bf58                sym_CZFK26FRDZ53FUV75DOIMFWVD4RTHYB6I22U4LA
                0x0000bf64                sym_ULQ236TSMK6UJATLJCXSX5JBKSVB4ZM2NNU74PA
                0x0000bf7a                sym_4OWM6DBJ6JLAWH2MVU52MKC56VOOJLN34T33LQA
                0x0000c2de                sym_SQINY6V2VHFAHM5HL3H753H3QE3VQ7FWHCIJ57Q
                0x0000c5a4                sym_WCN6C6ROB2XGQKTGXN5OMY5TLRX5IYOWNO7A6PQ
                0x0000c5f0                sym_Y7AVZMA56ZL7YUO4EH7QCTNH6P3ZXX2D4F33L2I
                0x0000c62e                sym_4UMPVHCMNEM5ENBBHCLGXZREGEKKHKHZOKNMH2I
                0x0000c634                sym_JRMPLJGTTPBHRRZI5ILINDEERL6BQMJEDQSYRPI
                0x0000c656                sym_OYNZTQ3AECHJOG4PUK7RC5NT3NO6I7RHL4JJYYA
                0x0000c658                sym_Q3RLGT2MQM6S4H2ODVJHPDU44HGSYVXJV7676ZY
                0x0000c65e                sym_IHWHOAENEU2EYZP2UWQTUC6SSXGS5NNQSIFSEAQ
                0x0000c664                sym_ZULXSERCAZOVB2ZZ7BC6764V73TJQV72ZPWILSQ
                0x0000c66c                sym_P6ESEOOF3E3ZRYNBCJWJZXMT4EPJJMHF472YBMQ
                0x0000c792                sym_MLR5CH7STOYI2LOXCQCZOKSWTLBZCMI2UACPF3Y
                0x0000c842                sym_GO6SMKR2HVVODMDUG6XHGMJRVEQJ2XL3QPE3HDA
                0x0000cadc                sym_XVHXHV2OYNTH3WTK4RY4WYONB327AFUFXB3IZDQ
                0x0000ccc0                sym_BAUTABQSJLBAZ6GNH7KOF4MJMAA6NF7CDAZNOEQ
                0x0000ccd2                sym_62DUXM4M5AM4URNPP7IKDX3NCPAODBT4BMADGAY
                0x0000ccfa                sym_GHVM34OXBYILMDKR3F5DVNCQCBMJUJL5PW2RQYQ
                0x0000cd70                sym_JAE5CJ34QIQM34DAKQFWDERFAUN5NXFJM57HRLY
                0x0000cd86                sym_JQOBED6Y6P46KNYF2UD53QPDVNRPPOKMQL6EEBY
                0x0000cd8c                sym_WPF5GN3T7F3CCL7OKOL6G2LW47JA44MC6XIU4NQ
                0x0000cd92                sym_KO3VCNGABVWM4325342CFFPZBSXFKFARUCMURAY
                0x0000ce44                sym_PLOW4TMGVQT52FP2ERNRL6S5EELE2YO563WRPJA
                0x0000ce56                sym_EFQGKM4FX4KOCTBEYNRZUVU5UGVDDD6DFLNBQVY
                0x0000cede                sym_2BBXDFQPFHMF76VOSFEBZ3IJMFY4GHDOALWDT2Y
                0x0000cf2a                sym_PG4FIYI7KEO2JZ6TO5RU4VZFZM7HP3VZIGKXMGQ
                0x0000cf30                sym_Z3745JZ5MC4MMBP2LFCOSP7OKPPVFDOPIURJWVQ
                0x0000cff8                sym_G6YVAU2J75AOT237PVQAC5AEQMWPZ6OKE6ASZAI
                0x0000d034                sym_FLX2PIIVHO3CLB5CJ7E7YSNFE2YWATNH27BL53A
                0x0000d18a                sym_VXCJNGKLJFGRH3VNNXSZXYVATPWGTSQFZJQ54RQ
                0x0000d190                sym_R5RFYNEZN3LQHKUKJDN3JLSNHLY4DPKXW3KZMYA
                0x0000d196                sym_WHSZ4VQHSDNZTVWJWAYGMNU7AWSUZKLKTBUNDPY
                0x0000d19c                sym_62B4NCI2CQZLPPINCQVCHO6SYLZVDAWVVCHWS3I
                0x0000d1b2                sym_RHRHCWPUPZHCOID576WBS7QZ2KAUT2GASS2T3QY
                0x0000d1b8                sym_QW6JOH7RCJIC2YFNJEURX5QNB5EIQT646EHIWEA
                0x0000d1f0                sym_F2LWAH27IT4H2IA7TZWGNABUCWINGT6MWXH2WIA
                0x0000d202                sym_YAOI5BW7G2C6EUUY2B4S7A3CWX63A6MP2T3O5KA
                0x0000d230                sym_4PXEOX4NDOTQDEECVX4DCK2R6DQ2UUS2CNP3ILA
                0x0000d248                sym_CCC6EEE4PTYUVAUTN2E6PEPXYLYHOIY6DAICDCA
                0x0000d26e                sym_CMDXCVZHYNPLMTHXOO2UL3QOD6EXLAZP5GS7LRI
                0x0000d2a4                sym_GKUVQYGVTZ7DKWBNC3M5TXN4XZ4Q6TUJFSFOWBA
                0x0000d2ba                sym_L5NT4KXGEDXZTIBIF6PJMXWXQJC7UYUXJYCCW3Y
                0x0000d2be                sym_IJTA37LCLZMYZVQ3I74HRUK4JDZEZR23VU3JFJI
                0x0000d2de                sym_NCQ5WTBCV7DGPK3QI3SSY5XGKOI2SE3XFCTKQKY
                0x0000d376                sym_ZTNYVYBM2UM3CH2NF2DF4CYN3OTLVACDURSUDOQ
                0x0000d3c6                sym_O5LFW2MVYNJQ6RDJGQZC3ICALFSS6P3N3TKPARA
                0x0000d3de                sym_NILI2ETYIVMR32XQ6WFMUWXYMXNONBSH2DACBCQ
                0x0000d3fa                sym_2X6ZBBHQKFJV27I6OQZLD4IRAL5JANEGA5N34WA
                0x0000d41a                sym_GV7ZEDU63KACGR6K3NXW7W7XARTADNTCQ3P2HLA
                0x0000d432                sym_EV54ITVX6ZJNRIULZTHEWNSCWW5GNYKPCEWELSY
                0x0000d484                sym_TPOICM6M7E6TQVAR7EB5IYJJ7MAGCXC7BSMQ6TQ
                0x0000d48e                sym_3Q2UQ65DVTXA3EZPN34QXGGEFSEA6HOSHLFXCMI
                0x0000d492                sym_DHR6XELGSD2MHYS7JWGEPSKXD43VLKKJDN33HMA
                0x0000d4b4                sym_QEQGMTIGG3AOZQY7JM4T2FY2O3KM2UFUMT6Q7PI
                0x0000d4ce                sym_3DXBFDJKO3IQEXOOHBMVXVTLDDG5FSS3TKAZNFY
                0x0000d7e6                sym_HEY3ASR5MAPRZMQHCLX76ITJZYOQ2OWWQGFPKUQ
                0x0000d7fe                sym_ODIQTAIRDNRDYKCNA6G2YSI7F2EB2RNBBTF6MBQ
                0x0000d816                sym_3LQGLF52CJLOKQOJSNFVLTD3CW6GGPJMARVGQNQ
                0x0000d830                sym_4NT3PFFI5Z6RN57T2HW54HJZ23JEQUTUQPJLJGI
                0x0000d93a                sym_I6CP23ODGJWRR4E4LKGCN5RJCVBTXYTDYCCXNSQ
                0x0000da40                sym_LC3ZEWHKON2ISXS533OVI5553RH2RKHRICHPDVA
                0x0000dc3a                sym_Y4XP65WNQQGU4IMAAWLFT4VSCMMNNWXZH3FCV5Y
                0x0000dc4c                sym_3TFIDXGVC62KMODQ6HTLMSJCJSCBTVKGMWEC7AY
                0x0000dc82                sym_33EXASPJCVGTQTCQK5EBKSNPDNE4NBE7D7W6NSQ
                0x0000dcf8                sym_J5GU2YSZI45UA3YHIJMMX6SWAYPKQ5HXJLXKPXY
                0x0000dd5a                sym_35JWAFJL2IEYRDNORVIQ7BBAS7FQNUVOFCLQNSQ
                0x0000dda0                sym_C5MZWIO7BXLJIO65K7CGSHP3SLST2VORSHVBOVI
                0x0000ddd4                sym_L64WJ6W52HQBFQCTPO5LHELOWQEJNMIWLQKG6JY
                0x0000de56                sym_ATHPLOWBGAIKG7V5SSPNEEN27AC3OGL2HEWE4II
                0x0000deb0                sym_J22YCCWNUNOSXHAJQUUQAO7YZP2SNXLIWISZVHI
                0x0000dee0                sym_76SF2THVWBBVUHDFLIXMTXOYE2LFAIMVFAFT26I
                0x0000dfb4                sym_K4XFYUFHWSS4WLYRDTKOJ7STOPYHBKAJBCXHBBY
                0x0000e00c                sym_75VOI5ZNFW3OXMHUCY2QF6IZX2BBZSQKA7XVCPQ
                0x0000e044                sym_CMGYAOMYUJOSH7VMLD3ENK3VLSIPR3DVYN2F44Y
                0x0000e088                sym_TUMFFBAZSPJ6EEFA6PPXGFY3NVRPDEBDYRN53CQ
                0x0000e0a0                sym_TQS3SWMJU7EP2VBAUOGCTI2HISXQ4NJDOLZ5FJI
                0x0000e0ea                sym_RWTEAM337KVE2MJTEL253634G3F3D3CX5EGNPPI
                0x0000e126                sym_6NROXJNXJONASXBRH4ZGPEEQ42PSH3YLRTC74GQ
                0x0000e200                sym_FRDCUWW6PTM2YTBQLG5XNT6WJGPFH2XWEMJXJRI
                0x0000e21e                sym_ZX776SCJSI3JTFST57XOZBXAMGDDC7FRRHZEJ7Q
                0x0000e32a                sym_N7ZC3LBWUJOAILVKSQ7VVQPJVGTFQ2IN2TKPVHQ
                0x0000e33c                sym_HFTBXB6EEVTEA6UN46QA3JCUQXJQH6HCG5AJGRQ
                0x0000e408                sym_CB3FDFEUY3F2NWFVYZOUMB3I5QKHLDIUWWP26EA
                0x0000e43e                sym_F34BIG3DAVATN4IHLYJVG2XLJOWOK44SMOC6AUI
                0x0000e476                sym_QOK2KYWK62QNZBQRPK2GPAU2IEJXSELK32IAUUA
                0x0000e4aa                sym_DSAIJDVMFSSNYDQYP4G3W4ZBYTG4PAWPSVOBJ2Y
                0x0000e4cc                sym_3GY4TYJRRJL4WNFV6XN3ATYT4MIF4FYTN3S33RI
                0x0000e4e4                sym_NREHYZNNGMA6T4VUMP47EJMM5IU7BRHAZURXRLQ
                0x0000e4f8                sym_XDZ2OHWEUBVVDKEXHUYEULKMIZVRQ77QI2ENP4A
                0x0000e516                sym_5SQGEOI2QIBONU3LMZVAMW3SSGU24TVE57VDLBA
                0x0000e528                sym_MKMKL77LAUBQ4JEH6ZOP4C62SMTD4ERFZLWH4JI
                0x0000e546                sym_OTIPANP3Q7VLW2BQGLZZUUDNR5HBSAYXJSFAKKA
                0x0000e568                sym_6A6FSIHLUNNAM2H65LFSFKBXCMGRSGO36R3DB6Q
                0x0000e600                sym_YJWWIM3RHASWWTC5FXJ2FVPFFWZQSPVS3K54SEQ
                0x0000e604                sym_CUEF4U262DXZTXWJXZXMWNTBHSOJAF5REJP2FKI
                0x0000e60a                sym_B3SSBQ27AVDKE75FBOZBFLCTPCNL4R36MQHE2VA
                0x0000e610                sym_ZJ2REXSOGBKJNHWVNXMDASZYI7CQBWWO2RMVAVY
                0x0000e654                sym_BKZP2NS6ZML5FASSJGDL3MGGCLMOR2QD3H4TIDQ
                0x0000e65c                sym_5JID42ESVW3PB7AVBNALO6R7DLTBIV3DUQMUPQY
                0x0000e66a                sym_CCESLIOCGU3VBJATTC6PPH4SR5FFTYRDAD3D4QI
                0x0000e678                sym_6GC7CC2BUFLCMQVOZDACHKZEET4WUCXSLEMHSCY
                0x0000e686                sym_IHU3CDUD7V5EYGO5QM2WYLAQW6XKEOXVHHEUZEA
                0x0000e694                sym_JSZQTGIJ4JZXNK3GS32KXGHXQNFDD7FM7SKLA3Y
                0x0000e69c                sym_K5Q3WMSYKQOD5SDB35E6WH2TTH6JWICUFV7AXJA
                0x0000e6ae                sym_6DB5RCXOJPQOKFFU6NVPIKFFBDKKQHZ2G3RH4MY
                0x0000e6b6                sym_6FJEZEEBKMCAKI6FMPGNQ7TUXYDPYPEPSNJFOMQ
                0x0000e6c8                sym_S6OULKDJTKEX22F3J634D4SCLUGD4PGWJKJE25Y
                0x0000e6ce                sym_AIYUY22PH5CFYGFYYYX5TRDP6GAU3UXOBISKF2I
                0x0000e6ee                sym_ZJH5YY3PWU3QSXNY3IFWZTVSE7R7I3DXTQQOTSI
                0x0000e71a                sym_MAMY3D3622JJLMFKLRQXSRTVOPUNWAAGSSCAVMY
                0x0000e73a                sym_7MYCO2FKZ6YHTU6F3FTBMPXTAZWDJC75TZKPP5I
                0x0000e76c                sym_2HXMMUCJKGABJMIVUEJMBQS7ZTJP6NBIQA7MM6Q
                0x0000e774                sym_ZABCSXCC24IZ55XFX7TBTMFFVBEZE6NFFBCDDXA
                0x0000e77c                sym_CTU7MOTL5TMHSZCRWD4TOSGRKHNDDERD2VBWHHA
                0x0000e788                sym_AFU66OBWZ4PB4N4LSRMABCYVRF5JWYDAGMHTFBI
                0x0000e794                sym_NBN3EOGXHZ4T4MCP2GVH2OEIRAUXH2O5LOUY6UA
                0x0000e79a                sym_YH5JTH6PWCBRCU43R3ZLZCWQDJFSFFTA7BORL6I
                0x0000e7a0                sym_Z7UCUJVBGA4M2SLMCJWIVRSNKBLNRWUQGP2EG5I
                0x0000e7a6                sym_ZON7MZ3C4HWSX3EOYGRKT5PQM6AICXJVGKVAIDQ
                0x0000e7ac                sym_REIURPOCBRL6AQI4JRJ2U6F4CIX4AJE7RIVWFMY
                0x0000e7b0                sym_4AISIMNAZ5DOHKHUWKWWSTM5N3DWMCENG5UCGDA
                0x0000e7c4                sym_5HQ2KR4C4UN6GY4IOFPU6HXAOEBFH7BXKWJREWQ
                0x0000e7ce                sym_CIBJ2KNMRWI4XDREVS2EINAWO2Z3P7P3ECK3PYQ
                0x0000e7ea                sym_MKTGIX2SOX4LPCFPLZWZXKN6YA5KS6GMWOO7OZA
                0x0000e7f2                sym_G76XDV6TGBB3X2IDLVECOBUR5TUIZ322PBL7DUA
                0x0000e7f8                sym_NKFDM24EUCRVY4OSXLTQVZIORRW5RQDQB4UJ7TI
                0x0000e804                sym_6KYDR3JNRMNBZD2D4KUEK2GB4RCTCKOQRZV2E5Y
                0x0000e814                sym_7T3YS7ZM6TRSXMQ2XWBEJASYAZJXOUEFW4XRVAA
                0x0000e8b4                sym_QK3E4NZKHCNMFGX3DNNKIGCLY2REMKD2JBKOWZQ
                0x0000e962                sym_Y33RLJYQRL6DT5FLCUJE4QFV5XO3CHTWHCBVOEI
                0x0000e9f6                sym_7FFMBSDVRVZYH5XO7CHX33376QMIMFS3BQD5N7I
                0x0000ea7e                sym_V2BZXQPNP7Q2P4CVYNHVSD2T3GLJDRR2FQ2IZTQ
                0x0000eab2                sym_D66UNDVZ3GOIW7NLNL4N37KLOXWCRBXVM75X56A
                0x0000eaba                sym_CYEMV7N7AHPPTI2YTL52NLQ5W4V6HWEZXWJTRZI
                0x0000eacc                sym_R7KPNPOQLQMWVQJPUBU45WO7G3DDK3Z5R6BXJNQ
                0x0000ead2                sym_V7H2M3MTBM7H2QADZOWCWF3DY44SEJODLUCCHMQ
                0x0000eb2e                sym_IVTUI2YPTNE4WQ2CGHYC3S7G6ANVFDDCQ3ROCRI
                0x0000eb74                sym_PVUEVCCU6GBXS4SSN6KRMQWGFE4INJ34NEDDTZA
                0x0000eba2                sym_FITQAUCWEWZALLHJ4Y4UNQWIKT43CPDMCVGNNFY
                0x0000ebb2                sym_AWCPVW2STH7CEB2YJBYMQFZ6JTJ3TZK2TTQHZ7Q
                0x0000ebe8                sym_VNZE4BZDVQNBFVBWVKSTESP2MV3PLABFXOETSUQ
                0x0000ebf2                sym_2OY4CBUPUQFBPO3TTOOGECQPSEJIOADUCURWLFI
                0x0000ebf6                sym_JHF2Z2TSL6QCPZ6Q2XYTPKKJ5235GB6T2JA5XUA
                0x0000ebfc                sym_GJIEU6SL6JWCCXBFUGLPARHNWNGIAYP4QLU7JWY
                0x0000ec02                sym_UBNNLBA4DKKLEAC7UHCE7LB3MM6GRVG2E367ONI
                0x0000ec32                sym_5SDKBJYBSI7H6N7I57UHK2YXPBZMDCUIIL7JVXY
                0x0000ec62                sym_66SPI42RVSYPTJAEZPQR5PX32WQ6ZUXVEH3D2OI
                0x0000ec6a                sym_DN2IKGUZIQHXJKC22UGHDHONA3ZRUIU75NBHRDA
                0x0000ec7c                sym_ELRVJ566H2Q5YXJMDYN6EGWXVBO3KTCYES4773I
                0x0000ec84                sym_DITVEYE66DDQBGMUJGOTYAH42JEW4YT34ZZECLI
                0x0000ec96                sym_GKRK3XFGL66NJ6UHW3QQ3FLUSPIURATAHUDDLLY
                0x0000ec9e                sym_TAEVKBCOSJ5DIIDYDDKCC7LNLD2Y34BLCFGFBSY
                0x0000eca6                sym_AQNKAYNIT4GTGTVAKOZJZSWZBN4I6FFKO6L5AXA
                0x0000ecc0                sym_ASSU5HSD7LU7BXC2C2QNNVLB6AOHO4SQ3KK3OJY
                0x0000ece2                sym_KDG27CITYLRG66Y5P6H5BVIHPU5DAFDVHM7DSQA
                0x0000ecfe                sym_ODGQCF3R3SKYBSK5DAN4W7243KP6EYAL3LXETHI
                0x0000ed1a                sym_SWJ3BNJYDB7LQTIT43HBEIVF4XDMHGP3SMBRMOA
                0x0000ed36                sym_O2B23O5JYMOMMFH6X6KNGJ752KMNUHBQLRFJPCA
                0x0000ed3c                sym_GKNOWO7GMUO66Z63YGKTWG2BRIW6TPGP7PUQ2RQ
                0x0000ed42                sym_6EFQIFZR7CWLGBOQEIRVR6K5AC52XVCYTE4XHAY
                0x0000ed4a                sym_CLMBK65KRQWY2JSWG7BYXAJVRACUXOCNFT2IPRY
                0x0000ed50                sym_SYUCVPKBWJVHVFRFN5N4446ZSHSJVKBYOSWHGGQ
                0x0000eda6                sym_47DI4XEWQVELMHMLOG3QAORXTXBJNEQQCHBWGXA
                0x0000edac                sym_Z4ZI42RGZMV4HNY7AR3E37XXZ7IMFK22Y6ETFMA
                0x0000edb6                sym_WMWALCDSCSGIPZVRYNPCN3Z65BL7HB3ZVUDUXCQ
                0x0000edbc                sym_WRY64WR3RHFREREX3ZB66OLRGKHGDAUZMHJMBCI
                0x0000edc0                sym_4JD2S6UEQ3QU45WT6P4HQLI6XCMF5KD55A47NOY
                0x0000edca                sym_GVKSQ3HVAAAYIHJ3KPHNCAN4HXAZB6BCZZN5T2Q
                0x0000edd4                sym_5AB6G7P3OU7ZCZERFQQ76H5BVT7C7GOOIDMBNLI
                0x0000edda                sym_RM2CYFWBBAMZ6QU7KT5244O7T6GTURMYRG2CBQQ
                0x0000ede0                sym_LUKCLDHCNTYPIERXKRT6RV5FM4MXDAYATWAIXQY
                0x0000edee                sym_LSOEOXZGNVP5DB6ZYJ7WAAXWSU5HO7R25UQZZBQ
                0x0000edfc                sym_5QKH3OGOQJ554S7QC42VJ26GHXIZTOVH7N4IVXI
                0x0000ee04                sym_3TJYOSQOHQD2677U7JVMG6ZM2AEKI337QVGY7TA
                0x0000ee0c                sym_GACCOL6OK5AZZZEY5D5QPNSIBJI3JJRDH53DCCY
                0x0000ee16                sym_HLH4KBER4ZQ33ZCWKFMAS4GXCD63YBGX6LUM4WI
                0x0000ee20                sym_VUV5X4H4Y5BCHQYQ2OODYEDUWFHSSL4GLPT4S5Q
                0x0000ee26                sym_54XCFVWGQWJGZMAGPXTD5V6OZSR66PP5XEOYE4Y
                0x0000ee2c                sym_FES4SNLGDB2HCH3XYZK52SHDPFDGL5NN3ARGNTY
                0x0000ee30                sym_ALFHFCPCHQINI4F6NU6LJJP26B4M2FERQPHDBAI
                0x0000ee3a                sym_MMYJZLVXCKMFPUNAECUW6DM3QIRIH47IIFXKCBY
                0x0000ee44                sym_5WASOMRPEYEGPJYIYCZL3MI6RFVOLW4PF3WQWXQ
                0x0000ee4c                sym_65OGIL725U6FQPGLZMGDICIUHB5S2P2UG7UZGMY
                0x0000ee54                sym_DPBBMGOHRJRJWIFBTEHPLVVPOEIMHXK2HYFFW2A
                0x0000ee5c                sym_F72ACBYKMJPI25JMH6PCTUEZPH6HMPJHM2HMJDY
                0x0000ee64                sym_AWXBPGMPTTTWF7DPZL5Q2JQ4QSDFRJFHKF3BIIQ
                0x0000ee68                sym_GPYTTEK2KDNR73G6ZAXHATMSQZASIEW24RTZFJA
                0x0000ee6c                sym_IR77N76GC2RMGAYGDAEPSAGD4DPXFGWMASI3OGY
                0x0000ee70                sym_WC6UZSDJDS7GHVUUG36QUD3XWMICRFA5JJX42VA
                0x0000ee74                sym_XNOKOPU7R2ZL4VYDMQPD5QQ2YM2WYINLYLRQ4TI
                0x0000eea8                sym_ATMVKJRU6FJAJXHYSHEXCCKRTDJACEACYJQFGVQ
                0x0000eeb2                sym_KIWKQDEBPWXHISYFTEC7I32RP3MHD6CJEPVDW6I
                0x0000eebc                sym_RPQNXSNTPADDKXP5RSAMGT6PEA6HJ6WJSJ5DQUA
                0x0000eed0                sym_6W4RP5FPB5JCJO3Z5DC4X4Z32EKMYTMZXAB3SJA
                0x0000eee4                sym_UFYK3MJMYTFXIMHFKFU3DLI2D3SWWQG22T3SKXY
                0x0000eee8                sym_GRRIKVTWBW2KWQ7YPR62UQBT5XVQYKO2LIWXODY
                0x0000eeec                sym_TW74WOC4KXCLZWAAKHVQNK3WZF2RUZYPAI2JBCY
                0x0000eef0                sym_6HFAHFLWDMEYCQ4GR3OXMWUSK4H5E4C2QPT3NZA
                0x0000eef4                sym_TBET44R4FJLPNUXA63JUSKM5XFPHAMK3HNPAA4Q
                0x0000eefc                sym_VMI6LAIHFJODZECDSALRIOKPVGLRUJ6WTCP43FY
                0x0000ef00                sym_OIELJZXQUH4XDAK7XBXBJX4CE2IIXWLOTEZEOSI
                0x0000ef34                sym_2AEWUZQ66QOZRZKHF7IFSSSWOGAXMPPQQH7267Y
                0x0000ef38                sym_V37KOABA26BNKOPPXCRMHM2FBYFAD7NU4IA7EIQ
                0x0000ef3c                sym_AG7JDKFTDFANNIOBH4HEQO2XNU7V2OR3R525SOY
                0x0000ef40                sym_I6A5ME4L4BDSYALCIKK2V6NRQKRM5QI7WNBE2CA
                0x0000ef44                sym_NLP6ZJLWFIKD5QFVY7ABRBTQM3D4LSEQ2Z6WRII
                0x0000ef4e                sym_OSKMCLAGDGT3TTGOTHZ4LLLF7F32PCB2BIM2MDY
                0x0000ef58                sym_OGBKIF64SC7JDPRAMLN7PEIPETP7P25APLSF2OY
                0x0000ef78                sym_Z7V4WMT2JDSQSNPCH2UEJH6H44L3L7UHMRIWAOA
                0x0000ef8e                sym_AV7I2ZEUY46L57UBHFPJXHTWHXUXBFM344LGDFQ
                0x0000efb2                sym_3SHBJNLJCMMV3N5AOUXDT7UVO7VSZ6C23C643OY
                0x0000efbe                sym_2AQZNK2CNVDGKU4ANCDXTSBWPWKRW4YBO2JNN6A
                0x0000f08c                sym_2N63RT4QVMVALPAQKHLFM4XCZ7MFZ3GZB4GER2Q
                0x0000f14c                sym_RGKYP5TXYS27EGT6ZHZS5EDDAZK5QGTWLBOBJEA
                0x0000f232                sym_5EMU3BEOS6JCQEXTZ5M5LP72YGJNCV3W3R43AOI
                0x0000f234                sym_G4TIIR7KO3GHFF45HCHTIL3RIPRK2LVDQADUYJQ
                0x0000f2cc                sym_4EFBSAGSBKYZBLKABLITCSSNOZ4D6JLJPN4XHLA
                0x0000f38a                sym_ZUFGUNQKQRINYDDQ2AFT3BJLR3IFVV6WJFPT3PA
                0x0000f3cc                sym_ZF7JA2GKDP2Z3FCB5B2ZJUN3IRIQGYGKY5CAPXQ
                0x0000f3f2                sym_5DE2U4NHVAWN6QD5Z4C5WWTNSSZOXPXQ75I5NXY
                0x0000f530                sym_BBCGHL23UJV466BYW2SHQ2OBUQH4NLFTPMY4GQA
                0x0000f6ac                sym_TBSD3DQE2QUVH4PCU4S6BIW7O4TRUZWLDQHOBHI
                0x0000f87a                sym_4DOGMDZGTALJPSDK26RDOFYJAUF2WWYUQSK5XNA
                0x0000fb72                sym_M6MZU5PVUKHQMWMMC4UT23L7SRBW44JZLP26X4I
                0x0000fb74                sym_6U62VIBY6WPT4KP3QY7W2LZRKLWWUQWTJ2TQOPY
                0x0000fdcc                sym_NQ2YKAI7UYAYOWGCBP64AJ3N7ES6V56MZPKG2YQ
                0x0000fe0e                sym_2NLJY3RIUYXQOZYTZ6WNJA5SS4UKGFLVECP5SQA
                0x00010204                sym_QA2HTUWXDQAGJZ32BSTQMVSMKKNETZBUHL37LYA
                0x000102e4                sym_ENTD4T34WRF6FTWNGVZR5V26X2CKWODGEDLLX7A
                0x000102e8                sym_XDQGAOJQ6IU5NS7KOROMAERFSWCW3D3MO2BIQLI
                0x000102ec                sym_5OKDNHIYSDG2NFFB242VCRESG3W37YENBGQLRBA
                0x000102f4                sym_2PTHETYGBZAPJ2ZKYDOVYDIWST3AXGZGS3MY6DI
                0x00010306                sym_UL6TXQTTOV34QCAIQPVPFYEQSUUJPIEN42CTITI
                0x00010332                sym_E3GR2VF26UUA2VWZ2Y3HIYXNU3SITAZBGOK2GXA
                0x00010380                sym_2DIQZNL4PQ4LJGTNCUPMO2N2CADFMWHJOSUVSUQ
                0x000103cc                sym_JNP3XPG2S47QWEENF5PX2JQ36HNB7C2PPNDBQRI
                0x0001042a                sym_FQNF6KMIBMQDKYS2BJP6ZB7BLEET53WUIWQK6FA
                0x00010488                sym_4J2T42QEEBU4YII5BYQOO72J6O3T642SRZXZNQI
                0x00010498                sym_Z6SWMDBE3FHPASES2GEZRCNTNJKSKBQXPSTEH5Q
                0x000104bc                sym_OH2GYDTNQL2GOMT5N64M2LRDK6O2PDY6H2CP6VA
                0x000104e4                sym_JLDLLKBNDO6T4E6HHXX2AI4IG5EDEVR7ET3G3HY
                0x000104ec                sym_VBKW2EEGTD4JJSNUU73GLQHLYR7TWOGYRMQYZEY
                0x00010510                sym_PMB4FUQR4IQVAL4FOP3PPQDDXYDFQIUYDVZ6DGY
                0x0001051e                sym_6WEUHXTH5EO2WNHHRM2I5SRIX3LTA3MNDOQBTAA
                0x000105a0                sym_V4G4DUSXVGCZMSYXHZZWQMKMNZCZVEEIBVCQ7EQ
                0x000105ae                sym_ARFXVVF4DL2JIIQASHFJMIOCUHMKDVBFL25PD3A
                0x000105c8                sym_Y5RIWFUVP4FHJFYC7FBZKM2MV7INK43TLWQ5URA
                0x000105da                sym_HBX5IW73CZMUT5RVJZ7I3PMGMR24PXIXXXSANWY
                0x000105e6                sym_5KZ3ESY4NUZKM5COQRZJAL6CXWIG2JSPGHV3RPQ
                0x00010600                sym_4JSL5B25NNB5WWK7I5BGUTCTKEZ4HYLOODANEEQ
                0x0001062e                sym_PYH4UVSHNWZESRWJUJ3ZT676FMQZCLVGBPGE4SY
                0x00010652                sym_NITRJIWYGM7PLEIQEII3QZID3O3DS62GXB3UYIA
                0x00010680                sym_E6FZ5SATV3SYIKB7TRIU3VVXP7Z56R744UO4YVA
                0x000106ea                sym_ASJQLNM5Y73IFTS4X4HWUIZ7NBRLTD6EDBBE6IY
                0x00010710                sym_4UH7J5YEG2BL7U7S6IZWRIW7ZBIBSJ3SCLJU3WQ
                0x0001072c                sym_CY3FVUNSUUR4I46K644NW3FXSFSLG3ETQWBRBHQ
                0x00010822                sym_PAQFQMAKUCMOA6SUTJ7CAX3DYCWNAJLJQFJCDNY
                0x00010860                sym_UUYGJIXXDA2PLZVOHTNYAR75YHG76CS6ACNZ2KI
                0x000108bc                sym_Q5GJELDUJDXPR5M7PG33JSPACOMZ32BYQV2DESA
                0x00010906                sym_JYVNTINWWHBNIBW6ZPFJYFKZBQTI25EUE75U36Y
                0x0001093a                sym_THL6EKGE7AKTO5JDGU45MV33YSIXORBRMDECS2Q
                0x0001094c                sym_IS5N626FV5MT54PZIWSKFZUUH6WWJWJ46G6YN3A
                0x0001095e                sym_HKQ7V7ZRT4GLUXECWBIODAWUF4IIDSU455UZJBA
                0x000109a0                sym_VT6ZFFM2E7JNVAG5YLSPAZYR4HOPL3X5GX3IH7A
                0x00010a00                sym_4POEZKL66A5T3356722OWKNB5CNFKPMV6JI3HEA
                0x00010a4c                sym_TWSXGABZDFOR6GMTPL43NA2Q7GCJDL7RARUHBMQ
                0x00010a80                sym_MBHLAUPQK3H6ERLQXCLUB2AQHB6N7MDDZSUQGSI
                0x00010afc                sym_7FOXGNIIIKWTK7LVO3GURVRGLMM3ARJVLEJOXQY
                0x00010b28                sym_PVFOGU2UL3BTTUXI6XWPLWPBM6SONWJ3DQKFLAQ
                0x00010ca2                sym_IP3LLUNJTDBIIPB3UG65MJFJZABGVNT2GN3EQPY
                0x00010d56                sym_6BIRJN2J2FO3AU7JB5PK3PAMKLR4PCJXVKJBP3I
                0x00010d60                sym_CNVWBND3CKNA7X75YYI34DQVJHIIO67GC5L2TOA
                0x00010f8e                sym_HAWOEWDYSIRPNLHC2NNQ4N4JQXSF4AVFJWINETI
                0x00010f9e                sym_7IOG66DQ6OROB57JFJCGMFYNYWHYGUZHCQ7JPTA
                0x00011074                sym_B53ULTNRMKMM2752DLWCII2MNWMNLLOI2TCFUOA
                0x000110d2                sym_EK7VKICRIXQCWAL5OTMUQJKN6PBP4AFQGV53JNA
                0x00011174                sym_5BMMTK2FX4MC6OHQ4NUB3RWLF3SEIIGIKV66JFQ
                0x000111e8                sym_OIGYDDD3MFZZU3ADASQLUMYO4BELEFEMD6A2VXY
                0x000111fa                sym_2USEL6R2GGJMMFO4XRNC6NIEFTFUU2HPLL2Z6FQ
                0x00011204                sym_QGWMW63RVCUF5WAVZOHW7BA24PCDR4BLYZQXRZA
                0x00011216                sym_WOLK7J5ES7P57ZMVXNQUWAYV6XJ7AZYSV3TL56A
                0x000117f0                sym_OVTAYAIM2HXXC4KB536GUWKDN6XBONTMDU2FIEA
                0x000118a8                sym_SP6QMTMO64XRDMZ67YB2WSKLJ4N7UT3EJPGUS3Y
                0x000119e8                sym_7SW25XKRUPEFRFPCXK7QR35MHFXEZCDXN225F5Y
                0x00011a46                sym_B6ZAB6SSXJM6TA2WDBDJONLPNSGZQHMWKKULUDA
                0x00011abc                sym_2OOGNLSSB5K32U3GJ2RMG36COQDU6VSPMHTF72Q
                0x00011bfc                sym_THCISJNP2ER2HFLUHGJZXHIPWIUIL2ZENNEO5RI
                0x00011c7c                sym_CT735EXQUXWPD7TNRP2WWTA3LGLYUEOZMPS7RMI
                0x00011cb4                sym_7YL5EH5YISPHYP3GLCPHHLYJDC4YFSU26ARBXOI
                0x00011cca                sym_CMMCSEDLHUSIB2QLUASKN6Q4ZQHCDFYB6OJTBQQ
                0x00011d5e                sym_7PNW2U6SZSMR5WSJWFIGO7AHXBGPULTR2AXOEUA
                0x00011d68                sym_A32XXMQ5QRPQRH3R656RZXETZB6Y54SG45FSCYI
                0x00011f24                sym_CC522QK4M5MTSPVPJNGJXKYD5O54FC2LFC3D3QI
                0x00011ff2                sym_L45ZDH7ERT2JU2EYJULISF6MIOPRO4R2CFYVZAY
                0x0001203e                sym_RXTTRBVT5IDIR6J4URK3YIQSRUYGQS75ZR3ABQI
                0x00012054                sym_D6Z72QTHOBKAEBKPZKUE4VJPVZJ36GAIUXFUHKY
                0x000120e8                sym_MVDV5RBWBEZV6THUS3WDA3RV4H6NH2D4IESH3IA
                0x0001216c                sym_XYKOVFYGOSL56Y753SKDQGINYTUFZGQJGBB54WI
                0x000121fc                sym_D3BVO22ZDNB5P42SIYACSGDFHQS4QFSVERKUH4Q
                0x00012312                sym_P35ZNYRPUOIDHAE32RQYT4RWXL5RC6UIZKLHPUQ
                0x000124fe                sym_HN6JPFYV5RALEY5SK42AILWQ3BESLOSWO6JLUAY
                0x00012506                sym_B56D6C76IM4AAFDQEOHND3OAZFOQIH7L5TPFHMY
                0x0001250e                sym_D6MVGRLHYJG252OE4SOFHNIQS6JTUDSSXUELC5I
                0x00012512                sym_KXE6R52JHXVKOK6AHXAXVCPJHWR4FK73UB2AK7I
                0x000125a2                sym_2DM5GQNBROHI7PDNQDIVTLWENS2Q5ZHESY5XK3A
                0x000126d0                sym_JU2KBYZVAT7EYGVZA4FU7TNK2PDUQNCWUBE5MWQ
                0x00012706                sym_NLJDQQVQW4HF3HHWCCOGCGX457WQXW2LVV5NUTI
                0x0001275a                sym_FYIHUHKV4DLEPRADEPLDQO3YFUPWZFWRUJ4JAOA
                0x0001278e                sym_ULWM63O6UPJLQWAHX3MM6KEQT4NBSDWNEO3LSBY
                0x000127dc                sym_2NK4L7GOM356YAJCQQOOHFA3BPKDFLPCZGBA63I
                0x0001282a                sym_APRSYIAAWNQEFS2BNOBCYUHW6K7QOWGMYBJYJFY
                0x00012852                sym_GNNWZJX3662WRFIX5OCHLN4MOMAPIGACZWUKXCI
                0x0001288c                sym_4V2EUV6HA5H7JOIBZ7KBD7ZED7NWNF24IDV4ABI
                0x000128e4                sym_PXPNES5TFHKILEX5EEOTQR6IH43BD3WO5Z2NM2A
                0x00012952                sym_3DCWNV7YJHHWZIPL2JQEI3XDHPZFZVOT73UNT2Y
                0x0001297c                sym_HPE5IPDSIXGBUE7MMBVEQDKMJ5HMDX6GALKQO3Y
                0x00012990                sym_RWX3ARC7RXCSYIP35ROTG7DUC5BPFDQF4B6XSYQ
                0x000129a0                sym_XQWU4MX22DPQIRRYTXBNWTH2DBYK7MH33FME7FI
                0x000129ce                sym_DVVOECRRYK6EAGDREB2UKKQZT5MAOOUK66XNPTA
                0x000129e4                sym_J2SUO2NMPPNDQZAGB2FE5TAXJFMJ5FZXKAPNVFQ
                0x000129f6                sym_3DQ4SO6ZAIABIQ5YYDRKDQGDFYGKHU74BTFBPHI
                0x00012a8c                sym_G3DCGEEAP42NN6SY2NYRRTZIWGNZXZ4S7X2Z3XQ
                0x00012a96                sym_TRVLODF3PGEW44ERRQK54GYRY2QYTOLTPMZN4YQ
                0x00012ab2                sym_QUF4FTTR76WGRIL7MTX77Z7HXTBJVBG4ZANSOZQ
                0x00012aea                sym_KKSU7G3PNQUIRAGBRO7DTTGN3UMRAQC4YPMJ4FA
                0x00012b0a                sym_EHLKCNGTV4EMEVFMYR7ZN37MC5DOWH6VQ63PCDI
                0x00012b5a                sym_224RZ2DP7IR3ALYYINY5Q555S4YHO454K72NULA
                0x00012b64                sym_FFHGUH2C26OC227L25ZQKB5MT3EI7AETFONHCUQ
                0x00012b9e                sym_XOOTGCSEAKA3PUKZW3QYB4DCVC2FKUP2TS5AZ5Q
                0x00013200                sym_QKKL6F2JHHCHTEUPUOJJNSBFNKH3IZRJZ4NKNLY
                0x0001344c                sym_436OKKOGR27QX7FMSZKYSEYLCMU4ZXR5RN4XUBY
                0x000134b2                sym_ONVPV2DV6OK6HG537JAHRS5B7G22RD24D2QGM5A
                0x000134c2                sym_43VAZS4NQXUMOPHD7W7SYFZ3WJ6KGQYQH6UOYPQ
                0x0001350a                sym_IPYDOGNKVSD5CNASNRZPFKSG4XKU4ZG4SVERI7Q
                0x000135c2                sym_FKGRLSJGPWDG44KYHTBA74A2ZDKPDUWGXHS3E2I
                0x000135da                sym_KQELUVJKUXDWI537IIFYFUVTNDSZOYYQ6RIVVLY
                0x0001362a                sym_PCEPE7AUORXF7ZCHW4OK4NR5WUDPPFTX37DFDKI
                0x000136ee                sym_YMW5P5Z25NDSJ65UXKIOBGVYROWOQOHJECRGWJQ
                0x00013704                sym_QHGHSVTF7L437YVLUCKKPDATAJPGFRYC4WKEE3Q
                0x00013798                sym_BWOW7IRAHQYZVS3PPGHEV5NC5WFIEH4A4RVZSCY
                0x00013a9c                sym_3X3XIYZ47P6PUIPMHDVYO7YOEUWBHGUNR26JAYA
                0x00013aa6                sym_DT76CGJPKTZTBYTJ74CI3APDNUWUPZSXP2BUGWY
                0x00013b36                sym_NN7F2AFPNY6STZCCSXFBV5372QVP4U2ULKNO6YY
                0x00013b62                sym_MVPTAXVMKKJKZSZY7URPZXTLDWW3HFU23KIS2JY
                0x00013e92                sym_KTO2H4NDIYSSQUUKE3NMMN4YAJAKAHZE3TQVHOY
                0x00014002                sym_QMHDNNOAJ4G3Y5S4NQPPUWX2NJ4XF5MN7JMRCRQ
                0x00014006                sym_2QCSOYKJNF32ZBJORU6CJN7O5NDB7M3GD4LTM7A
                0x00014010                sym_PFKJVDIBJBHFBUYDALAAP7MFUSMNKOWSNJGWRAY
                0x0001401a                sym_D6XBTQIVTZMCQHRTXBPUG4LJDRO2NQFVJZIEQ3Q
                0x00014050                sym_UEULVNDQB4E2WOIURLARZUGWNRNWHFWAZWRTJLI
                0x0001405a                sym_CWCJBYNEE73YTWZDQ2FWMB5MOYKQIAA5AHOKAEI
                0x0001409e                sym_MWLD7ADI4DKLCCAP7TV4Z4ALM2E7XBXHCX6LARQ
                0x000140b4                sym_WYXBJE6NWBKILRWDCM2MMYJSSQVAUS4Y4CIL3JA
                0x000140be                sym_7OT6T6H7FO6JJ5QUHQ372WKCV5GYSWESBFGUSKY
                0x000140c8                sym_CAWX7VFIWXNZLGUALKXHPOWKG5OUKQTCDAWDIJQ
                0x0001419a                sym_HTKBM4AXPDDAEAMJNV3SEGKNDOKHE4XGMB7II5Q
                0x000141b2                sym_DKYSP3NMOGW5WL2AN37B2ETSQMQQZYB63CFPVXY
                0x000141fe                sym_PO5RQ4ZVBHYPFJK4SYCYOP6R3FONUTV7XE7TXJI
                0x00014206                sym_UNILPC3WRTR35RH7UOHDW2CBEPUWSJ7EITIV3ZY
                0x00014230                sym_AVOBGEGUX6YUTFWKEXPDLUDRWZHMM2G5PRQSPTQ
                0x0001426a                sym_2P3U35PVPGI22WKCAIMTRDZZMPBUUYDSHVM74OA
                0x0001429e                sym_C6DXC74AFTZZCXMRWBEAHQAQL3FVDNYSC45JP5Q
                0x000142a8                sym_MTC4J2MZE6VAAPCSLUXPAJHBAOGCFLQEYGARL6I
                0x00014302                sym_E357R5GSET4BZKCOLPRJE7KKKMWMTNVTPX35LJQ
                0x00014312                sym_SPOA75Q2J6LVU6OSBDIHNSVXF4UIA7YYLMJNW6Y
                0x00014338                sym_RYEXTTI2ZOCM2CXR6YIX3LY4EY42JA2IAGTBDIY
                0x00014342                sym_Y3LLBAILR6W7PLNIFAS76NKLAMZYWOKXIQMSIJY
                0x000143d8                sym_LSVSDRPU6I3TDCLLOUEM2V2AVGSQ7RX4GJRYLGY
                0x000143e4                sym_JH5ADKYUIEBFPMKUMAVM7RVFHSJKEQWWRBLQ2AQ
                0x0001442c                sym_RWYVE47IYOKN6HUJXX45MVNSEW3YEDUTJAZPNXA
                0x00014450                sym_E2CRP72QBQBK56N4JLXHAC3TVB4DCKBR4JCPWZI
                0x0001447e                sym_XBDMNIW47VUZEYQHDGJMLJR7FCSF7PXYPBFHTWQ
                0x000149f4                sym_QD7ZTYZWXT5LTOZRTMU43USSWTYVFOUMSAF3DJQ
                0x00015046                sym_B5SHRQ6LR3UZ4HWWO7HDTLPWRRZYHZWVKFH25BQ
                0x00015158                sym_PUD4SG3QFQ2D3VXFM5N3RZXE6AO3WC74NX7S6SA
                0x000151e4                sym_RNYYM37CGZ7IPCRZLABOSSX3B42WCXSQVQCZKAQ
                0x00015d48                sym_5ATVDULIG6DGCAQSRDHXRO37ITSFNT7QVD7OMTQ
                0x00015d56                sym_N4ILSLKDZS6JBJI35QECDSPTA4MOGH57OAV3Z5Y
                0x00015dc6                sym_FAPOGCJRWOGHKT5FLSNV5WF24UMWLAL7BRWCABY
                0x00015dd6                sym_YQSZSBUZO5EU4Q7W67AIMPKVNIFTI5MUAOPKXFQ
                0x00015e00                sym_MZZ5CJE5YKBRI3UNENSSXM3SF3FKPPVI2OL74NY
                0x00015e3a                sym_SWPEAXAKUAMV34R7OIS3KZZ6NA7XHQ5XSGDVJZY
                0x00015ec4                sym_TU53X6U5TYCT4OO2I5MUE4REIO6TLK4QPK7T6JQ
                0x00015ed2                sym_L7CMEPMRYFUZ3O3PTD75QZHBQSONVXPRWDAZGMY
                0x00015eda                sym_LAYK5IGLYEFQ5CM2XGZHPMQBISU3CLYKB6Y3VWY
                0x00015f12                sym_TDESCM2KMVRARVKFEVRNM3EH3TYNKK3XE7WZ2DI
                0x00016262                sym_FO2KXXPMB6IQFAA5KGFFJWZILDAFSKWASS4B2FY
                0x00016280                sym_VT32C45B7GWIM6JWNGEA5DKX5ROTAQOVT2QHK3Y
                0x000162ae                sym_APQBQYVRLINLVCFXLBBEITGXGOI22AKEZA4TBXI
                0x00016422                sym_O5OKVEPVXGQWULJQT7IB7WKP5SOAFRRRLE3UUPI
                0x00016508                sym_OMJ3SW7NEDZYIEECEHTEY7EFLFDPDBULVOYOR3I
                0x0001651a                sym_LMI3LP3R6KH3EDUUHFDUDERKSQUBPDIRS5TAKBA
                0x00016548                sym_JTIKMLCGUTKDFF63VWPPW3JFFVV6QHMOAN5I7EI
                0x0001654c                sym_32GRFSJCSG5GDQFQ3JBB3E6V4TGEO4VM6NS3TOQ
                0x00016558                sym_R2VJKLSYF5CMGIG2T3WINKKX7554IB2FFBHA6RY
                0x000165e0                sym_JU742LCDLL7PZRKE4HZMDATVAWDO5RTNLQEGJHI
                0x000165f6                sym_YF4J4DGFDTHAWVS7CGH7Q6ZE54T3BMAUQX7A5ZA
                0x00016618                sym_53QCUFQJL7THPXPY7D52APAWVSXMBLEHKKOMHIA
                0x00016620                sym_EA2OIFOYBL536GCLEMSHJDFT7UVOA367L7FA4DQ
                0x00016c44                sym_KQKWNJ24IT4YTBY6WYHRKP6NRFYBAE2YIEDBBPI
                0x00016c4e                sym_MMTZDVZM4VKIN5FRNQGAYYKV6NI7MNHOMC7PKEA
                0x00016c54                sym_ZZR64W3RZ3WSWGD2OR4T45AQ4FKU7RMW4YX7JJA
                0x000173fe                sym_FD3YSKMJFZZ6QLBN5QYR4W3IEFZPNIDML2SRNFA
                0x000174ba                sym_PZUNZTYT7AZJNJFZS5D6BQSK2VUJ7IAMM34PDSQ
                0x000175a0                sym_ISR6E6LL7HYQGIFYQPUWHC72HFJNSE3PNKRJLMY
                0x00017600                sym_64HX2E4XZUI7W6V3KWAXUMCQ3Y3TK7QM4TKA7RQ
                0x0001765c                sym_NMFSQPWNRCV6HXBI7IE26MSQQN35QYITSFUP7UQ
                0x0001771c                sym_OGE53YVCDVSXCRWCTHIWFUD3N5GK3H27GWUSVTA
                0x00017736                sym_G3T75QYGDXLADVOG7TRD7S7FJG34FXA2B745E2A
                0x000177b0                sym_QEQ3U44ESDZWCO3BSF6YRZCNVA53QKJJDYOH4IA
                0x00017858                sym_3FFXBKVY5X23ZTRFF54SFBJLPNCARR3MOC6ZW4Q
                0x000178ae                sym_Y5AYENAOXVOJ7PKI6XJWLLPQHV2SD7ORU7EHAMA
                0x000178ba                sym_QH6ACNASCZIPLGXDLTGSQRSHW5NB7ZQTZZRK4YA
                0x000178c0                sym_BVZDVUWU4PRWNYVGSIZ45JXQOM3YRJQGWSNG3GI
                0x000178c6                sym_Y6SXBACDCME42BQNOMGSWASI6ZORAO6FEP2SSWQ
                0x00017926                sym_FWBDPDM7VY7WBRWZ3WP5JROXJKUZAWVORDIS6GI
                0x000179c0                sym_SVA6DLBGPY6XV2V2F4HOMHWDPSDIRD722L2FDEI
                0x00017a0c                sym_75TAEO5RFHKNVZFZHMOMYUKRALUIDEKJ3QZBZUI
                0x00017ae6                sym_DZTS4L2RU3BVZZFRH3V4WKNMY7L544NVD52YT6Q
                0x00017d80                sym_H52HT45NKP4WH3WSFKB24VWMURMNRNFP2GXLTTA
                0x00017d82                sym_GF2KXTTMDWAZ6UYJ4CE5MONVFRL2IKMTPAUESVA
                0x00017d88                sym_N4O5U3NJSTCGLBUPXQCZS42TMU5XHBTVV6MIOFQ
                0x00017d8e                sym_HMSDI75VU7HFAQMNQOPEPNYCU6BJWWMFKOT7BFY
                0x000191b2                sym_C4R73COZU7NKK6UAUGTJ6HNWDG7QPVROF5RMZMA
                0x0001957e                sym_RBN5ILBGHTLTMFBU6S3PJPLXZR54T4XJYV7F4GQ
                0x000195e8                sym_ZPJU5R5GDEFYRMC4TDZZOTGF3X7ZJAYC5F5EFYY
                0x00019620                sym_3AP322LX5PIMI4GVZ7JO5VXSHDSDLPGKXAH2IAI
                0x00019624                sym_7O4TUQ5M7Q3KRCIQ2SPFGVQDIFYV727FSNLFGKI
                0x000197de                sym_VJEPN3SDR5AQAFQ3NEQBRQ5LOSN3JDHOXS2M77A
                0x000197e2                sym_JMIQO3ILZD7SKROBEXXUMUGX2B5S6MSFF2CM3XY
                0x000197ea                sym_ELB4EXXRKBATZ6KCANX37LXPZBQQJSOFPSAT7UI
                0x000199ba                sym_IVQEDWU2IQCQRXV4LSTVJGUOGFD3ORQQY4SW3BQ
                0x000199c2                sym_XMSQSHOMUQJNNSSEXDAX4NHMQIFY5G5ZMQIBDRA
                0x0001a580                sym_UFTVJREFDSBPURDEOROKM62VKMGWPGDZVLS6S3Q
                0x0001a5b0                sym_P7EKJ5CYU44SSSPZYAFFVF6VZFO5OFGODV6H37Q
                0x0001a5dc                sym_LSVXUODGZJADVIFKOE2HEZJ7L3LTLJ5QUYERJMA
                0x0001a612                sym_HZQRLRATD7QSGBUH6OCD63VENQWJQXW3XLDATVI
                0x0001a66a                sym_QXDT7KTVP4WIIYVP6UYQSVV2AXWJIXUHHFSVLYQ
                0x0001a744                sym_BIDMG7YHRFQNLIKRFVSOGOT6IXZCQ6UEJKN52VI
                0x0001a75a                sym_2NT6W5URR5J5MBDGVX5E362NGRP3PCLLODQIR3Y
                0x0001a764                sym_3INZK2Y6WEC54L7BC5HKP7S3QMOUI3I3U4ISZ2A
                0x0001a798                sym_GRZYRVQILUNQMK5NIC7G7CBL2VND56N3CGGUZVY
                0x0001a7ba                sym_FLXKYQ7XXR5J7NG72XA2VMUUBD43S36VMVUNVXI
                0x0001a7dc                sym_4M5VWHCE3WLNOU2RRGTIHCODV7NB2GAB3G3ZBPQ
                0x0001a7f6                sym_DX6SBAFZFYOBKV6IDKFFUITCO65R6UVNM4PUOFI
                0x0001a814                sym_LOTFHGQTFUFWGX7HOTL4Q2XATGIJRVIMCMOYRMA
                0x0001a822                sym_MDF364N4PQDEA5ZGP5CB3ZDZVZM5Q32KSEZZ5HI
                0x0001a846                sym_XCEN5K7VEI2CAO42XW7S3FKM3HKMOCDCUFDX25Y
                0x0001a86e                sym_5DEPI2OGSPXE5OVFBPVFPSPYPRYUQ54QVVXIKNI
                0x0001a8b4                sym_MSITFZMEKFRIBNA2WU2C6VUZYGJRSJIVBH2SBPI
                0x0001a8d6                sym_KZ5CVONZGMGIGNMI7YD6HLN3FXAAJK6OMEJW6BQ
                0x0001a910                sym_ZG4AW57AAT4BVE2J2CU4KMCCWK46ENDRPKBYXEQ
                0x0001a960                sym_ZQHB3ANU2DANFLJZLZL5U4SPQ2ZDVUAHI35744Y
                0x0001a9bc                sym_TRMXENGHOH4VBQQZPIN222FLCEFU3Z3CD5C47DY
                0x0001a9c6                sym_2A6IJT7MGQ7OBCRC2X2OJJKRLO2X7VBUN6GSTWQ
                0x0001a9fe                sym_MPTBOXO4GVXS22JWYRRCOISMJOLOXU4T7IUQ45A
                0x0001aa5a                sym_VIDE7XVSTT4HHX2MQJX6VUVABAKVNGIPRTLRLEQ
                0x0001aa84                sym_3CD5EC6VYR6RXXLO3FXSZQ37BOYSM63APF5D5BA
                0x0001aaa4                sym_FYMYD324TMLKJZE62CZN4WTXFSPL6FPU2SZH6CI
                0x0001ab1a                sym_QQVHHHKNBN5TJBK4NCDSUYAMXMOEHFSL7HE7RRA
                0x0001ab6c                sym_XPKSFPKFBNSTZZU4FUMGC3XRHAVS24BBL53HRMA
                0x0001ab92                sym_6Q45YYTUN2KDQ5V5UGE3T2LTI5FNGX6WIJYLIDI
                0x0001abdc                sym_4ORUFB7CBNFCNN6PEVKJ5XYEQ4NBQWYAOMW6RHA
                0x0001ac08                sym_UX6VBOIQ7ULLMX3I6UDFOFZ6IT2DVZKKVIEVRMY
                0x0001ac3c                sym_RUQBFILZ5CHV2AAL6C3D2J5Y33TCCAPZTHBGZ3A
                0x0001acac                sym_2ORM7WHEENMS7XIJEHICWP3BYWWMKP4MLHSFBTY
                0x0001acb4                sym_JG3FLXKERY3S5SBPRH7U5J23J3XUE7OJESVKCZY
                0x0001ad02                sym_V67AIMSO57NYVNGXZF2PDQSJQJLITHU4KD4CKAY
                0x0001ad2a                sym_PA6VKMMVXYRG4QPOV5XBZ3GQNGOJSB5VXHVKAFQ
                0x0001adc8                sym_MLT6CXJFSGJ2S2IXLNJO4JNOYLSIUNVDSALAV3A
                0x0001ae16                sym_K7DVDHTWL3F7TVQBJD7AJF4MCRCM54IIDUOJLTY
                0x0001ae58                sym_EP3VAQLFLMU6UK5OW5A7IAQVZXTY4K6PQMSEVLY
                0x0001aeb0                sym_IV42JPIAEYK7E5NDQIOSN4TOL7FHPHFUHRIVYCQ
                0x0001af74                sym_LZLCMBXYRGNNSS6IYQ5J2ORWQO6TGPOEG4SEIWQ
                0x0001af88                sym_4PHPY4QEVZPEO6XICARVNSTSAZLGDZMOU44YNIA
                0x0001afa8                sym_JG4OWOPOBDSVKYOWPCJHHMQ7GDZVMOEUZX73ZYA
                0x0001afb0                sym_ZBDJ2Y5I72NG5GLPCDB32P7JVZVIRY3EZS6BW2Y
                0x0001afb8                sym_53FPWJRYQVPJEOZPLNZO6VOSTP72TYV5A36KFIY
                0x0001b078                sym_HE5JGYEZFIITGQL7PMATDHSORSCK7HJIY5UXOZA
                0x0001b07c                sym_BNUQ5CI25DXEDLVOULTXPCKLL6P4CJJYO4G535I
                0x0001b084                sym_N5IC2XFOXXR3VVDJTQP5OSFNJQ7HF7QNJQZYWVY
                0x0001b08c                sym_YLRTPBVG5ROXKOW4KXUYITRUY3FD2MVZW5LF7ZA
                0x0001b09c                sym_ZQE76VUU7S5U7DETTZA65E75LHFWL5PGRN4JPHI
                0x0001b186                sym_6PPYXQQOLTVZ6DHASA45P4Y6MOJ5US37OHECCGI
                0x0001b238                sym_A5S3P57NWYYY5XJWBYERU6H4QSVP5TCTU7HKA5Y
                0x0001b308                sym_WJZCKVDJU3WW5NVNH77DPRGYVZQLD372GLDYO6I
                0x0001b43a                sym_5QIGDHXAM2SCDVJXJWAT7JGBUAZDFIUNYLWH6BQ
                0x0001b600                sym_Y2NIMZP3EMDKSHPKEMKRL7FZGIRJ2IPLXSMRQMI
                0x0001b616                sym_BWNMSYXRFVGM5ZK5LJYZCKQ42M56MZW2ULUDPNQ
                0x0001b65a                sym_XD56LJG2JTRU4Q2V7WCY72EI3VTZICA3O4ERV2A
                0x0001b666                sym_NGVV4HA4PY4EE2FXBW3ZEH2K6Z3ODQTUSRVBIJA
                0x0001b676                sym_JE2DXOYRYG3BBPLK5YHQY7ERS7RRE4IJALVXECA
                0x0001b68a                sym_Z42VOMOCDCEBPOYKUWX3Q3QLSAMH33LFVQPQUAI
                0x0001b6a6                sym_YG4UROEKVB7ZBE5TWHLNJHYKSFBTXGBYAX3RXRI
                0x0001b6be                sym_KAAZJM32GSIU4TKPLUJU2YYLFZMPQBRNLHRSEEA
                0x0001b6ca                sym_5M6HSZNEV3YTSVWYETA3YYJUR5Q25R5V4KQDQCA
                0x0001b6d0                sym_LPFN6QJEOHBT4AP2K7MEYWDZW35U5VHIHXOA54I
                0x0001b6d6                sym_7CIQBS4FNO23MS6BAN7Q3LK45R62DBPT5FNCWOA
                0x0001b72c                sym_Y6HXZQJARJ7FDWKGPREPQGRRGDOQMXHDALUK6KY
                0x0001b774                sym_GGZBJWSMS4TUNNOCW4LRNMAJX6NYWDM6DE53H2Q
                0x0001b78c                sym_JSHLXOVZJZP3KPTLSJTCXHNIGRQ2VOB7UW7IQAA
                0x0001b7b4                sym_P5FHW5D6G52GF4SB6VZHRFTE7FTVOX2JIIAIJDY
                0x0001b7c4                sym_RXYEX777ZXB2E2DXJWDBCV7AAHWTCHNTLOSENBY
                0x0001b7d8                sym_PCLF3MATC3G3MYGRPG4ATMGCS6N4B7M5CSF2C2Y
                0x0001b7ee                sym_MTFJUGWJZ5BLP55VF6FAZP3YTFXVTBNVA47KMPA
                0x0001b802                sym_MV6YLFTX27ABEAVPYXLVBFBL4QEYOJZ2WRCTMPQ
                0x0001b820                sym_EZCFQXKGAFHY5HQVJOXWDLO45XWMEJQY5WUGZNI
                0x0001b862                sym_MBOR6QO7CTIMBTL5BVPURKFTQFZYFCUOAZ3M43Q
                0x0001b9a6                sym_N4NI6VS6FNRAH56VC7UQWDORNLQMPU3TWCJPVBA
                0x0001b9ae                sym_EMR2H7KEGRFFKS6A4P3ZPPGOJSTVXLGRI25MEYQ
                0x0001bfba                sym_R44W3PQ6U7VCV3EMS3A3NBDOCM7RWFJREBEFMWQ
                0x0001c018                sym_2BY3GPJCNWDB3BSSKBB6B2GDWEPSTDZGPIWIWLQ
                0x0001c0c0                sym_KHJZ2RGPVEPXDKV7QZ2PUJ2I364FCB35GWBF5MQ
                0x0001c10a                sym_CMRNNEG6M37ACHC2V3A2OSIZ6PZ5CIRURJ6734Q
                0x0001c114                sym_6D24UA55ECODZQOCR4V426J4SZI3DAEXJAGHRZQ
                0x0001c126                sym_ODI64LE2WWW5JHLD2ZT6HQFJHLOTWREKVVVJSHQ
                0x0001c25c                sym_L4JTLGMK2AWYAAPRB3O77773SG36X2NTZJ3FAHA
                0x0001c2de                sym_BAE5AID2574UQHWOKHY55745PJT6HXY2EXKBH7Y
                0x0001c30e                sym_KM5SKFVNZKDXUQ7BDD3RZ5UCA5E3ZDVNWYJVR3Y
                0x0001c34e                sym_WD6EQ3FQVKOAARDWHQJJC5SVKHQS7A2MF5YDCPA
                0x0001c39c                sym_WGW6HZ6PNLYQSUJALICWZO27AY5UJWYCU6B6ACI
                0x0001c3dc                sym_2EA2WBXQOKCTPMK7YNDR6QM6MTGHJCDTPZEXNNA
                0x0001c3fa                sym_7VLVVPDI26BVJ64XQBSGXOQYGQA4VH5APIPDGYA
                0x0001c456                sym_55XNA7W2CQFJPCH62ZAKHLPISYHJ7KMNREEN6EA
                0x0001c498                sym_MEIHG7NCZGGHWUGVLRGXMDTZB2OODFJAGHVWGLI
 .text          0x0001c4d8       0x14 C:/ncs.sojkk/nrfxlib/ble_controller/lib/cortex-m4/soft-float/libble_controller_s140.a(libble_controller_debug_s140_soft_nrf52__obfuscated.elf)
                0x0001c4d8                sym_L76Q54PU5QMWD4ASWFSBSYWNNOI5EOFV6LDENYQ
 .text          0x0001c4ec       0xc0 C:/ncs.sojkk/nrfxlib/ble_controller/lib/cortex-m4/soft-float/libble_controller_s140.a(libble_controller_debug_s140_soft_nrf52__obfuscated.elf)
 .text          0x0001c5ac      0x1e4 C:/ncs.sojkk/nrfxlib/ble_controller/lib/cortex-m4/soft-float/libble_controller_s140.a(libble_controller_debug_s140_soft_nrf52__obfuscated.elf)
 .text          0x0001c790       0x20 C:/ncs.sojkk/nrfxlib/ble_controller/lib/cortex-m4/soft-float/libble_controller_s140.a(libble_controller_debug_s140_soft_nrf52__obfuscated.elf)
 .text          0x0001c7b0       0x40 C:/ncs.sojkk/nrfxlib/ble_controller/lib/cortex-m4/soft-float/libble_controller_s140.a(libble_controller_debug_s140_soft_nrf52__obfuscated.elf)
 .text          0x0001c7f0       0x44 C:/ncs.sojkk/nrfxlib/ble_controller/lib/cortex-m4/soft-float/libble_controller_s140.a(libble_controller_debug_s140_soft_nrf52__obfuscated.elf)
 .text          0x0001c834       0x5c C:/ncs.sojkk/nrfxlib/ble_controller/lib/cortex-m4/soft-float/libble_controller_s140.a(libble_controller_debug_s140_soft_nrf52__obfuscated.elf)
 .text          0x0001c890       0x4c C:/ncs.sojkk/nrfxlib/ble_controller/lib/cortex-m4/soft-float/libble_controller_s140.a(libble_controller_debug_s140_soft_nrf52__obfuscated.elf)
 .text          0x0001c8dc       0x14 C:/ncs.sojkk/nrfxlib/ble_controller/lib/cortex-m4/soft-float/libble_controller_s140.a(libble_controller_debug_s140_soft_nrf52__obfuscated.elf)
                0x0001c8dc                sym_47MBMNER75N2M6YIZRIF4DAHSAATJOMK3LAIDCY
 .text          0x0001c8f0       0x78 C:/ncs.sojkk/nrfxlib/ble_controller/lib/cortex-m4/soft-float/libble_controller_s140.a(libble_controller_debug_s140_soft_nrf52__obfuscated.elf)
                0x0001c8f0                sym_6NW2356CNWAKKGW3LNEX2VHYKHEBF5U2BFM2T7A
 .text          0x0001c968       0x2c C:/ncs.sojkk/nrfxlib/ble_controller/lib/cortex-m4/soft-float/libble_controller_s140.a(libble_controller_debug_s140_soft_nrf52__obfuscated.elf)
                0x0001c968                sym_EIQILTLI5MAVHUV7GQWPDCEGFPGNGLVSWHBD6TY
 .text          0x0001c994       0x3c C:/ncs.sojkk/nrfxlib/ble_controller/lib/cortex-m4/soft-float/libble_controller_s140.a(libble_controller_debug_s140_soft_nrf52__obfuscated.elf)
                0x0001c994                sym_FU27Z5N4NUGX6SBANL2RWHZWXTKLN4BMUJ3ZRLI
 .text          0x0001c9d0       0x7c C:/ncs.sojkk/nrfxlib/ble_controller/lib/cortex-m4/soft-float/libble_controller_s140.a(libble_controller_debug_s140_soft_nrf52__obfuscated.elf)
 .text          0x0001ca4c       0x90 C:/ncs.sojkk/nrfxlib/ble_controller/lib/cortex-m4/soft-float/libble_controller_s140.a(libble_controller_debug_s140_soft_nrf52__obfuscated.elf)
 .text          0x0001cadc      0x2bc C:/ncs.sojkk/nrfxlib/ble_controller/lib/cortex-m4/soft-float/libble_controller_s140.a(libble_controller_debug_s140_soft_nrf52__obfuscated.elf)
 .text          0x0001cd98      0x14c C:/ncs.sojkk/nrfxlib/ble_controller/lib/cortex-m4/soft-float/libble_controller_s140.a(libble_controller_debug_s140_soft_nrf52__obfuscated.elf)
 .text          0x0001cee4       0x90 C:/ncs.sojkk/nrfxlib/ble_controller/lib/cortex-m4/soft-float/libble_controller_s140.a(libble_controller_debug_s140_soft_nrf52__obfuscated.elf)
 .text          0x0001cf74       0x18 C:/ncs.sojkk/nrfxlib/ble_controller/lib/cortex-m4/soft-float/libble_controller_s140.a(libble_controller_debug_s140_soft_nrf52__obfuscated.elf)
 .text          0x0001cf8c      0x4e4 C:/ncs.sojkk/nrfxlib/ble_controller/lib/cortex-m4/soft-float/libble_controller_s140.a(libble_controller_debug_s140_soft_nrf52__obfuscated.elf)
 .text          0x0001d470       0x6c C:/ncs.sojkk/nrfxlib/ble_controller/lib/cortex-m4/soft-float/libble_controller_s140.a(libble_controller_debug_s140_soft_nrf52__obfuscated.elf)
 .text          0x0001d4dc       0xd4 C:/ncs.sojkk/nrfxlib/ble_controller/lib/cortex-m4/soft-float/libble_controller_s140.a(libble_controller_debug_s140_soft_nrf52__obfuscated.elf)
 .text          0x0001d5b0       0x74 C:/ncs.sojkk/nrfxlib/ble_controller/lib/cortex-m4/soft-float/libble_controller_s140.a(libble_controller_debug_s140_soft_nrf52__obfuscated.elf)
 .text          0x0001d624      0x140 C:/ncs.sojkk/nrfxlib/ble_controller/lib/cortex-m4/soft-float/libble_controller_s140.a(libble_controller_debug_s140_soft_nrf52__obfuscated.elf)
 .text          0x0001d764      0x208 C:/ncs.sojkk/nrfxlib/ble_controller/lib/cortex-m4/soft-float/libble_controller_s140.a(libble_controller_debug_s140_soft_nrf52__obfuscated.elf)
                0x0001d764                sym_QWOE5H22ZADGJX5JSROW7BOI32Z6PPEEJCISNOQ
 .text          0x0001d96c       0x70 C:/ncs.sojkk/nrfxlib/ble_controller/lib/cortex-m4/soft-float/libble_controller_s140.a(libble_controller_debug_s140_soft_nrf52__obfuscated.elf)
                0x0001d96c                sym_2O2USXABBLL6KC7E5NJFOHR6JLZMSV4AU5ZYH3Q
 .text          0x0001d9dc       0x50 C:/ncs.sojkk/nrfxlib/ble_controller/lib/cortex-m4/soft-float/libble_controller_s140.a(libble_controller_debug_s140_soft_nrf52__obfuscated.elf)
                0x0001d9dc                sym_VDVM4QLBTRUPEGCBUXIK25LH2KVQWBZXHRBYEFY
 .text          0x0001da2c       0x3c C:/ncs.sojkk/nrfxlib/ble_controller/lib/cortex-m4/soft-float/libble_controller_s140.a(libble_controller_debug_s140_soft_nrf52__obfuscated.elf)
                0x0001da2c                sym_W447CEMR6K6QRW3N63PRPIR7NK6ENOSBFXLCPRQ
 .text          0x0001da68       0x40 C:/ncs.sojkk/nrfxlib/ble_controller/lib/cortex-m4/soft-float/libble_controller_s140.a(libble_controller_debug_s140_soft_nrf52__obfuscated.elf)
                0x0001da68                sym_UY2NI5OOASY6266A2A7GY3XEUA5M2CDE2WTVEIY
 .text          0x0001daa8      0x18c C:/ncs.sojkk/nrfxlib/ble_controller/lib/cortex-m4/soft-float/libble_controller_s140.a(libble_controller_debug_s140_soft_nrf52__obfuscated.elf)
                0x0001daa8                sym_J5F7QGRFPKMLWRNSXZXS5YI7BM4DUTISCOASCOA
 .text          0x0001dc34       0xcc C:/ncs.sojkk/nrfxlib/ble_controller/lib/cortex-m4/soft-float/libble_controller_s140.a(libble_controller_debug_s140_soft_nrf52__obfuscated.elf)
                0x0001dc34                sym_6C4FDDPHPYKBTGG23334377JD4UWAYAUJ276O2A
 .text          0x0001dd00       0x14 C:/ncs.sojkk/nrfxlib/ble_controller/lib/cortex-m4/soft-float/libble_controller_s140.a(libble_controller_debug_s140_soft_nrf52__obfuscated.elf)
                0x0001dd00                sym_MGCUANL7Q2CUPWKYBFLWSWSNXIEEYBPZTHT2VZI
 .text          0x0001dd14      0x4b4 C:/ncs.sojkk/nrfxlib/ble_controller/lib/cortex-m4/soft-float/libble_controller_s140.a(libble_controller_debug_s140_soft_nrf52__obfuscated.elf)
                0x0001dd14                sym_NFDFVOR5BUFND4TNTGYIYR4ARXJRXWSQ4PVFUKY
 .text          0x0001e1c8      0x2b0 C:/ncs.sojkk/nrfxlib/ble_controller/lib/cortex-m4/soft-float/libble_controller_s140.a(libble_controller_debug_s140_soft_nrf52__obfuscated.elf)
                0x0001e1c8                sym_CVH6S6LMSFPC2RM6I6LYWFRVOJUD3A6OCMG7AAI
 .text          0x0001e478      0x218 C:/ncs.sojkk/nrfxlib/ble_controller/lib/cortex-m4/soft-float/libble_controller_s140.a(libble_controller_debug_s140_soft_nrf52__obfuscated.elf)
                0x0001e478                sym_R4Y3KWNYX4PGGLE5X2L7DXMWMJUY3DOXD7LSUKY
 .text          0x0001e690       0x44 C:/ncs.sojkk/nrfxlib/ble_controller/lib/cortex-m4/soft-float/libble_controller_s140.a(libble_controller_debug_s140_soft_nrf52__obfuscated.elf)
                0x0001e690                sym_CFZK3G6ZC4ONUAYO2UALWQ4CBO7A6ADNAS2FS7Y
 .text          0x0001e6d4      0x210 C:/ncs.sojkk/nrfxlib/ble_controller/lib/cortex-m4/soft-float/libble_controller_s140.a(libble_controller_debug_s140_soft_nrf52__obfuscated.elf)
                0x0001e6d4                sym_DQFOGVCNU4NTOMWSL3IYDNCMIXT2LT7SZHL5IHI
 .text          0x0001e8e4       0x44 C:/ncs.sojkk/nrfxlib/ble_controller/lib/cortex-m4/soft-float/libble_controller_s140.a(libble_controller_debug_s140_soft_nrf52__obfuscated.elf)
                0x0001e8e4                sym_RPHL2J7CVNKM6GKLDIFI4NVAPZE2FHTYW4VJSJI
 .text          0x0001e928      0x128 C:/ncs.sojkk/nrfxlib/ble_controller/lib/cortex-m4/soft-float/libble_controller_s140.a(libble_controller_debug_s140_soft_nrf52__obfuscated.elf)
                0x0001e928                sym_SFR5TVV24PZRIRC5QGOHL2X436PUHKRY2QWKP5Y
 .text          0x0001ea50       0x8c C:/ncs.sojkk/nrfxlib/ble_controller/lib/cortex-m4/soft-float/libble_controller_s140.a(libble_controller_debug_s140_soft_nrf52__obfuscated.elf)
                0x0001ea50                sym_URFU24FFGR2HYB6CCPIPKPNZNMTWHKDYOATUJNY
 .text          0x0001eadc       0xb0 C:/ncs.sojkk/nrfxlib/ble_controller/lib/cortex-m4/soft-float/libble_controller_s140.a(libble_controller_debug_s140_soft_nrf52__obfuscated.elf)
                0x0001eadc                sym_ZC6NJBPUISWILQK6OTOBMJVVUT63JRIDGH5WNCY
 .text          0x0001eb8c       0x3c C:/ncs.sojkk/nrfxlib/ble_controller/lib/cortex-m4/soft-float/libble_controller_s140.a(libble_controller_debug_s140_soft_nrf52__obfuscated.elf)
                0x0001eb8c                sym_4FXF7BZT2IZ3YRYSE3Z2XCICKWZPGDZTXL2ECZQ
 .text          0x0001ebc8       0x3c C:/ncs.sojkk/nrfxlib/ble_controller/lib/cortex-m4/soft-float/libble_controller_s140.a(libble_controller_debug_s140_soft_nrf52__obfuscated.elf)
                0x0001ebc8                sym_IF4TBVJKPFAX3QXRBLEPLHPXVH6FT3QLP5B4VII
 .text          0x0001ec04        0xc C:/ncs.sojkk/nrfxlib/ble_controller/lib/cortex-m4/soft-float/libble_controller_s140.a(libble_controller_debug_s140_soft_nrf52__obfuscated.elf)
                0x0001ec04                sym_VJEK4XS7F73UVK3OKMWLYLJEHOD3EB5MY72V6OQ
 .text          0x0001ec10       0x58 C:/ncs.sojkk/nrfxlib/ble_controller/lib/cortex-m4/soft-float/libble_controller_s140.a(libble_controller_debug_s140_soft_nrf52__obfuscated.elf)
                0x0001ec10                sym_KRIFY7ONBBSU6QHFDWYLN5WQPGGEBIZW5444PSQ
 .text          0x0001ec68       0x9c C:/ncs.sojkk/nrfxlib/ble_controller/lib/cortex-m4/soft-float/libble_controller_s140.a(libble_controller_debug_s140_soft_nrf52__obfuscated.elf)
                0x0001ec68                sym_FWFSKF7Y324J5I4DZHZZ2GV72HRMZDZH74TAMPQ
 .text          0x0001ed04      0x148 C:/ncs.sojkk/nrfxlib/ble_controller/lib/cortex-m4/soft-float/libble_controller_s140.a(libble_controller_debug_s140_soft_nrf52__obfuscated.elf)
                0x0001ed04                sym_E2RIYRSOCW6D5KLLAHYEJS2AJLVKRUUW46ZGW7A
 .text          0x0001ee4c       0x5c C:/ncs.sojkk/nrfxlib/ble_controller/lib/cortex-m4/soft-float/libble_controller_s140.a(libble_controller_debug_s140_soft_nrf52__obfuscated.elf)
 .text          0x0001eea8        0xc C:/ncs.sojkk/nrfxlib/ble_controller/lib/cortex-m4/soft-float/libble_controller_s140.a(libble_controller_debug_s140_soft_nrf52__obfuscated.elf)
                0x0001eea8                sym_M4DIQOXJAE3BNHQBIUCZXAABSM24CWUEJOCU7DY
 .text          0x0001eeb4      0x194 C:/ncs.sojkk/nrfxlib/ble_controller/lib/cortex-m4/soft-float/libble_controller_s140.a(libble_controller_debug_s140_soft_nrf52__obfuscated.elf)
                0x0001eeb4                sym_2ZDZA75WOMRNSQ6XL7IZWAQKYFFSRJOGBGKPTIQ
 .text          0x0001f048       0xe0 C:/ncs.sojkk/nrfxlib/ble_controller/lib/cortex-m4/soft-float/libble_controller_s140.a(libble_controller_debug_s140_soft_nrf52__obfuscated.elf)
                0x0001f048                sym_UGOJA475OXR5HR5WFINUK27HP5BRGNWCZXQLKDI
 .text          0x0001f128        0xc C:/ncs.sojkk/nrfxlib/ble_controller/lib/cortex-m4/soft-float/libble_controller_s140.a(libble_controller_debug_s140_soft_nrf52__obfuscated.elf)
                0x0001f128                sym_RUQO26WM5KVVEW7O3OHCXPO7LLLXRBDPIPSWIWY
 .text          0x0001f134      0x178 C:/ncs.sojkk/nrfxlib/ble_controller/lib/cortex-m4/soft-float/libble_controller_s140.a(libble_controller_debug_s140_soft_nrf52__obfuscated.elf)
                0x0001f134                sym_GGVJF7ACAS77DU5QM77RZ5QQKN6X4JWLHPIRO4I
 .text          0x0001f2ac      0x1cc C:/ncs.sojkk/nrfxlib/ble_controller/lib/cortex-m4/soft-float/libble_controller_s140.a(libble_controller_debug_s140_soft_nrf52__obfuscated.elf)
                0x0001f2ac                sym_X2K67YH6UCW6TFK6NTLPZZFGWYHTTPZYK5PXHNQ
 .text          0x0001f478       0xd4 C:/ncs.sojkk/nrfxlib/ble_controller/lib/cortex-m4/soft-float/libble_controller_s140.a(libble_controller_debug_s140_soft_nrf52__obfuscated.elf)
                0x0001f478                sym_TSYEIN5CZPQE3YK6VECZD5C2M4LMXKKH6O7LNAY
 .text          0x0001f54c      0x100 C:/ncs.sojkk/nrfxlib/ble_controller/lib/cortex-m4/soft-float/libble_controller_s140.a(libble_controller_debug_s140_soft_nrf52__obfuscated.elf)
                0x0001f54c                sym_SZPD5VRSUPVHHOAPBQZAWZWJZN7DG2JOHP63CXI
 .text          0x0001f64c       0x28 C:/ncs.sojkk/nrfxlib/ble_controller/lib/cortex-m4/soft-float/libble_controller_s140.a(libble_controller_debug_s140_soft_nrf52__obfuscated.elf)
                0x0001f64c                sym_CPXNCG66C5WXYS4GOKTR2JEIS45ZVRZUCBYX34I
 .text          0x0001f674        0xc C:/ncs.sojkk/nrfxlib/ble_controller/lib/cortex-m4/soft-float/libble_controller_s140.a(libble_controller_debug_s140_soft_nrf52__obfuscated.elf)
                0x0001f674                sym_JZCBICE3ME5KHV6IJ2AOTVSUZGSLYUOB6GEDEWY
 .text          0x0001f680       0x50 C:/ncs.sojkk/nrfxlib/ble_controller/lib/cortex-m4/soft-float/libble_controller_s140.a(libble_controller_debug_s140_soft_nrf52__obfuscated.elf)
                0x0001f680                sym_CQWZ455IMTLTPY5LEEZHXHRRNX223B3HTDD45HA
 .text          0x0001f6d0       0x84 C:/ncs.sojkk/nrfxlib/ble_controller/lib/cortex-m4/soft-float/libble_controller_s140.a(libble_controller_debug_s140_soft_nrf52__obfuscated.elf)
                0x0001f6d0                sym_3SK52U5TD4ACVVYKWS6UI6ZPWKSLV6BW5IGCPJI
 .text          0x0001f754       0x80 C:/ncs.sojkk/nrfxlib/ble_controller/lib/cortex-m4/soft-float/libble_controller_s140.a(libble_controller_debug_s140_soft_nrf52__obfuscated.elf)
                0x0001f754                sym_2RWSEL4QI352J4UCJFX2OKZZBJEQCXC66YVX6SI
 .text          0x0001f7d4       0x58 C:/ncs.sojkk/nrfxlib/ble_controller/lib/cortex-m4/soft-float/libble_controller_s140.a(libble_controller_debug_s140_soft_nrf52__obfuscated.elf)
                0x0001f7d4                sym_AO7IDJTBMFZUQLFLRLEUMHZWK5ISLDQ2UN56FCI
 .text          0x0001f82c       0x54 C:/ncs.sojkk/nrfxlib/ble_controller/lib/cortex-m4/soft-float/libble_controller_s140.a(libble_controller_debug_s140_soft_nrf52__obfuscated.elf)
                0x0001f82c                sym_NTHAYWHYROFOKKCJHADL5E5LXSG6SRMDGXUJPRQ
 .text          0x0001f880       0x34 C:/ncs.sojkk/nrfxlib/ble_controller/lib/cortex-m4/soft-float/libble_controller_s140.a(libble_controller_debug_s140_soft_nrf52__obfuscated.elf)
 .text          0x0001f8b4       0x54 C:/ncs.sojkk/nrfxlib/ble_controller/lib/cortex-m4/soft-float/libble_controller_s140.a(libble_controller_debug_s140_soft_nrf52__obfuscated.elf)
 .text          0x0001f908       0xd0 C:/ncs.sojkk/nrfxlib/ble_controller/lib/cortex-m4/soft-float/libble_controller_s140.a(libble_controller_debug_s140_soft_nrf52__obfuscated.elf)
 .text          0x0001f9d8      0x184 C:/ncs.sojkk/nrfxlib/ble_controller/lib/cortex-m4/soft-float/libble_controller_s140.a(libble_controller_debug_s140_soft_nrf52__obfuscated.elf)
 .text          0x0001fb5c       0x40 C:/ncs.sojkk/nrfxlib/ble_controller/lib/cortex-m4/soft-float/libble_controller_s140.a(libble_controller_debug_s140_soft_nrf52__obfuscated.elf)
                0x0001fb5c                sym_ZWB4CI75AHTYQT23EFUNIJ2DDLMVCDPWWIXGAMI
 .text          0x0001fb9c       0x1c C:/ncs.sojkk/nrfxlib/ble_controller/lib/cortex-m4/soft-float/libble_controller_s140.a(libble_controller_debug_s140_soft_nrf52__obfuscated.elf)
                0x0001fb9c                sym_XLER5XAWCDHD7HOSGHE3HQVA7P67PTMU4WIQJXQ
 .text          0x0001fbb8       0x44 C:/ncs.sojkk/nrfxlib/ble_controller/lib/cortex-m4/soft-float/libble_controller_s140.a(libble_controller_debug_s140_soft_nrf52__obfuscated.elf)
                0x0001fbb8                sym_AF5XKA2WT4DMFZTLKHOBWE7E2EZAMLDDFPQGGTQ
 .text          0x0001fbfc       0x28 C:/ncs.sojkk/nrfxlib/ble_controller/lib/cortex-m4/soft-float/libble_controller_s140.a(libble_controller_debug_s140_soft_nrf52__obfuscated.elf)
                0x0001fbfc                sym_PEUB6CZG5CWXXD4M2S6OVBXZGDFOG4XII7USUDQ
 .text          0x0001fc24       0x1c C:/ncs.sojkk/nrfxlib/ble_controller/lib/cortex-m4/soft-float/libble_controller_s140.a(libble_controller_debug_s140_soft_nrf52__obfuscated.elf)
                0x0001fc24                sym_ZLTYEFBAMXHUGLY2I47U3EXKC6QBEQIC3GPNPBA
 .text          0x0001fc40       0x38 C:/ncs.sojkk/nrfxlib/ble_controller/lib/cortex-m4/soft-float/libble_controller_s140.a(libble_controller_debug_s140_soft_nrf52__obfuscated.elf)
                0x0001fc40                sym_QF5ZVZTNLB4V7LQH7ELTZG45KU7YE5LTJFFAQOA
 .text          0x0001fc78       0x1c C:/ncs.sojkk/nrfxlib/ble_controller/lib/cortex-m4/soft-float/libble_controller_s140.a(libble_controller_debug_s140_soft_nrf52__obfuscated.elf)
                0x0001fc78                sym_MXEZOAVPP5LXUOZ6LJGDWJ57JEG5BZ5YB7LCG7Y
 .text          0x0001fc94       0x44 C:/ncs.sojkk/nrfxlib/ble_controller/lib/cortex-m4/soft-float/libble_controller_s140.a(libble_controller_debug_s140_soft_nrf52__obfuscated.elf)
                0x0001fc94                sym_UZOVMIXHY2SDZSVAWFRK4RKQPHXNS37P2CLQ57A
 .text          0x0001fcd8       0x6c C:/ncs.sojkk/nrfxlib/ble_controller/lib/cortex-m4/soft-float/libble_controller_s140.a(libble_controller_debug_s140_soft_nrf52__obfuscated.elf)
                0x0001fcd8                sym_FYHKZOVAJN6VDDHY43FT7PF4YLRDHWRTEWHFG6I
 .text          0x0001fd44       0x3c C:/ncs.sojkk/nrfxlib/ble_controller/lib/cortex-m4/soft-float/libble_controller_s140.a(libble_controller_debug_s140_soft_nrf52__obfuscated.elf)
                0x0001fd44                sym_UG7CMBAYEZEKSKQK753P4TBTSPUXVRWUS6QJJOA
 .text          0x0001fd80       0x10 C:/ncs.sojkk/nrfxlib/ble_controller/lib/cortex-m4/soft-float/libble_controller_s140.a(libble_controller_debug_s140_soft_nrf52__obfuscated.elf)
                0x0001fd80                sym_4CZSFTTT34WDYFZKE2NSCSVSYLPHLZYN7QUTGHY
 .text          0x0001fd90        0xc C:/ncs.sojkk/nrfxlib/ble_controller/lib/cortex-m4/soft-float/libble_controller_s140.a(libble_controller_debug_s140_soft_nrf52__obfuscated.elf)
                0x0001fd90                sym_PIRI3CTIHOPR5MPDQRHBJRRZEA2NVOD4J3GXGOA
 .text          0x0001fd9c       0x1c C:/ncs.sojkk/nrfxlib/ble_controller/lib/cortex-m4/soft-float/libble_controller_s140.a(libble_controller_debug_s140_soft_nrf52__obfuscated.elf)
                0x0001fd9c                sym_LIY23QT3GHIV7NCGJ6ZW6LB2ZUSI56CIFCL6HUY
 .text          0x0001fdb8       0x10 C:/ncs.sojkk/nrfxlib/ble_controller/lib/cortex-m4/soft-float/libble_controller_s140.a(libble_controller_debug_s140_soft_nrf52__obfuscated.elf)
                0x0001fdb8                sym_TIWHB6UQGI33JQCQDL7C2BRAEXCRAFYENVN6QEI
 .text          0x0001fdc8       0x18 C:/ncs.sojkk/nrfxlib/ble_controller/lib/cortex-m4/soft-float/libble_controller_s140.a(libble_controller_debug_s140_soft_nrf52__obfuscated.elf)
                0x0001fdc8                sym_XK3TMLCZALCYYWGULGHQIRSOBMPIIPJ7HEMOZIQ
 .text          0x0001fde0       0x20 C:/ncs.sojkk/nrfxlib/ble_controller/lib/cortex-m4/soft-float/libble_controller_s140.a(libble_controller_debug_s140_soft_nrf52__obfuscated.elf)
                0x0001fde0                sym_LZEJCP3HZIBKMJQC47UQXAHGCQ52QF47EXOH2WA
 .text          0x0001fe00       0x10 C:/ncs.sojkk/nrfxlib/ble_controller/lib/cortex-m4/soft-float/libble_controller_s140.a(libble_controller_debug_s140_soft_nrf52__obfuscated.elf)
                0x0001fe00                sym_AL7FCNVVCF72BNYCTLA5UGAWCQFXFPGE2ULTWOA
 .text          0x0001fe10        0xc C:/ncs.sojkk/nrfxlib/ble_controller/lib/cortex-m4/soft-float/libble_controller_s140.a(libble_controller_debug_s140_soft_nrf52__obfuscated.elf)