Archive member included to satisfy reference by file (symbol)

mcuboot/mcuboot_app/libmcuboot_app.a(main.c.obj)
                              (--whole-archive)
mcuboot/mcuboot_app/libmcuboot_app.a(flash_map_extended.c.obj)
                              (--whole-archive)
mcuboot/mcuboot_app/libmcuboot_app.a(os.c.obj)
                              (--whole-archive)
mcuboot/mcuboot_app/libmcuboot_app.a(keys.c.obj)
                              (--whole-archive)
mcuboot/mcuboot_app/libmcuboot_app.a(loader.c.obj)
                              (--whole-archive)
mcuboot/mcuboot_app/libmcuboot_app.a(bootutil_misc.c.obj)
                              (--whole-archive)
mcuboot/mcuboot_app/libmcuboot_app.a(image_validate.c.obj)
                              (--whole-archive)
mcuboot/mcuboot_app/libmcuboot_app.a(encrypted.c.obj)
                              (--whole-archive)
mcuboot/mcuboot_app/libmcuboot_app.a(image_rsa.c.obj)
                              (--whole-archive)
mcuboot/mcuboot_app/libmcuboot_app.a(image_ec256.c.obj)
                              (--whole-archive)
mcuboot/mcuboot_app/libmcuboot_app.a(image_ed25519.c.obj)
                              (--whole-archive)
mcuboot/mcuboot_app/libmcuboot_app.a(caps.c.obj)
                              (--whole-archive)
mcuboot/mcuboot_app/libmcuboot_app.a(tlv.c.obj)
                              (--whole-archive)
mcuboot/mcuboot_app/libmcuboot_app.a(autogen-pubkey.c.obj)
                              (--whole-archive)
mcuboot/zephyr/libmcuboot_zephyr.a(isr_tables.c.obj)
                              (--whole-archive)
mcuboot/zephyr/libmcuboot_zephyr.a(sw_isr_common.c.obj)
                              (--whole-archive)
mcuboot/zephyr/libmcuboot_zephyr.a(arm_core_cmse.c.obj)
                              (--whole-archive)
mcuboot/zephyr/libmcuboot_zephyr.a(crc32_sw.c.obj)
                              (--whole-archive)
mcuboot/zephyr/libmcuboot_zephyr.a(crc16_sw.c.obj)
                              (--whole-archive)
mcuboot/zephyr/libmcuboot_zephyr.a(crc8_sw.c.obj)
                              (--whole-archive)
mcuboot/zephyr/libmcuboot_zephyr.a(crc7_sw.c.obj)
                              (--whole-archive)
mcuboot/zephyr/libmcuboot_zephyr.a(dec.c.obj)
                              (--whole-archive)
mcuboot/zephyr/libmcuboot_zephyr.a(fdtable.c.obj)
                              (--whole-archive)
mcuboot/zephyr/libmcuboot_zephyr.a(hex.c.obj)
                              (--whole-archive)
mcuboot/zephyr/libmcuboot_zephyr.a(mempool.c.obj)
                              (--whole-archive)
mcuboot/zephyr/libmcuboot_zephyr.a(rb.c.obj)
                              (--whole-archive)
mcuboot/zephyr/libmcuboot_zephyr.a(sem.c.obj)
                              (--whole-archive)
mcuboot/zephyr/libmcuboot_zephyr.a(thread_entry.c.obj)
                              (--whole-archive)
mcuboot/zephyr/libmcuboot_zephyr.a(timeutil.c.obj)
                              (--whole-archive)
mcuboot/zephyr/libmcuboot_zephyr.a(work_q.c.obj)
                              (--whole-archive)
mcuboot/zephyr/libmcuboot_zephyr.a(printk.c.obj)
                              (--whole-archive)
mcuboot/zephyr/libmcuboot_zephyr.a(configs.c.obj)
                              (--whole-archive)
mcuboot/zephyr/libmcuboot_zephyr.a(soc.c.obj)
                              (--whole-archive)
mcuboot/zephyr/libmcuboot_zephyr.a(mpu_regions.c.obj)
                              (--whole-archive)
mcuboot/zephyr/libmcuboot_zephyr.a(validate_base_addresses.c.obj)
                              (--whole-archive)
mcuboot/zephyr/libmcuboot_zephyr.a(log_list.c.obj)
                              (--whole-archive)
mcuboot/zephyr/libmcuboot_zephyr.a(log_core.c.obj)
                              (--whole-archive)
mcuboot/zephyr/libmcuboot_zephyr.a(log_msg.c.obj)
                              (--whole-archive)
mcuboot/zephyr/libmcuboot_zephyr.a(log_output.c.obj)
                              (--whole-archive)
mcuboot/zephyr/libmcuboot_zephyr.a(log_backend_uart.c.obj)
                              (--whole-archive)
mcuboot/zephyr/libmcuboot_zephyr.a(flash_map.c.obj)
                              (--whole-archive)
mcuboot/zephyr/libmcuboot_zephyr.a(flash_map_default.c.obj)
                              (--whole-archive)
mcuboot/zephyr/libmcuboot_zephyr.a(uart_console.c.obj)
                              (--whole-archive)
mcuboot/zephyr/libmcuboot_zephyr.a(nrf_power_clock.c.obj)
                              (--whole-archive)
mcuboot/zephyr/libmcuboot_zephyr.a(sys_clock_init.c.obj)
                              (--whole-archive)
mcuboot/zephyr/libmcuboot_zephyr.a(nrf_rtc_timer.c.obj)
                              (--whole-archive)
mcuboot/zephyr/arch/arch/arm/core/libmcuboot_arch__arm__core.a(exc_exit.S.obj)
                              (--whole-archive)
mcuboot/zephyr/arch/arch/arm/core/libmcuboot_arch__arm__core.a(swap_helper.S.obj)
                              (--whole-archive)
[...]
Memory Configuration

Name             Origin             Length             Attributes
FLASH            0x00000000         0x0000c000         xr
SRAM             0x20000000         0x00010000         xw
IDT_LIST         0x20010000         0x00000800         xw
*default*        0x00000000         0xffffffff

Linker script and memory map

LOAD mcuboot/zephyr/CMakeFiles/mcuboot_zephyr_final.dir/misc/empty_file.c.obj
LOAD mcuboot/zephyr/CMakeFiles/mcuboot_zephyr_final.dir/isr_tables.c.obj
                0x00000020                _region_min_align = 0x20

.rel.plt        0x00000000        0x0
 *(SORT_BY_ALIGNMENT(.rel.plt))
                [!provide]                PROVIDE (__rel_iplt_start = .)
 *(SORT_BY_ALIGNMENT(.rel.iplt))
 .rel.iplt      0x00000000        0x0 mcuboot/zephyr/CMakeFiles/mcuboot_zephyr_final.dir/isr_tables.c.obj
                [!provide]                PROVIDE (__rel_iplt_end = .)

.rela.plt       0x00000000        0x0
 *(SORT_BY_ALIGNMENT(.rela.plt))
                [!provide]                PROVIDE (__rela_iplt_start = .)
 *(SORT_BY_ALIGNMENT(.rela.iplt))
                [!provide]                PROVIDE (__rela_iplt_end = .)

.rel.dyn
 *(SORT_BY_ALIGNMENT(.rel.*))

.rela.dyn
 *(SORT_BY_ALIGNMENT(.rela.*))

/DISCARD/
 *(SORT_BY_ALIGNMENT(.plt))
 *(SORT_BY_ALIGNMENT(.iplt))
 *(SORT_BY_ALIGNMENT(.got.plt))
 *(SORT_BY_ALIGNMENT(.igot.plt))
 *(SORT_BY_ALIGNMENT(.got))
 *(SORT_BY_ALIGNMENT(.igot))
 *(SORT_BY_ALIGNMENT(.irq_info))
 *(SORT_BY_ALIGNMENT(.intList))
                0x00000000                _image_rom_start = 0x0

text            0x00000000      0x144
                0x00000000                . = 0x0
                0x00000000                _vector_start = .
 *(SORT_BY_ALIGNMENT(.exc_vector_table))
 *(SORT_BY_ALIGNMENT(.exc_vector_table.*))
 .exc_vector_table._vector_table_section
                0x00000000       0x40 mcuboot/zephyr/arch/arch/arm/core/cortex_m/libmcuboot_arch__arm__core__cortex_m.a(vector_table.S.obj)
                0x00000000                _vector_table
 *(SORT_BY_ALIGNMENT(.gnu.linkonce.irq_vector_table))
 .gnu.linkonce.irq_vector_table
                0x00000040      0x104 mcuboot/zephyr/CMakeFiles/mcuboot_zephyr_final.dir/isr_tables.c.obj
                0x00000040                _irq_vector_table
 *(SORT_BY_ALIGNMENT(.vectors))
 *(SORT_BY_ALIGNMENT(.openocd_dbg))
 *(SORT_BY_ALIGNMENT(.openocd_dbg.*))
                0x00000144                _vector_end = .

_TEXT_SECTION_NAME_2
                0x00000144     0x7b52
                0x00000144                _image_text_start = .
 *(SORT_BY_ALIGNMENT(.text))
 .text          0x00000144       0x30 c:/program files (x86)/gnu tools arm embedded/7 2018-q2-update/bin/../lib/gcc/arm-none-eabi/7.3.1/thumb/v8-m.main/fpv5-sp/hard\libgcc.a(_aeabi_uldivmod.o)
                0x00000144                __aeabi_uldivmod
 .text          0x00000174      0x2e0 c:/program files (x86)/gnu tools arm embedded/7 2018-q2-update/bin/../lib/gcc/arm-none-eabi/7.3.1/thumb/v8-m.main/fpv5-sp/hard\libgcc.a(_udivmoddi4.o)
                0x00000174                __udivmoddi4
 .text          0x00000454        0x4 c:/program files (x86)/gnu tools arm embedded/7 2018-q2-update/bin/../lib/gcc/arm-none-eabi/7.3.1/thumb/v8-m.main/fpv5-sp/hard\libgcc.a(_dvmd_tls.o)
                0x00000454                __aeabi_idiv0
                0x00000454                __aeabi_ldiv0
 *(SORT_BY_ALIGNMENT(.text.*))
 .text.main     0x00000458       0xf8 mcuboot/mcuboot_app/libmcuboot_app.a(main.c.obj)
                0x00000458                main
 .text.flash_device_get_binding
                0x00000550       0x1c mcuboot/mcuboot_app/libmcuboot_app.a(flash_map_extended.c.obj)
                0x00000550                flash_device_get_binding
 .text.flash_device_base
                0x0000056c       0x44 mcuboot/mcuboot_app/libmcuboot_app.a(flash_map_extended.c.obj)
                0x0000056c                flash_device_base
 .text.os_heap_init
                0x000005b0       0x14 mcuboot/mcuboot_app/libmcuboot_app.a(os.c.obj)
                0x000005b0                os_heap_init
 .text.boot_is_header_valid
                0x000005c4       0x44 mcuboot/mcuboot_app/libmcuboot_app.a(loader.c.obj)
 .text.boot_slots_compatible
                0x00000608      0x17c mcuboot/mcuboot_app/libmcuboot_app.a(loader.c.obj)
 .text.boot_status_source
                0x00000784      0x198 mcuboot/mcuboot_app/libmcuboot_app.a(loader.c.obj)
 .text.boot_read_status_bytes
                0x0000091c       0xd4 mcuboot/mcuboot_app/libmcuboot_app.a(loader.c.obj)
 .text.boot_copy_region
                0x000009f0       0x58 mcuboot/mcuboot_app/libmcuboot_app.a(loader.c.obj)
 .text.boot_image_check
                0x00000a48       0x34 mcuboot/mcuboot_app/libmcuboot_app.a(loader.c.obj)
 .text.boot_validate_slot
                0x00000a7c       0xc4 mcuboot/mcuboot_app/libmcuboot_app.a(loader.c.obj)
 .text.boot_swap_sectors
                0x00000b40      0x268 mcuboot/mcuboot_app/libmcuboot_app.a(loader.c.obj)
 .text.boot_swap_image
                0x00000da8      0x10c mcuboot/mcuboot_app/libmcuboot_app.a(loader.c.obj)
 .text.boot_complete_partial_swap
                0x00000eb4       0x8c mcuboot/mcuboot_app/libmcuboot_app.a(loader.c.obj)
 .text.boot_prepare_image_for_update
                0x00000f40      0x11c mcuboot/mcuboot_app/libmcuboot_app.a(loader.c.obj)
 .text.context_boot_go
                0x0000105c      0x124 mcuboot/mcuboot_app/libmcuboot_app.a(loader.c.obj)
                0x0000105c                context_boot_go
 .text.boot_go  0x00001180       0x10 mcuboot/mcuboot_app/libmcuboot_app.a(loader.c.obj)
                0x00001180                boot_go
 .text.boot_magic_decode
                0x00001190       0x18 mcuboot/mcuboot_app/libmcuboot_app.a(bootutil_misc.c.obj)
 .text.boot_find_status
                0x000011a8       0x70 mcuboot/mcuboot_app/libmcuboot_app.a(bootutil_misc.c.obj)
 .text.boot_write_magic
                0x00001218       0x20 mcuboot/mcuboot_app/libmcuboot_app.a(bootutil_misc.c.obj)
                0x00001218                boot_write_magic
 .text.boot_swap_type_multi
                0x00001238      0x118 mcuboot/mcuboot_app/libmcuboot_app.a(bootutil_misc.c.obj)
                0x00001238                boot_swap_type_multi
 .text.bootutil_find_key
                0x00001350       0x68 mcuboot/mcuboot_app/libmcuboot_app.a(image_validate.c.obj)
 .text.bootutil_img_validate
                0x000013b8      0x168 mcuboot/mcuboot_app/libmcuboot_app.a(image_validate.c.obj)
                0x000013b8                bootutil_img_validate
 .text.bootutil_cmp_rsasig
                0x00001520       0xe8 mcuboot/mcuboot_app/libmcuboot_app.a(image_rsa.c.obj)
 .text.bootutil_verify_sig
                0x00001608       0x6c mcuboot/mcuboot_app/libmcuboot_app.a(image_rsa.c.obj)
                0x00001608                bootutil_verify_sig
 .text.char_out
                0x00001674       0x14 mcuboot/zephyr/libmcuboot_zephyr.a(printk.c.obj)
 .text._printk_dec_ulong
                0x00001688       0xa4 mcuboot/zephyr/libmcuboot_zephyr.a(printk.c.obj)
 .text.__printk_hook_install
                0x0000172c        0xc mcuboot/zephyr/libmcuboot_zephyr.a(printk.c.obj)
                0x0000172c                __printk_hook_install
 .text.vprintk  0x00001738       0x20 mcuboot/zephyr/libmcuboot_zephyr.a(printk.c.obj)
                0x00001738                vprintk
 .text.nordicsemi_nrf91_init
                0x00001758       0x28 mcuboot/zephyr/libmcuboot_zephyr.a(soc.c.obj)
 .text.log_generic
                0x00001780       0x60 mcuboot/zephyr/libmcuboot_zephyr.a(log_core.c.obj)
                0x00001780                log_generic
 .text.log_core_init
                0x000017e0       0x1c mcuboot/zephyr/libmcuboot_zephyr.a(log_core.c.obj)
                0x000017e0                log_core_init
 .text.log_source_name_get
                0x000017fc       0x20 mcuboot/zephyr/libmcuboot_zephyr.a(log_core.c.obj)
                0x000017fc                log_source_name_get
 .text.log_backend_enable
                0x0000181c       0x3c mcuboot/zephyr/libmcuboot_zephyr.a(log_core.c.obj)
                0x0000181c                log_backend_enable
 .text.log_init
                0x00001858       0x5c mcuboot/zephyr/libmcuboot_zephyr.a(log_core.c.obj)
                0x00001858                log_init
 .text.z_impl_log_panic
                0x000018b4       0x50 mcuboot/zephyr/libmcuboot_zephyr.a(log_core.c.obj)
                0x000018b4                z_impl_log_panic
 .text.print_formatted
                0x00001904       0x28 mcuboot/zephyr/libmcuboot_zephyr.a(log_output.c.obj)
 .text.timestamp_print
                0x0000192c       0x8c mcuboot/zephyr/libmcuboot_zephyr.a(log_output.c.obj)
 .text.color_print
                0x000019b8       0x2c mcuboot/zephyr/libmcuboot_zephyr.a(log_output.c.obj)
 .text.newline_print
                0x000019e4       0x28 mcuboot/zephyr/libmcuboot_zephyr.a(log_output.c.obj)
 .text.hexdump_line_print
                0x00001a0c       0xbc mcuboot/zephyr/libmcuboot_zephyr.a(log_output.c.obj)
 .text.ids_print
                0x00001ac8       0x5c mcuboot/zephyr/libmcuboot_zephyr.a(log_output.c.obj)
 .text.log_output_string
                0x00001b24       0x68 mcuboot/zephyr/libmcuboot_zephyr.a(log_output.c.obj)
                0x00001b24                log_output_string
 .text.log_output_hexdump
                0x00001b8c       0x74 mcuboot/zephyr/libmcuboot_zephyr.a(log_output.c.obj)
                0x00001b8c                log_output_hexdump
 .text.log_output_timestamp_freq_set
                0x00001c00       0x2c mcuboot/zephyr/libmcuboot_zephyr.a(log_output.c.obj)
                0x00001c00                log_output_timestamp_freq_set
 .text.log_backend_uart_init
                0x00001c2c       0x18 mcuboot/zephyr/libmcuboot_zephyr.a(log_backend_uart.c.obj)
 .text.panic    0x00001c44       0x10 mcuboot/zephyr/libmcuboot_zephyr.a(log_backend_uart.c.obj)
 .text.sync_hexdump
                0x00001c54       0x50 mcuboot/zephyr/libmcuboot_zephyr.a(log_backend_uart.c.obj)
 .text.sync_string
                0x00001ca4       0x4c mcuboot/zephyr/libmcuboot_zephyr.a(log_backend_uart.c.obj)
 .text.get_flash_area_from_id
                0x00001cf0       0x30 mcuboot/zephyr/libmcuboot_zephyr.a(flash_map.c.obj)
 .text.flash_area_open
                0x00001d20       0x28 mcuboot/zephyr/libmcuboot_zephyr.a(flash_map.c.obj)
                0x00001d20                flash_area_open
 .text.flash_area_get_sectors
                0x00001d48       0x18 mcuboot/zephyr/libmcuboot_zephyr.a(flash_map.c.obj)
                0x00001d48                flash_area_get_sectors
 .text.console_out
                0x00001d60       0x28 mcuboot/zephyr/libmcuboot_zephyr.a(uart_console.c.obj)
 .text.uart_console_hook_install
                0x00001d88       0x18 mcuboot/zephyr/libmcuboot_zephyr.a(uart_console.c.obj)
                0x00001d88                uart_console_hook_install
 .text.uart_console_init
                0x00001da0       0x1c mcuboot/zephyr/libmcuboot_zephyr.a(uart_console.c.obj)
 .text.nrf_power_clock_isr
                0x00001dbc       0x3c mcuboot/zephyr/libmcuboot_zephyr.a(nrf_power_clock.c.obj)
                0x00001dbc                nrf_power_clock_isr
 .text.set_comparator
                0x00001df8       0x10 mcuboot/zephyr/libmcuboot_zephyr.a(nrf_rtc_timer.c.obj)
 .text.counter  0x00001e08        0xc mcuboot/zephyr/libmcuboot_zephyr.a(nrf_rtc_timer.c.obj)
 .text.rtc1_nrf_isr
                0x00001e14       0x44 mcuboot/zephyr/libmcuboot_zephyr.a(nrf_rtc_timer.c.obj)
                0x00001e14                rtc1_nrf_isr
 .text.z_clock_driver_init
                0x00001e58       0x74 mcuboot/zephyr/libmcuboot_zephyr.a(nrf_rtc_timer.c.obj)
                0x00001e58                z_clock_driver_init
 .text.z_clock_set_timeout
                0x00001ecc       0xac mcuboot/zephyr/libmcuboot_zephyr.a(nrf_rtc_timer.c.obj)
                0x00001ecc                z_clock_set_timeout
 .text.z_clock_elapsed
                0x00001f78       0x2c mcuboot/zephyr/libmcuboot_zephyr.a(nrf_rtc_timer.c.obj)
                0x00001f78                z_clock_elapsed
 .text.z_timer_cycle_get_32
                0x00001fa4       0x30 mcuboot/zephyr/libmcuboot_zephyr.a(nrf_rtc_timer.c.obj)
                0x00001fa4                z_timer_cycle_get_32
 .text._HandlerModeExit
                0x00001fd4        0x4 mcuboot/zephyr/arch/arch/arm/core/libmcuboot_arch__arm__core.a(exc_exit.S.obj)
                0x00001fd4                z_arm_int_exit
                0x00001fd4                z_arm_exc_exit
 .text.z_arm_pendsv
                0x00001fd8       0x54 mcuboot/zephyr/arch/arch/arm/core/libmcuboot_arch__arm__core.a(swap_helper.S.obj)
                0x00001fd8                z_arm_pendsv
 .text.z_arm_svc
                0x0000202c       0x20 mcuboot/zephyr/arch/arch/arm/core/libmcuboot_arch__arm__core.a(swap_helper.S.obj)
                0x0000202c                z_arm_svc
 .text.z_arm_cpu_idle_init
                0x0000204c        0xc mcuboot/zephyr/arch/arch/arm/core/libmcuboot_arch__arm__core.a(cpu_idle.S.obj)
                0x0000204c                z_arm_cpu_idle_init
 .text.__fault  0x00002058       0x28 mcuboot/zephyr/arch/arch/arm/core/libmcuboot_arch__arm__core.a(fault_s.S.obj)
                0x00002058                z_arm_usage_fault
                0x00002058                z_arm_mpu_fault
                0x00002058                z_arm_reserved
                0x00002058                z_arm_debug_monitor
                0x00002058                z_arm_hard_fault
                0x00002058                z_arm_bus_fault
 .text.z_SysNmiOnReset
                0x00002080        0x8 mcuboot/zephyr/arch/arch/arm/core/libmcuboot_arch__arm__core.a(nmi_on_reset.S.obj)
                0x00002080                z_SysNmiOnReset
 .text._isr_wrapper
                0x00002088       0x28 mcuboot/zephyr/arch/arch/arm/core/libmcuboot_arch__arm__core.a(isr_wrapper.S.obj)
                0x00002088                _isr_wrapper
 .text.z_arch_swap
                0x000020b0       0x34 mcuboot/zephyr/arch/arch/arm/core/libmcuboot_arch__arm__core.a(swap.c.obj)
                0x000020b0                z_arch_swap
 .text.z_arch_irq_enable
                0x000020e4       0x20 mcuboot/zephyr/arch/arch/arm/core/libmcuboot_arch__arm__core.a(irq_manage.c.obj)
                0x000020e4                z_arch_irq_enable
 .text.z_arm_irq_priority_set
                0x00002104       0x2c mcuboot/zephyr/arch/arch/arm/core/libmcuboot_arch__arm__core.a(irq_manage.c.obj)
                0x00002104                z_arm_irq_priority_set
 .text.z_arm_prep_c
                0x00002130       0x2c mcuboot/zephyr/arch/arch/arm/core/libmcuboot_arch__arm__core.a(prep_c.c.obj)
                0x00002130                z_arm_prep_c
 .text._reset_section
                0x0000215c       0x30 mcuboot/zephyr/arch/arch/arm/core/cortex_m/libmcuboot_arch__arm__core__cortex_m.a(reset.S.obj)
                0x0000215c                __start
                0x0000215c                z_arm_reset
 .text.mem_manage_fault
                0x0000218c       0x48 mcuboot/zephyr/arch/arch/arm/core/cortex_m/libmcuboot_arch__arm__core__cortex_m.a(fault.c.obj)
 .text.bus_fault
                0x000021d4       0x54 mcuboot/zephyr/arch/arch/arm/core/cortex_m/libmcuboot_arch__arm__core__cortex_m.a(fault.c.obj)
 .text.usage_fault
                0x00002228       0x24 mcuboot/zephyr/arch/arch/arm/core/cortex_m/libmcuboot_arch__arm__core__cortex_m.a(fault.c.obj)
 .text.hard_fault
                0x0000224c       0x64 mcuboot/zephyr/arch/arch/arm/core/cortex_m/libmcuboot_arch__arm__core__cortex_m.a(fault.c.obj)
 .text.z_arm_fault
                0x000022b0       0x2c mcuboot/zephyr/arch/arch/arm/core/cortex_m/libmcuboot_arch__arm__core__cortex_m.a(fault.c.obj)
                0x000022b0                z_arm_fault
 .text.z_arm_fault_init
                0x000022dc       0x10 mcuboot/zephyr/arch/arch/arm/core/cortex_m/libmcuboot_arch__arm__core__cortex_m.a(fault.c.obj)
                0x000022dc                z_arm_fault_init
 .text.z_arm_int_lib_init
                0x000022ec       0x34 mcuboot/zephyr/arch/arch/arm/core/cortex_m/libmcuboot_arch__arm__core__cortex_m.a(irq_init.c.obj)
                0x000022ec                z_arm_int_lib_init
 .text.z_impl_k_thread_abort
                0x00002320       0x4c mcuboot/zephyr/arch/arch/arm/core/cortex_m/libmcuboot_arch__arm__core__cortex_m.a(thread_abort.c.obj)
                0x00002320                z_impl_k_thread_abort
 .text.mpu_init
                0x0000236c       0x10 mcuboot/zephyr/arch/arch/arm/core/cortex_m/mpu/libmcuboot_arch__arm__core__cortex_m__mpu.a(arm_mpu.c.obj)
 .text.region_init
                0x0000237c       0x34 mcuboot/zephyr/arch/arch/arm/core/cortex_m/mpu/libmcuboot_arch__arm__core__cortex_m__mpu.a(arm_mpu.c.obj)
 .text.region_allocate_and_init
                0x000023b0       0x48 mcuboot/zephyr/arch/arch/arm/core/cortex_m/mpu/libmcuboot_arch__arm__core__cortex_m__mpu.a(arm_mpu.c.obj)
 .text.mpu_configure_regions
                0x000023f8      0x1e0 mcuboot/zephyr/arch/arch/arm/core/cortex_m/mpu/libmcuboot_arch__arm__core__cortex_m__mpu.a(arm_mpu.c.obj)
 .text.mpu_configure_dynamic_mpu_regions
                0x000025d8       0x54 mcuboot/zephyr/arch/arch/arm/core/cortex_m/mpu/libmcuboot_arch__arm__core__cortex_m__mpu.a(arm_mpu.c.obj)
 .text.arm_core_mpu_enable
                0x0000262c       0x14 mcuboot/zephyr/arch/arch/arm/core/cortex_m/mpu/libmcuboot_arch__arm__core__cortex_m__mpu.a(arm_mpu.c.obj)
                0x0000262c                arm_core_mpu_enable
 .text.arm_core_mpu_disable
                0x00002640       0x10 mcuboot/zephyr/arch/arch/arm/core/cortex_m/mpu/libmcuboot_arch__arm__core__cortex_m__mpu.a(arm_mpu.c.obj)
                0x00002640                arm_core_mpu_disable
 .text.arm_mpu_init
                0x00002650       0x44 mcuboot/zephyr/arch/arch/arm/core/cortex_m/mpu/libmcuboot_arch__arm__core__cortex_m__mpu.a(arm_mpu.c.obj)
 .text.__stdout_hook_install
                0x00002694        0xc mcuboot/zephyr/lib/libc/minimal/libmcuboot_lib__libc__minimal.a(stdout_console.c.obj)
                0x00002694                __stdout_hook_install
 .text.gpiote_channel_alloc
                0x000026a0       0x88 mcuboot/zephyr/drivers/gpio/libmcuboot_drivers__gpio.a(gpio_nrfx.c.obj)
 .text.gpiote_channel_free
                0x00002728       0x58 mcuboot/zephyr/drivers/gpio/libmcuboot_drivers__gpio.a(gpio_nrfx.c.obj)
 .text.gpiote_pin_int_cfg
                0x00002780       0xcc mcuboot/zephyr/drivers/gpio/libmcuboot_drivers__gpio.a(gpio_nrfx.c.obj)
 .text.gpio_nrfx_config
                0x0000284c      0x188 mcuboot/zephyr/drivers/gpio/libmcuboot_drivers__gpio.a(gpio_nrfx.c.obj)
 .text.cfg_level_pins
                0x000029d4       0x74 mcuboot/zephyr/drivers/gpio/libmcuboot_drivers__gpio.a(gpio_nrfx.c.obj)
 .text.check_level_trigger_pins
                0x00002a48       0x68 mcuboot/zephyr/drivers/gpio/libmcuboot_drivers__gpio.a(gpio_nrfx.c.obj)
 .text.gpiote_event_handler
                0x00002ab0       0xd0 mcuboot/zephyr/drivers/gpio/libmcuboot_drivers__gpio.a(gpio_nrfx.c.obj)
 .text.gpio_nrfx_init
                0x00002b80       0x38 mcuboot/zephyr/drivers/gpio/libmcuboot_drivers__gpio.a(gpio_nrfx.c.obj)
 .text.nvmc_wait_ready
                0x00002bb8       0x14 mcuboot/zephyr/drivers/flash/libmcuboot_drivers__flash.a(soc_flash_nrf.c.obj)
 .text.flash_nrf_write_protection
                0x00002bcc        0xc mcuboot/zephyr/drivers/flash/libmcuboot_drivers__flash.a(soc_flash_nrf.c.obj)
 .text.flash_nrf_pages_layout
                0x00002bd8       0x10 mcuboot/zephyr/drivers/flash/libmcuboot_drivers__flash.a(soc_flash_nrf.c.obj)
 .text.nrf_flash_init
                0x00002be8       0x24 mcuboot/zephyr/drivers/flash/libmcuboot_drivers__flash.a(soc_flash_nrf.c.obj)
 .text.flash_nrf_erase
                0x00002c0c       0x7c mcuboot/zephyr/drivers/flash/libmcuboot_drivers__flash.a(soc_flash_nrf.c.obj)
 .text.flash_nrf_write
                0x00002c88       0x5c mcuboot/zephyr/drivers/flash/libmcuboot_drivers__flash.a(soc_flash_nrf.c.obj)
 .text.baudrate_set
                0x00002ce4      0x128 mcuboot/zephyr/drivers/serial/libmcuboot_drivers__serial.a(uart_nrfx_uarte.c.obj)
 .text.uarte_instance_init
                0x00002e0c       0xb4 mcuboot/zephyr/drivers/serial/libmcuboot_drivers__serial.a(uart_nrfx_uarte.c.obj)
 .text.uarte_0_init
                0x00002ec0       0x34 mcuboot/zephyr/drivers/serial/libmcuboot_drivers__serial.a(uart_nrfx_uarte.c.obj)
 .text.verify_header
                0x00002ef4       0x50 mcuboot/zephyr/modules/mbedtls/libmcuboot_..__modules__crypto__mbedtls.a(memory_buffer_alloc.c.obj)
 .text.verify_chain
                0x00002f44       0x48 mcuboot/zephyr/modules/mbedtls/libmcuboot_..__modules__crypto__mbedtls.a(memory_buffer_alloc.c.obj)
 .text.buffer_alloc_free
                0x00002f8c      0x138 mcuboot/zephyr/modules/mbedtls/libmcuboot_..__modules__crypto__mbedtls.a(memory_buffer_alloc.c.obj)
 .text.buffer_alloc_calloc
                0x000030c4      0x158 mcuboot/zephyr/modules/mbedtls/libmcuboot_..__modules__crypto__mbedtls.a(memory_buffer_alloc.c.obj)
 .text.mbedtls_memory_buffer_alloc_init
                0x0000321c       0x68 mcuboot/zephyr/modules/mbedtls/libmcuboot_..__modules__crypto__mbedtls.a(memory_buffer_alloc.c.obj)
                0x0000321c                mbedtls_memory_buffer_alloc_init
 .text.mbedtls_calloc
                0x00003284       0x10 mcuboot/zephyr/modules/mbedtls/libmcuboot_..__modules__crypto__mbedtls.a(platform.c.obj)
                0x00003284                mbedtls_calloc
 .text.mbedtls_free
                0x00003294       0x10 mcuboot/zephyr/modules/mbedtls/libmcuboot_..__modules__crypto__mbedtls.a(platform.c.obj)
                0x00003294                mbedtls_free
 .text.mbedtls_platform_set_calloc_free
                0x000032a4       0x14 mcuboot/zephyr/modules/mbedtls/libmcuboot_..__modules__crypto__mbedtls.a(platform.c.obj)
                0x000032a4                mbedtls_platform_set_calloc_free
 .text.mbedtls_platform_zeroize
                0x000032b8       0x14 mcuboot/zephyr/modules/mbedtls/libmcuboot_..__modules__crypto__mbedtls.a(platform_util.c.obj)
                0x000032b8                mbedtls_platform_zeroize
 .text.rsa_check_context
                0x000032cc       0xe8 mcuboot/zephyr/modules/mbedtls/libmcuboot_..__modules__crypto__mbedtls.a(rsa.c.obj)
 .text.mbedtls_rsa_check_pubkey
                0x000033b4       0x5c mcuboot/zephyr/modules/mbedtls/libmcuboot_..__modules__crypto__mbedtls.a(rsa.c.obj)
                0x000033b4                mbedtls_rsa_check_pubkey
 .text.mbedtls_rsa_public
                0x00003410       0x84 mcuboot/zephyr/modules/mbedtls/libmcuboot_..__modules__crypto__mbedtls.a(rsa.c.obj)
                0x00003410                mbedtls_rsa_public
 .text.mbedtls_sha256_starts_ret
                0x00003494       0xa4 mcuboot/zephyr/modules/mbedtls/libmcuboot_..__modules__crypto__mbedtls.a(sha256.c.obj)
                0x00003494                mbedtls_sha256_starts_ret
 .text.mbedtls_internal_sha256_process
                0x00003538      0x7a8 mcuboot/zephyr/modules/mbedtls/libmcuboot_..__modules__crypto__mbedtls.a(sha256.c.obj)
                0x00003538                mbedtls_internal_sha256_process
 .text.uicr_HFXOCNT_erased
                0x00003ce0       0x18 mcuboot/zephyr/modules/nordic/libmcuboot_..__modules__hal__nordic.a(system_nrf9160.c.obj)
 .text.uicr_HFXOSRC_erased
                0x00003cf8       0x18 mcuboot/zephyr/modules/nordic/libmcuboot_..__modules__hal__nordic.a(system_nrf9160.c.obj)
 .text.errata_6
                0x00003d10       0x2c mcuboot/zephyr/modules/nordic/libmcuboot_..__modules__hal__nordic.a(system_nrf9160.c.obj)
 .text.errata_14
                0x00003d3c       0x24 mcuboot/zephyr/modules/nordic/libmcuboot_..__modules__hal__nordic.a(system_nrf9160.c.obj)
 .text.errata_15
                0x00003d60       0x24 mcuboot/zephyr/modules/nordic/libmcuboot_..__modules__hal__nordic.a(system_nrf9160.c.obj)
 .text.errata_20
                0x00003d84       0x24 mcuboot/zephyr/modules/nordic/libmcuboot_..__modules__hal__nordic.a(system_nrf9160.c.obj)
 .text.SystemCoreClockUpdate
                0x00003da8       0x10 mcuboot/zephyr/modules/nordic/libmcuboot_..__modules__hal__nordic.a(system_nrf9160.c.obj)
                0x00003da8                SystemCoreClockUpdate
 .text.SystemInit
                0x00003db8      0x14c mcuboot/zephyr/modules/nordic/libmcuboot_..__modules__hal__nordic.a(system_nrf9160.c.obj)
                0x00003db8                SystemInit
 .text.nvmc_readonly_mode_set
                0x00003f04       0x10 mcuboot/zephyr/modules/nordic/libmcuboot_..__modules__hal__nordic.a(nrfx_nvmc.c.obj)
 .text.nvmc_write_mode_set
                0x00003f14       0x10 mcuboot/zephyr/modules/nordic/libmcuboot_..__modules__hal__nordic.a(nrfx_nvmc.c.obj)
 .text.nvmc_erase_mode_set
                0x00003f24       0x10 mcuboot/zephyr/modules/nordic/libmcuboot_..__modules__hal__nordic.a(nrfx_nvmc.c.obj)
 .text.nvmc_word_write
                0x00003f34       0x18 mcuboot/zephyr/modules/nordic/libmcuboot_..__modules__hal__nordic.a(nrfx_nvmc.c.obj)
 .text.nrfx_nvmc_page_erase
                0x00003f4c       0x38 mcuboot/zephyr/modules/nordic/libmcuboot_..__modules__hal__nordic.a(nrfx_nvmc.c.obj)
                0x00003f4c                nrfx_nvmc_page_erase
 .text.z_sys_device_do_config_level
                0x00003f84       0x34 mcuboot/zephyr/kernel/libmcuboot_kernel.a(device.c.obj)
                0x00003f84                z_sys_device_do_config_level
 .text.z_impl_device_get_binding
                0x00003fb8       0x50 mcuboot/zephyr/kernel/libmcuboot_kernel.a(device.c.obj)
                0x00003fb8                z_impl_device_get_binding
 .text.z_bss_zero
                0x00004008       0x18 mcuboot/zephyr/kernel/libmcuboot_kernel.a(init.c.obj)
                0x00004008                z_bss_zero
 .text.z_data_copy
                0x00004020       0x34 mcuboot/zephyr/kernel/libmcuboot_kernel.a(init.c.obj)
                0x00004020                z_data_copy
 .text.bg_thread_main
                0x00004054       0x2c mcuboot/zephyr/kernel/libmcuboot_kernel.a(init.c.obj)
 .text.z_cstart
                0x00004080       0x68 mcuboot/zephyr/kernel/libmcuboot_kernel.a(init.c.obj)
                0x00004080                z_cstart
 .text.init_mem_slab_module
                0x000040e8       0x20 mcuboot/zephyr/kernel/libmcuboot_kernel.a(mem_slab.c.obj)
 .text.z_reschedule
                0x00004108       0x44 mcuboot/zephyr/kernel/libmcuboot_kernel.a(sched.c.obj)
                0x00004108                z_reschedule
 .text.z_reschedule_irqlock
                0x0000414c       0x40 mcuboot/zephyr/kernel/libmcuboot_kernel.a(sched.c.obj)
                0x0000414c                z_reschedule_irqlock
 .text.z_priq_dumb_remove
                0x0000418c       0x30 mcuboot/zephyr/kernel/libmcuboot_kernel.a(sched.c.obj)
                0x0000418c                z_priq_dumb_remove
 .text.update_cache
                0x000041bc       0x44 mcuboot/zephyr/kernel/libmcuboot_kernel.a(sched.c.obj)
 .text.z_add_thread_to_ready_q
                0x00004200       0x8c mcuboot/zephyr/kernel/libmcuboot_kernel.a(sched.c.obj)
                0x00004200                z_add_thread_to_ready_q
 .text.z_remove_thread_from_ready_q
                0x0000428c       0x58 mcuboot/zephyr/kernel/libmcuboot_kernel.a(sched.c.obj)
                0x0000428c                z_remove_thread_from_ready_q
 .text.z_impl_k_current_get
                0x000042e4        0xc mcuboot/zephyr/kernel/libmcuboot_kernel.a(sched.c.obj)
                0x000042e4                z_impl_k_current_get
 .text.z_impl_k_sem_give
                0x000042f0       0x24 mcuboot/zephyr/kernel/libmcuboot_kernel.a(sem.c.obj)
                0x000042f0                z_impl_k_sem_give
 .text.first    0x00004314       0x14 mcuboot/zephyr/kernel/libmcuboot_kernel.a(timeout.c.obj)
 .text.next     0x00004328       0x18 mcuboot/zephyr/kernel/libmcuboot_kernel.a(timeout.c.obj)
 .text.elapsed  0x00004340       0x18 mcuboot/zephyr/kernel/libmcuboot_kernel.a(timeout.c.obj)
 .text.z_clock_announce
                0x00004358       0xb0 mcuboot/zephyr/kernel/libmcuboot_kernel.a(timeout.c.obj)
                0x00004358                z_clock_announce
 .text.init_static_pools
                0x00004408       0x20 mcuboot/zephyr/kernel/libmcuboot_kernel.a(mempool.c.obj)
                0x00004408                init_static_pools
 .text.do_boot  0x00004428       0x3c mcuboot/mcuboot_app/libmcuboot_app.a(main.c.obj)
 .text.flash_area_id_from_multi_image_slot
                0x00004464       0x1c mcuboot/mcuboot_app/libmcuboot_app.a(flash_map_extended.c.obj)
                0x00004464                flash_area_id_from_multi_image_slot
 .text.flash_area_erased_val
                0x00004480        0x4 mcuboot/mcuboot_app/libmcuboot_app.a(flash_map_extended.c.obj)
                0x00004480                flash_area_erased_val
 .text.flash_area_read_is_empty
                0x00004484       0x2c mcuboot/mcuboot_app/libmcuboot_app.a(flash_map_extended.c.obj)
                0x00004484                flash_area_read_is_empty
 .text.boot_status_internal_off
                0x000044b0       0x12 mcuboot/mcuboot_app/libmcuboot_app.a(loader.c.obj)
 .text.boot_copy_sz
                0x000044c2       0x2a mcuboot/mcuboot_app/libmcuboot_app.a(loader.c.obj)
 .text.boot_write_sz
                0x000044ec       0x1c mcuboot/mcuboot_app/libmcuboot_app.a(loader.c.obj)
 .text.boot_check_header_erased
                0x00004508       0x5a mcuboot/mcuboot_app/libmcuboot_app.a(loader.c.obj)
 .text.boot_initialize_area
                0x00004562       0x44 mcuboot/mcuboot_app/libmcuboot_app.a(loader.c.obj)
 .text.boot_read_sectors
                0x000045a6       0x3c mcuboot/mcuboot_app/libmcuboot_app.a(loader.c.obj)
 .text.boot_read_status
                0x000045e2       0x8a mcuboot/mcuboot_app/libmcuboot_app.a(loader.c.obj)
 .text.boot_read_image_size
                0x0000466c       0xa2 mcuboot/mcuboot_app/libmcuboot_app.a(loader.c.obj)
 .text.boot_read_image_header
                0x0000470e       0x3a mcuboot/mcuboot_app/libmcuboot_app.a(loader.c.obj)
 .text.boot_read_image_headers
                0x00004748       0x32 mcuboot/mcuboot_app/libmcuboot_app.a(loader.c.obj)
 .text.boot_erase_trailer_sectors
                0x0000477a       0x72 mcuboot/mcuboot_app/libmcuboot_app.a(loader.c.obj)
 .text.boot_set_copy_done
                0x000047ec       0x26 mcuboot/mcuboot_app/libmcuboot_app.a(loader.c.obj)
 .text.boot_set_image_ok
                0x00004812       0x3e mcuboot/mcuboot_app/libmcuboot_app.a(loader.c.obj)
 .text.boot_validated_swap_type
                0x00004850       0x38 mcuboot/mcuboot_app/libmcuboot_app.a(loader.c.obj)
 .text.boot_write_status
                0x00004888       0x72 mcuboot/mcuboot_app/libmcuboot_app.a(loader.c.obj)
                0x00004888                boot_write_status
 .text.boot_perform_update
                0x000048fa       0x4a mcuboot/mcuboot_app/libmcuboot_app.a(loader.c.obj)
 .text.boot_flag_decode
                0x00004944        0xc mcuboot/mcuboot_app/libmcuboot_app.a(bootutil_misc.c.obj)
 .text.boot_write_trailer
                0x00004950       0x68 mcuboot/mcuboot_app/libmcuboot_app.a(bootutil_misc.c.obj)
 .text.boot_write_trailer_flag
                0x000049b8       0x16 mcuboot/mcuboot_app/libmcuboot_app.a(bootutil_misc.c.obj)
 .text.boot_magic_compatible_check
                0x000049ce       0x20 mcuboot/mcuboot_app/libmcuboot_app.a(bootutil_misc.c.obj)
                0x000049ce                boot_magic_compatible_check
 .text.boot_trailer_sz
                0x000049ee        0xc mcuboot/mcuboot_app/libmcuboot_app.a(bootutil_misc.c.obj)
                0x000049ee                boot_trailer_sz
 .text.boot_status_entries
                0x000049fa       0x24 mcuboot/mcuboot_app/libmcuboot_app.a(bootutil_misc.c.obj)
                0x000049fa                boot_status_entries
 .text.boot_status_off
                0x00004a1e       0x12 mcuboot/mcuboot_app/libmcuboot_app.a(bootutil_misc.c.obj)
                0x00004a1e                boot_status_off
 .text.boot_swap_info_off
                0x00004a30        0x6 mcuboot/mcuboot_app/libmcuboot_app.a(bootutil_misc.c.obj)
                0x00004a30                boot_swap_info_off
 .text.boot_read_swap_state
                0x00004a36       0xc0 mcuboot/mcuboot_app/libmcuboot_app.a(bootutil_misc.c.obj)
                0x00004a36                boot_read_swap_state
 .text.boot_read_swap_state_by_id
                0x00004af6       0x2a mcuboot/mcuboot_app/libmcuboot_app.a(bootutil_misc.c.obj)
                0x00004af6                boot_read_swap_state_by_id
 .text.boot_read_swap_size
                0x00004b20       0x36 mcuboot/mcuboot_app/libmcuboot_app.a(bootutil_misc.c.obj)
                0x00004b20                boot_read_swap_size
 .text.boot_write_copy_done
                0x00004b56        0xe mcuboot/mcuboot_app/libmcuboot_app.a(bootutil_misc.c.obj)
                0x00004b56                boot_write_copy_done
 .text.boot_write_image_ok
                0x00004b64        0xe mcuboot/mcuboot_app/libmcuboot_app.a(bootutil_misc.c.obj)
                0x00004b64                boot_write_image_ok
 .text.boot_write_swap_info
                0x00004b72       0x24 mcuboot/mcuboot_app/libmcuboot_app.a(bootutil_misc.c.obj)
                0x00004b72                boot_write_swap_info
 .text.boot_write_swap_size
                0x00004b96       0x22 mcuboot/mcuboot_app/libmcuboot_app.a(bootutil_misc.c.obj)
                0x00004b96                boot_write_swap_size
 .text.bootutil_img_hash
                0x00004bb8       0x7e mcuboot/mcuboot_app/libmcuboot_app.a(image_validate.c.obj)
 .text.bootutil_parse_rsakey
                0x00004c36       0xaa mcuboot/mcuboot_app/libmcuboot_app.a(image_rsa.c.obj)
 .text.pss_mgf1
                0x00004ce0       0x64 mcuboot/mcuboot_app/libmcuboot_app.a(image_rsa.c.obj)
 .text.bootutil_tlv_iter_begin
                0x00004d44       0xca mcuboot/mcuboot_app/libmcuboot_app.a(tlv.c.obj)
                0x00004d44                bootutil_tlv_iter_begin
 .text.bootutil_tlv_iter_next
                0x00004e0e       0xb4 mcuboot/mcuboot_app/libmcuboot_app.a(tlv.c.obj)
                0x00004e0e                bootutil_tlv_iter_next
 .text.arm_cmse_mpu_region_get
                0x00004ec2       0x14 mcuboot/zephyr/libmcuboot_zephyr.a(arm_core_cmse.c.obj)
                0x00004ec2                arm_cmse_mpu_region_get
 .text.block_ptr
                0x00004ed6        0x8 mcuboot/zephyr/libmcuboot_zephyr.a(mempool.c.obj)
 .text.z_sys_mem_pool_base_init
                0x00004ede       0x7e mcuboot/zephyr/libmcuboot_zephyr.a(mempool.c.obj)
                0x00004ede                z_sys_mem_pool_base_init
 .text.z_arch_printk_char_out
                0x00004f5c        0x4 mcuboot/zephyr/libmcuboot_zephyr.a(printk.c.obj)
                0x00004f5c                z_arch_printk_char_out
 .text.print_err
                0x00004f60       0x18 mcuboot/zephyr/libmcuboot_zephyr.a(printk.c.obj)
 .text._printk_hex_ulong
                0x00004f78       0xb6 mcuboot/zephyr/libmcuboot_zephyr.a(printk.c.obj)
 .text.z_vprintk
                0x0000502e      0x340 mcuboot/zephyr/libmcuboot_zephyr.a(printk.c.obj)
                0x0000502e                z_vprintk
 .text.printk   0x0000536e       0x1c mcuboot/zephyr/libmcuboot_zephyr.a(printk.c.obj)
                0x0000536e                printk
 .text._ConfigAbsSyms
                0x0000538a        0x2 mcuboot/zephyr/libmcuboot_zephyr.a(configs.c.obj)
                0x0000538a                _ConfigAbsSyms
 .text.z_platform_init
                0x0000538c        0x8 mcuboot/zephyr/libmcuboot_zephyr.a(soc.c.obj)
                0x0000538c                z_platform_init
 .text.dummy_timestamp
                0x00005394        0x4 mcuboot/zephyr/libmcuboot_zephyr.a(log_core.c.obj)
 .text.k_cycle_get_32_wrapper
                0x00005398        0x8 mcuboot/zephyr/libmcuboot_zephyr.a(log_core.c.obj)
 .text.log_string_sync
                0x000053a0       0x1c mcuboot/zephyr/libmcuboot_zephyr.a(log_core.c.obj)
                0x000053a0                log_string_sync
 .text.enable_logger
                0x000053bc        0xa mcuboot/zephyr/libmcuboot_zephyr.a(log_core.c.obj)
 .text.buffer_write
                0x000053c6       0x1a mcuboot/zephyr/libmcuboot_zephyr.a(log_output.c.obj)
 .text.ends_with_newline
                0x000053e0       0x18 mcuboot/zephyr/libmcuboot_zephyr.a(log_output.c.obj)
 .text.color_prefix
                0x000053f8        0xc mcuboot/zephyr/libmcuboot_zephyr.a(log_output.c.obj)
 .text.color_postfix
                0x00005404        0xc mcuboot/zephyr/libmcuboot_zephyr.a(log_output.c.obj)
 .text.postfix_print
                0x00005410       0x18 mcuboot/zephyr/libmcuboot_zephyr.a(log_output.c.obj)
 .text.prefix_print
                0x00005428       0x52 mcuboot/zephyr/libmcuboot_zephyr.a(log_output.c.obj)
 .text.log_output_flush
                0x0000547a       0x1a mcuboot/zephyr/libmcuboot_zephyr.a(log_output.c.obj)
                0x0000547a                log_output_flush
 .text.out_func
                0x00005494       0x28 mcuboot/zephyr/libmcuboot_zephyr.a(log_output.c.obj)
 .text.char_out
                0x000054bc       0x20 mcuboot/zephyr/libmcuboot_zephyr.a(log_backend_uart.c.obj)
 .text.should_bail
                0x000054dc       0x3e mcuboot/zephyr/libmcuboot_zephyr.a(flash_map.c.obj)
 .text.get_sectors_cb
                0x0000551a       0x3c mcuboot/zephyr/libmcuboot_zephyr.a(flash_map.c.obj)
 .text.flash_area_layout
                0x00005556       0x4e mcuboot/zephyr/libmcuboot_zephyr.a(flash_map.c.obj)
 .text.flash_area_close
                0x000055a4        0x2 mcuboot/zephyr/libmcuboot_zephyr.a(flash_map.c.obj)
                0x000055a4                flash_area_close
 .text.flash_area_read
                0x000055a6       0x3e mcuboot/zephyr/libmcuboot_zephyr.a(flash_map.c.obj)
                0x000055a6                flash_area_read
 .text.flash_area_write
                0x000055e4       0x60 mcuboot/zephyr/libmcuboot_zephyr.a(flash_map.c.obj)
                0x000055e4                flash_area_write
 .text.flash_area_erase
                0x00005644       0x5c mcuboot/zephyr/libmcuboot_zephyr.a(flash_map.c.obj)
                0x00005644                flash_area_erase
 .text.flash_area_align
                0x000056a0        0xe mcuboot/zephyr/libmcuboot_zephyr.a(flash_map.c.obj)
                0x000056a0                flash_area_align
 .text.clock_event_check_and_clean
                0x000056ae       0x2a mcuboot/zephyr/libmcuboot_zephyr.a(nrf_power_clock.c.obj)
 .text.get_status
                0x000056d8       0x1a mcuboot/zephyr/libmcuboot_zephyr.a(nrf_power_clock.c.obj)
 .text.clock_stop
                0x000056f2       0x64 mcuboot/zephyr/libmcuboot_zephyr.a(nrf_power_clock.c.obj)
 .text.is_in_list
                0x00005756       0x1a mcuboot/zephyr/libmcuboot_zephyr.a(nrf_power_clock.c.obj)
 .text.clock_async_start
                0x00005770       0x94 mcuboot/zephyr/libmcuboot_zephyr.a(nrf_power_clock.c.obj)
 .text.clock_start
                0x00005804        0xa mcuboot/zephyr/libmcuboot_zephyr.a(nrf_power_clock.c.obj)
 .text.lfclk_init
                0x0000580e        0xa mcuboot/zephyr/libmcuboot_zephyr.a(nrf_power_clock.c.obj)
 .text.clkstarted_handle
                0x00005818       0x3a mcuboot/zephyr/libmcuboot_zephyr.a(nrf_power_clock.c.obj)
 .text.hfclk_init
                0x00005852       0x2e mcuboot/zephyr/libmcuboot_zephyr.a(nrf_power_clock.c.obj)
 .text.z_clock_isr
                0x00005880        0x2 mcuboot/zephyr/libmcuboot_zephyr.a(sys_clock_init.c.obj)
                0x00005880                z_clock_isr
 .text.sys_clock_disable
                0x00005882        0x2 mcuboot/zephyr/libmcuboot_zephyr.a(sys_clock_init.c.obj)
                0x00005882                sys_clock_disable
 .text.counter_sub
                0x00005884        0x8 mcuboot/zephyr/libmcuboot_zephyr.a(nrf_rtc_timer.c.obj)
 .text.z_irq_spurious
                0x0000588c        0x8 mcuboot/zephyr/arch/arch/arm/core/libmcuboot_arch__arm__core.a(irq_manage.c.obj)
                0x0000588c                z_irq_spurious
 .text.z_arm_fatal_error
                0x00005894        0x8 mcuboot/zephyr/arch/arch/arm/core/libmcuboot_arch__arm__core.a(fatal.c.obj)
                0x00005894                z_arm_fatal_error
 .text.z_do_kernel_oops
                0x0000589c        0xc mcuboot/zephyr/arch/arch/arm/core/libmcuboot_arch__arm__core.a(fatal.c.obj)
                0x0000589c                z_do_kernel_oops
 .text.z_arm_nmi
                0x000058a8        0xc mcuboot/zephyr/arch/arch/arm/core/libmcuboot_arch__arm__core.a(nmi.c.obj)
                0x000058a8                z_arm_nmi
 .text.memory_fault_recoverable
                0x000058b4        0x4 mcuboot/zephyr/arch/arch/arm/core/cortex_m/libmcuboot_arch__arm__core__cortex_m.a(fault.c.obj)
 .text.fault_handle
                0x000058b8       0x36 mcuboot/zephyr/arch/arch/arm/core/cortex_m/libmcuboot_arch__arm__core__cortex_m.a(fault.c.obj)
 .text.z_arm_configure_dynamic_mpu_regions
                0x000058ee        0xc mcuboot/zephyr/arch/arch/arm/core/cortex_m/mpu/libmcuboot_arch__arm__core__cortex_m__mpu.a(arm_core_mpu.c.obj)
                0x000058ee                z_arm_configure_dynamic_mpu_regions
 .text.mpu_partition_is_valid
                0x000058fa       0x24 mcuboot/zephyr/arch/arch/arm/core/cortex_m/mpu/libmcuboot_arch__arm__core__cortex_m__mpu.a(arm_mpu.c.obj)
 .text.mpu_configure_region
                0x0000591e       0x36 mcuboot/zephyr/arch/arch/arm/core/cortex_m/mpu/libmcuboot_arch__arm__core__cortex_m__mpu.a(arm_mpu.c.obj)
 .text.arm_core_mpu_configure_dynamic_mpu_regions
                0x00005954        0x8 mcuboot/zephyr/arch/arch/arm/core/cortex_m/mpu/libmcuboot_arch__arm__core__cortex_m__mpu.a(arm_mpu.c.obj)
                0x00005954                arm_core_mpu_configure_dynamic_mpu_regions
 .text.strcmp   0x0000595c       0x16 mcuboot/zephyr/lib/libc/minimal/libmcuboot_lib__libc__minimal.a(string.c.obj)
                0x0000595c                strcmp
 .text.memcmp   0x00005972       0x30 mcuboot/zephyr/lib/libc/minimal/libmcuboot_lib__libc__minimal.a(string.c.obj)
                0x00005972                memcmp
 .text.memcpy   0x000059a2       0x4a mcuboot/zephyr/lib/libc/minimal/libmcuboot_lib__libc__minimal.a(string.c.obj)
                0x000059a2                memcpy
 .text.memset   0x000059ec       0x3e mcuboot/zephyr/lib/libc/minimal/libmcuboot_lib__libc__minimal.a(string.c.obj)
                0x000059ec                memset
 .text._stdout_hook_default
                0x00005a2a        0x6 mcuboot/zephyr/lib/libc/minimal/libmcuboot_lib__libc__minimal.a(stdout_console.c.obj)
 .text.gpio_nrfx_write
                0x00005a30       0x44 mcuboot/zephyr/drivers/gpio/libmcuboot_drivers__gpio.a(gpio_nrfx.c.obj)
 .text.gpio_nrfx_read
                0x00005a74       0x30 mcuboot/zephyr/drivers/gpio/libmcuboot_drivers__gpio.a(gpio_nrfx.c.obj)
 .text.gpio_nrfx_manage_callback
                0x00005aa4       0x60 mcuboot/zephyr/drivers/gpio/libmcuboot_drivers__gpio.a(gpio_nrfx.c.obj)
 .text.gpio_nrfx_pin_manage_callback
                0x00005b04       0x52 mcuboot/zephyr/drivers/gpio/libmcuboot_drivers__gpio.a(gpio_nrfx.c.obj)
 .text.gpio_nrfx_pin_enable_callback
                0x00005b56        0xa mcuboot/zephyr/drivers/gpio/libmcuboot_drivers__gpio.a(gpio_nrfx.c.obj)
 .text.gpio_nrfx_pin_disable_callback
                0x00005b60        0xa mcuboot/zephyr/drivers/gpio/libmcuboot_drivers__gpio.a(gpio_nrfx.c.obj)
 .text.shift_write_context
                0x00005b6a       0x14 mcuboot/zephyr/drivers/flash/libmcuboot_drivers__flash.a(soc_flash_nrf.c.obj)
 .text.erase_op
                0x00005b7e       0x24 mcuboot/zephyr/drivers/flash/libmcuboot_drivers__flash.a(soc_flash_nrf.c.obj)
 .text.erase    0x00005ba2       0x18 mcuboot/zephyr/drivers/flash/libmcuboot_drivers__flash.a(soc_flash_nrf.c.obj)
 .text.write_op
                0x00005bba       0x5e mcuboot/zephyr/drivers/flash/libmcuboot_drivers__flash.a(soc_flash_nrf.c.obj)
 .text.write    0x00005c18       0x16 mcuboot/zephyr/drivers/flash/libmcuboot_drivers__flash.a(soc_flash_nrf.c.obj)
 .text.flash_nrf_read
                0x00005c2e       0x4c mcuboot/zephyr/drivers/flash/libmcuboot_drivers__flash.a(soc_flash_nrf.c.obj)
 .text.flash_page_foreach
                0x00005c7a       0x54 mcuboot/zephyr/drivers/flash/libmcuboot_drivers__flash.a(flash_page_layout.c.obj)
                0x00005c7a                flash_page_foreach
 .text.uarte_nrfx_isr_int
                0x00005cce       0x34 mcuboot/zephyr/drivers/serial/libmcuboot_drivers__serial.a(uart_nrfx_uarte.c.obj)
 .text.uarte_nrfx_configure
                0x00005d02       0xa6 mcuboot/zephyr/drivers/serial/libmcuboot_drivers__serial.a(uart_nrfx_uarte.c.obj)
 .text.uarte_nrfx_config_get
                0x00005da8       0x10 mcuboot/zephyr/drivers/serial/libmcuboot_drivers__serial.a(uart_nrfx_uarte.c.obj)
 .text.uarte_nrfx_err_check
                0x00005db8       0x1a mcuboot/zephyr/drivers/serial/libmcuboot_drivers__serial.a(uart_nrfx_uarte.c.obj)
 .text.uarte_nrfx_poll_in
                0x00005dd2       0x2a mcuboot/zephyr/drivers/serial/libmcuboot_drivers__serial.a(uart_nrfx_uarte.c.obj)
 .text.uarte_nrfx_poll_out
                0x00005dfc       0x30 mcuboot/zephyr/drivers/serial/libmcuboot_drivers__serial.a(uart_nrfx_uarte.c.obj)
 .text.uarte_nrfx_fifo_fill
                0x00005e2c       0x48 mcuboot/zephyr/drivers/serial/libmcuboot_drivers__serial.a(uart_nrfx_uarte.c.obj)
 .text.uarte_nrfx_fifo_read
                0x00005e74       0x22 mcuboot/zephyr/drivers/serial/libmcuboot_drivers__serial.a(uart_nrfx_uarte.c.obj)
 .text.uarte_nrfx_irq_tx_enable
                0x00005e96       0x18 mcuboot/zephyr/drivers/serial/libmcuboot_drivers__serial.a(uart_nrfx_uarte.c.obj)
 .text.uarte_nrfx_irq_tx_disable
                0x00005eae        0xa mcuboot/zephyr/drivers/serial/libmcuboot_drivers__serial.a(uart_nrfx_uarte.c.obj)
 .text.uarte_nrfx_irq_tx_ready_complete
                0x00005eb8       0x22 mcuboot/zephyr/drivers/serial/libmcuboot_drivers__serial.a(uart_nrfx_uarte.c.obj)
 .text.uarte_nrfx_irq_rx_ready
                0x00005eda       0x12 mcuboot/zephyr/drivers/serial/libmcuboot_drivers__serial.a(uart_nrfx_uarte.c.obj)
 .text.uarte_nrfx_irq_rx_enable
                0x00005eec        0xe mcuboot/zephyr/drivers/serial/libmcuboot_drivers__serial.a(uart_nrfx_uarte.c.obj)
 .text.uarte_nrfx_irq_rx_disable
                0x00005efa        0xe mcuboot/zephyr/drivers/serial/libmcuboot_drivers__serial.a(uart_nrfx_uarte.c.obj)
 .text.uarte_nrfx_irq_err_enable
                0x00005f08       0x10 mcuboot/zephyr/drivers/serial/libmcuboot_drivers__serial.a(uart_nrfx_uarte.c.obj)
 .text.uarte_nrfx_irq_err_disable
                0x00005f18       0x10 mcuboot/zephyr/drivers/serial/libmcuboot_drivers__serial.a(uart_nrfx_uarte.c.obj)
 .text.uarte_nrfx_irq_is_pending
                0x00005f28       0x40 mcuboot/zephyr/drivers/serial/libmcuboot_drivers__serial.a(uart_nrfx_uarte.c.obj)
 .text.uarte_nrfx_irq_update
                0x00005f68        0x4 mcuboot/zephyr/drivers/serial/libmcuboot_drivers__serial.a(uart_nrfx_uarte.c.obj)
 .text.uarte_nrfx_irq_callback_set
                0x00005f6c        0xc mcuboot/zephyr/drivers/serial/libmcuboot_drivers__serial.a(uart_nrfx_uarte.c.obj)
 .text._mbedtls_init
                0x00005f78        0x4 mcuboot/zephyr/modules/mbedtls/libmcuboot_..__modules__crypto__mbedtls.a(zephyr_init.c.obj)
 .text.mbedtls_asn1_get_len
                0x00005f7c       0xca mcuboot/zephyr/modules/mbedtls/libmcuboot_..__modules__crypto__mbedtls.a(asn1parse.c.obj)
                0x00005f7c                mbedtls_asn1_get_len
 .text.mbedtls_asn1_get_tag
                0x00006046       0x26 mcuboot/zephyr/modules/mbedtls/libmcuboot_..__modules__crypto__mbedtls.a(asn1parse.c.obj)
                0x00006046                mbedtls_asn1_get_tag
 .text.mbedtls_asn1_get_mpi
                0x0000606c       0x30 mcuboot/zephyr/modules/mbedtls/libmcuboot_..__modules__crypto__mbedtls.a(asn1parse.c.obj)
                0x0000606c                mbedtls_asn1_get_mpi
 .text.mbedtls_clz
                0x0000609c       0x18 mcuboot/zephyr/modules/mbedtls/libmcuboot_..__modules__crypto__mbedtls.a(bignum.c.obj)
 .text.mpi_uint_bigendian_to_host_c
                0x000060b4       0x26 mcuboot/zephyr/modules/mbedtls/libmcuboot_..__modules__crypto__mbedtls.a(bignum.c.obj)
 .text.mpi_uint_bigendian_to_host
                0x000060da        0x8 mcuboot/zephyr/modules/mbedtls/libmcuboot_..__modules__crypto__mbedtls.a(bignum.c.obj)
 .text.mpi_bigendian_to_host
                0x000060e2       0x30 mcuboot/zephyr/modules/mbedtls/libmcuboot_..__modules__crypto__mbedtls.a(bignum.c.obj)
 .text.mpi_sub_hlp
                0x00006112       0x4e mcuboot/zephyr/modules/mbedtls/libmcuboot_..__modules__crypto__mbedtls.a(bignum.c.obj)
 .text.mpi_mul_hlp
                0x00006160      0x342 mcuboot/zephyr/modules/mbedtls/libmcuboot_..__modules__crypto__mbedtls.a(bignum.c.obj)
 .text.mbedtls_int_div_int
                0x000064a2       0x5c mcuboot/zephyr/modules/mbedtls/libmcuboot_..__modules__crypto__mbedtls.a(bignum.c.obj)
 .text.mpi_montg_init
                0x000064fe       0x30 mcuboot/zephyr/modules/mbedtls/libmcuboot_..__modules__crypto__mbedtls.a(bignum.c.obj)
 .text.mbedtls_mpi_zeroize
                0x0000652e        0xa mcuboot/zephyr/modules/mbedtls/libmcuboot_..__modules__crypto__mbedtls.a(bignum.c.obj)
 .text.mbedtls_mpi_init
                0x00006538        0xc mcuboot/zephyr/modules/mbedtls/libmcuboot_..__modules__crypto__mbedtls.a(bignum.c.obj)
                0x00006538                mbedtls_mpi_init
 .text.mbedtls_mpi_free
                0x00006544       0x24 mcuboot/zephyr/modules/mbedtls/libmcuboot_..__modules__crypto__mbedtls.a(bignum.c.obj)
                0x00006544                mbedtls_mpi_free
 .text.mbedtls_mpi_grow
                0x00006568       0x52 mcuboot/zephyr/modules/mbedtls/libmcuboot_..__modules__crypto__mbedtls.a(bignum.c.obj)
                0x00006568                mbedtls_mpi_grow
 .text.mbedtls_mpi_copy
                0x000065ba       0x66 mcuboot/zephyr/modules/mbedtls/libmcuboot_..__modules__crypto__mbedtls.a(bignum.c.obj)
                0x000065ba                mbedtls_mpi_copy
 .text.mbedtls_mpi_lset
                0x00006620       0x3c mcuboot/zephyr/modules/mbedtls/libmcuboot_..__modules__crypto__mbedtls.a(bignum.c.obj)
                0x00006620                mbedtls_mpi_lset
 .text.mbedtls_mpi_get_bit
                0x0000665c       0x20 mcuboot/zephyr/modules/mbedtls/libmcuboot_..__modules__crypto__mbedtls.a(bignum.c.obj)
                0x0000665c                mbedtls_mpi_get_bit
 .text.mbedtls_mpi_bitlen
                0x0000667c       0x2e mcuboot/zephyr/modules/mbedtls/libmcuboot_..__modules__crypto__mbedtls.a(bignum.c.obj)
                0x0000667c                mbedtls_mpi_bitlen
 .text.mbedtls_mpi_size
                0x000066aa        0xc mcuboot/zephyr/modules/mbedtls/libmcuboot_..__modules__crypto__mbedtls.a(bignum.c.obj)
                0x000066aa                mbedtls_mpi_size
 .text.mbedtls_mpi_read_binary
                0x000066b6       0x62 mcuboot/zephyr/modules/mbedtls/libmcuboot_..__modules__crypto__mbedtls.a(bignum.c.obj)
                0x000066b6                mbedtls_mpi_read_binary
 .text.mbedtls_mpi_write_binary
                0x00006718       0x66 mcuboot/zephyr/modules/mbedtls/libmcuboot_..__modules__crypto__mbedtls.a(bignum.c.obj)
                0x00006718                mbedtls_mpi_write_binary
 .text.mbedtls_mpi_shift_l
                0x0000677e       0xa4 mcuboot/zephyr/modules/mbedtls/libmcuboot_..__modules__crypto__mbedtls.a(bignum.c.obj)
                0x0000677e                mbedtls_mpi_shift_l
 .text.mbedtls_mpi_shift_r
                0x00006822       0x90 mcuboot/zephyr/modules/mbedtls/libmcuboot_..__modules__crypto__mbedtls.a(bignum.c.obj)
                0x00006822                mbedtls_mpi_shift_r
 .text.mbedtls_mpi_cmp_abs
                0x000068b2       0x74 mcuboot/zephyr/modules/mbedtls/libmcuboot_..__modules__crypto__mbedtls.a(bignum.c.obj)
                0x000068b2                mbedtls_mpi_cmp_abs
 .text.mpi_montmul
                0x00006926       0xdc mcuboot/zephyr/modules/mbedtls/libmcuboot_..__modules__crypto__mbedtls.a(bignum.c.obj)
 .text.mpi_montred
                0x00006a02       0x20 mcuboot/zephyr/modules/mbedtls/libmcuboot_..__modules__crypto__mbedtls.a(bignum.c.obj)
 .text.mbedtls_mpi_cmp_mpi
                0x00006a22       0x90 mcuboot/zephyr/modules/mbedtls/libmcuboot_..__modules__crypto__mbedtls.a(bignum.c.obj)
                0x00006a22                mbedtls_mpi_cmp_mpi
 .text.mbedtls_mpi_cmp_int
                0x00006ab2       0x30 mcuboot/zephyr/modules/mbedtls/libmcuboot_..__modules__crypto__mbedtls.a(bignum.c.obj)
                0x00006ab2                mbedtls_mpi_cmp_int
 .text.mbedtls_mpi_add_abs
                0x00006ae2       0xa8 mcuboot/zephyr/modules/mbedtls/libmcuboot_..__modules__crypto__mbedtls.a(bignum.c.obj)
                0x00006ae2                mbedtls_mpi_add_abs
 .text.mbedtls_mpi_sub_abs
                0x00006b8a       0x76 mcuboot/zephyr/modules/mbedtls/libmcuboot_..__modules__crypto__mbedtls.a(bignum.c.obj)
                0x00006b8a                mbedtls_mpi_sub_abs
 .text.mbedtls_mpi_add_mpi
                0x00006c00       0x54 mcuboot/zephyr/modules/mbedtls/libmcuboot_..__modules__crypto__mbedtls.a(bignum.c.obj)
                0x00006c00                mbedtls_mpi_add_mpi
 .text.mbedtls_mpi_sub_mpi
                0x00006c54       0x58 mcuboot/zephyr/modules/mbedtls/libmcuboot_..__modules__crypto__mbedtls.a(bignum.c.obj)
                0x00006c54                mbedtls_mpi_sub_mpi
 .text.mbedtls_mpi_mul_mpi
                0x00006cac       0xca mcuboot/zephyr/modules/mbedtls/libmcuboot_..__modules__crypto__mbedtls.a(bignum.c.obj)
                0x00006cac                mbedtls_mpi_mul_mpi
 .text.mbedtls_mpi_mul_int
                0x00006d76       0x1c mcuboot/zephyr/modules/mbedtls/libmcuboot_..__modules__crypto__mbedtls.a(bignum.c.obj)
                0x00006d76                mbedtls_mpi_mul_int
 .text.mbedtls_mpi_div_mpi
                0x00006d92      0x3a8 mcuboot/zephyr/modules/mbedtls/libmcuboot_..__modules__crypto__mbedtls.a(bignum.c.obj)
                0x00006d92                mbedtls_mpi_div_mpi
 .text.mbedtls_mpi_mod_mpi
                0x0000713a       0x68 mcuboot/zephyr/modules/mbedtls/libmcuboot_..__modules__crypto__mbedtls.a(bignum.c.obj)
                0x0000713a                mbedtls_mpi_mod_mpi
 .text.mbedtls_mpi_exp_mod
                0x000071a2      0x49c mcuboot/zephyr/modules/mbedtls/libmcuboot_..__modules__crypto__mbedtls.a(bignum.c.obj)
                0x000071a2                mbedtls_mpi_exp_mod
 .text.platform_calloc_uninit
                0x0000763e        0x4 mcuboot/zephyr/modules/mbedtls/libmcuboot_..__modules__crypto__mbedtls.a(platform.c.obj)
 .text.platform_free_uninit
                0x00007642        0x2 mcuboot/zephyr/modules/mbedtls/libmcuboot_..__modules__crypto__mbedtls.a(platform.c.obj)
 .text.platform_exit_uninit
                0x00007644        0x2 mcuboot/zephyr/modules/mbedtls/libmcuboot_..__modules__crypto__mbedtls.a(platform.c.obj)
 .text.mbedtls_rsa_import
                0x00007646       0x74 mcuboot/zephyr/modules/mbedtls/libmcuboot_..__modules__crypto__mbedtls.a(rsa.c.obj)
                0x00007646                mbedtls_rsa_import
 .text.mbedtls_rsa_set_padding
                0x000076ba        0xa mcuboot/zephyr/modules/mbedtls/libmcuboot_..__modules__crypto__mbedtls.a(rsa.c.obj)
                0x000076ba                mbedtls_rsa_set_padding
 .text.mbedtls_rsa_init
                0x000076c4       0x1c mcuboot/zephyr/modules/mbedtls/libmcuboot_..__modules__crypto__mbedtls.a(rsa.c.obj)
                0x000076c4                mbedtls_rsa_init
 .text.mbedtls_rsa_free
                0x000076e0       0x70 mcuboot/zephyr/modules/mbedtls/libmcuboot_..__modules__crypto__mbedtls.a(rsa.c.obj)
                0x000076e0                mbedtls_rsa_free
 .text.mbedtls_sha256_init
                0x00007750        0xc mcuboot/zephyr/modules/mbedtls/libmcuboot_..__modules__crypto__mbedtls.a(sha256.c.obj)
                0x00007750                mbedtls_sha256_init
 .text.mbedtls_sha256_update_ret
                0x0000775c       0x86 mcuboot/zephyr/modules/mbedtls/libmcuboot_..__modules__crypto__mbedtls.a(sha256.c.obj)
                0x0000775c                mbedtls_sha256_update_ret
 .text.mbedtls_sha256_finish_ret
                0x000077e2      0x13e mcuboot/zephyr/modules/mbedtls/libmcuboot_..__modules__crypto__mbedtls.a(sha256.c.obj)
                0x000077e2                mbedtls_sha256_finish_ret
 .text.flash_page_size_get
                0x00007920        0x6 mcuboot/zephyr/modules/nordic/libmcuboot_..__modules__hal__nordic.a(nrfx_nvmc.c.obj)
 .text.flash_page_count_get
                0x00007926        0x6 mcuboot/zephyr/modules/nordic/libmcuboot_..__modules__hal__nordic.a(nrfx_nvmc.c.obj)
 .text.flash_total_size_get
                0x0000792c       0x12 mcuboot/zephyr/modules/nordic/libmcuboot_..__modules__hal__nordic.a(nrfx_nvmc.c.obj)
 .text.is_page_aligned_check
                0x0000793e       0x18 mcuboot/zephyr/modules/nordic/libmcuboot_..__modules__hal__nordic.a(nrfx_nvmc.c.obj)
 .text.partial_word_create
                0x00007956       0x28 mcuboot/zephyr/modules/nordic/libmcuboot_..__modules__hal__nordic.a(nrfx_nvmc.c.obj)
 .text.nvmc_words_write
                0x0000797e       0x20 mcuboot/zephyr/modules/nordic/libmcuboot_..__modules__hal__nordic.a(nrfx_nvmc.c.obj)
 .text.nrfx_nvmc_word_write
                0x0000799e       0x18 mcuboot/zephyr/modules/nordic/libmcuboot_..__modules__hal__nordic.a(nrfx_nvmc.c.obj)
                0x0000799e                nrfx_nvmc_word_write
 .text.nrfx_nvmc_bytes_write
                0x000079b6       0x6a mcuboot/zephyr/modules/nordic/libmcuboot_..__modules__hal__nordic.a(nrfx_nvmc.c.obj)
                0x000079b6                nrfx_nvmc_bytes_write
 .text.nrfx_nvmc_flash_size_get
                0x00007a20        0x8 mcuboot/zephyr/modules/nordic/libmcuboot_..__modules__hal__nordic.a(nrfx_nvmc.c.obj)
                0x00007a20                nrfx_nvmc_flash_size_get
 .text.nrfx_nvmc_flash_page_size_get
                0x00007a28        0x8 mcuboot/zephyr/modules/nordic/libmcuboot_..__modules__hal__nordic.a(nrfx_nvmc.c.obj)
                0x00007a28                nrfx_nvmc_flash_page_size_get
 .text.nrfx_nvmc_flash_page_count_get
                0x00007a30        0x8 mcuboot/zephyr/modules/nordic/libmcuboot_..__modules__hal__nordic.a(nrfx_nvmc.c.obj)
                0x00007a30                nrfx_nvmc_flash_page_count_get
 .text.z_arch_system_halt
                0x00007a38       0x12 mcuboot/zephyr/kernel/libmcuboot_kernel.a(fatal.c.obj)
                0x00007a38                z_arch_system_halt
 .text.k_sys_fatal_error_handler
                0x00007a4a        0xe mcuboot/zephyr/kernel/libmcuboot_kernel.a(fatal.c.obj)
                0x00007a4a                k_sys_fatal_error_handler
 .text.z_fatal_error
                0x00007a58       0x1c mcuboot/zephyr/kernel/libmcuboot_kernel.a(fatal.c.obj)
                0x00007a58                z_fatal_error
 .text.create_free_list
                0x00007a74       0x1c mcuboot/zephyr/kernel/libmcuboot_kernel.a(mem_slab.c.obj)
 .text.pended_on
                0x00007a90        0x4 mcuboot/zephyr/kernel/libmcuboot_kernel.a(sched.c.obj)
 .text.z_is_t1_higher_prio_than_t2
                0x00007a94       0x14 mcuboot/zephyr/kernel/libmcuboot_kernel.a(sched.c.obj)
                0x00007a94                z_is_t1_higher_prio_than_t2
 .text.z_unpend_thread_no_timeout
                0x00007aa8       0x40 mcuboot/zephyr/kernel/libmcuboot_kernel.a(sched.c.obj)
                0x00007aa8                z_unpend_thread_no_timeout
 .text.z_priq_dumb_best
                0x00007ae8        0xe mcuboot/zephyr/kernel/libmcuboot_kernel.a(sched.c.obj)
                0x00007ae8                z_priq_dumb_best
 .text.z_unpend_first_thread
                0x00007af6       0x7a mcuboot/zephyr/kernel/libmcuboot_kernel.a(sched.c.obj)
                0x00007af6                z_unpend_first_thread
 .text.do_sem_give
                0x00007b70       0x46 mcuboot/zephyr/kernel/libmcuboot_kernel.a(sem.c.obj)
 .text.z_thread_single_abort
                0x00007bb6       0x4e mcuboot/zephyr/kernel/libmcuboot_kernel.a(thread.c.obj)
                0x00007bb6                z_thread_single_abort
 .text.remove_timeout
                0x00007c04       0x26 mcuboot/zephyr/kernel/libmcuboot_kernel.a(timeout.c.obj)
 .text.next_timeout
                0x00007c2a       0x1e mcuboot/zephyr/kernel/libmcuboot_kernel.a(timeout.c.obj)
 .text.z_abort_timeout
                0x00007c48       0x3c mcuboot/zephyr/kernel/libmcuboot_kernel.a(timeout.c.obj)
                0x00007c48                z_abort_timeout
 .text.k_mem_pool_init
                0x00007c84       0x10 mcuboot/zephyr/kernel/libmcuboot_kernel.a(mempool.c.obj)
 .text._OffsetAbsSyms
                0x00007c94        0x2 mcuboot/zephyr/CMakeFiles/mcuboot_offsets.dir/arch/arm/core/offsets/offsets.c.obj
                0x00007c94                _OffsetAbsSyms
 *(SORT_BY_ALIGNMENT(.gnu.linkonce.t.*))
 *(SORT_BY_ALIGNMENT(.glue_7t))
 .glue_7t       0x00007c96        0x0 linker stubs
 *(SORT_BY_ALIGNMENT(.glue_7))
 .glue_7        0x00007c96        0x0 linker stubs
 *(SORT_BY_ALIGNMENT(.vfp11_veneer))
 .vfp11_veneer  0x00007c96        0x0 linker stubs
 *(SORT_BY_ALIGNMENT(.v4_bx))
 .v4_bx         0x00007c96        0x0 linker stubs
                0x00007c96                _image_text_end = .

.ARM.exidx      0x00007c98        0x8
                0x00007c98                __exidx_start = .
 *(SORT_BY_ALIGNMENT(.ARM.exidx*) SORT_BY_ALIGNMENT(gnu.linkonce.armexidx.*))
 .ARM.exidx     0x00007c98        0x8 c:/program files (x86)/gnu tools arm embedded/7 2018-q2-update/bin/../lib/gcc/arm-none-eabi/7.3.1/thumb/v8-m.main/fpv5-sp/hard\libgcc.a(_udivmoddi4.o)
                0x00007ca0                __exidx_end = .
                0x00007ca0                _image_rodata_start = .

sw_isr_table    0x00007ca0      0x208
                0x00007ca0                . = ALIGN (0x0)
 *(SORT_BY_ALIGNMENT(.gnu.linkonce.sw_isr_table))
 .gnu.linkonce.sw_isr_table
                0x00007ca0      0x208 mcuboot/zephyr/CMakeFiles/mcuboot_zephyr_final.dir/isr_tables.c.obj
                0x00007ca0                _sw_isr_table

app_shmem_regions
                0x00007ea8        0x0
                0x00007ea8                __app_shmem_regions_start = .
 *(SORT_BY_NAME(SORT_BY_ALIGNMENT(.app_regions.*)))
                0x00007ea8                __app_shmem_regions_end = .

devconfig       0x00007ea8       0x9c
                0x00007ea8                __devconfig_start = .
 *(SORT_BY_ALIGNMENT(.devconfig.*))
 .devconfig.init
                0x00007ea8        0xc mcuboot/zephyr/libmcuboot_zephyr.a(soc.c.obj)
 .devconfig.init
                0x00007eb4        0xc mcuboot/zephyr/libmcuboot_zephyr.a(log_core.c.obj)
 .devconfig.init
                0x00007ec0        0xc mcuboot/zephyr/libmcuboot_zephyr.a(uart_console.c.obj)
 .devconfig.init
                0x00007ecc       0x18 mcuboot/zephyr/libmcuboot_zephyr.a(nrf_power_clock.c.obj)
 .devconfig.init
                0x00007ee4        0xc mcuboot/zephyr/libmcuboot_zephyr.a(sys_clock_init.c.obj)
 .devconfig.init
                0x00007ef0        0xc mcuboot/zephyr/arch/arch/arm/core/cortex_m/mpu/libmcuboot_arch__arm__core__cortex_m__mpu.a(arm_mpu.c.obj)
 .devconfig.init
                0x00007efc        0xc mcuboot/zephyr/drivers/gpio/libmcuboot_drivers__gpio.a(gpio_nrfx.c.obj)
 .devconfig.init
                0x00007f08        0xc mcuboot/zephyr/drivers/flash/libmcuboot_drivers__flash.a(soc_flash_nrf.c.obj)
 .devconfig.init
                0x00007f14        0xc mcuboot/zephyr/drivers/serial/libmcuboot_drivers__serial.a(uart_nrfx_uarte.c.obj)
 .devconfig.init
                0x00007f20        0xc mcuboot/zephyr/modules/mbedtls/libmcuboot_..__modules__crypto__mbedtls.a(zephyr_init.c.obj)
 .devconfig.init
                0x00007f2c        0xc mcuboot/zephyr/kernel/libmcuboot_kernel.a(mem_slab.c.obj)
 .devconfig.init
                0x00007f38        0xc mcuboot/zephyr/kernel/libmcuboot_kernel.a(mempool.c.obj)
 *(SORT_BY_NAME(SORT_BY_ALIGNMENT(.devconfig*)))
                0x00007f44                __devconfig_end = .

net_l2          0x00007f44        0x0
                0x00007f44                __net_l2_start = .
 *(SORT_BY_ALIGNMENT(.net_l2.init))
 *(SORT_BY_NAME(SORT_BY_ALIGNMENT(.net_l2.init*)))
                0x00007f44                __net_l2_end = .

_bt_channels_area
                0x00007f44        0x0
                0x00007f44                _bt_l2cap_fixed_chan_list_start = .
 *(SORT_BY_NAME(SORT_BY_ALIGNMENT(._bt_l2cap_fixed_chan.static.*)))
                0x00007f44                _bt_l2cap_fixed_chan_list_end = .

_bt_services_area
                0x00007f44        0x0
                0x00007f44                _bt_gatt_service_static_list_start = .
 *(SORT_BY_NAME(SORT_BY_ALIGNMENT(._bt_gatt_service_static.static.*)))
                0x00007f44                _bt_gatt_service_static_list_end = .

log_const_sections
                0x00007f44       0x30
                0x00007f44                __log_const_start = .
 *(SORT_BY_NAME(SORT_BY_ALIGNMENT(.log_const_*)))
 .log_const_clock_control
                0x00007f44        0x8 mcuboot/zephyr/libmcuboot_zephyr.a(nrf_power_clock.c.obj)
                0x00007f44                log_const_clock_control
 .log_const_mcuboot
                0x00007f4c        0x8 mcuboot/mcuboot_app/libmcuboot_app.a(main.c.obj)
                0x00007f4c                log_const_mcuboot
 .log_const_mpu
                0x00007f54        0x8 mcuboot/zephyr/arch/arch/arm/core/cortex_m/mpu/libmcuboot_arch__arm__core__cortex_m__mpu.a(arm_core_mpu.c.obj)
                0x00007f54                log_const_mpu
 .log_const_os  0x00007f5c        0x8 mcuboot/zephyr/kernel/libmcuboot_kernel.a(init.c.obj)
                0x00007f5c                log_const_os
 .log_const_soc
                0x00007f64        0x8 mcuboot/zephyr/libmcuboot_zephyr.a(soc.c.obj)
                0x00007f64                log_const_soc
 .log_const_uart_nrfx_uarte
                0x00007f6c        0x8 mcuboot/zephyr/drivers/serial/libmcuboot_drivers__serial.a(uart_nrfx_uarte.c.obj)
                0x00007f6c                log_const_uart_nrfx_uarte
                0x00007f74                __log_const_end = .

log_backends_sections
                0x00007f74       0x10
                0x00007f74                __log_backends_start = .
 *(SORT_BY_ALIGNMENT(._log_backend.*))
 ._log_backend.static.log_backend_uart
                0x00007f74       0x10 mcuboot/zephyr/libmcuboot_zephyr.a(log_backend_uart.c.obj)
                0x00007f84                __log_backends_end = .

shell_root_cmds_sections
                0x00007f84        0x0
                0x00007f84                __shell_root_cmds_start = .
 *(SORT_BY_NAME(SORT_BY_ALIGNMENT(.shell_root_cmd_*)))
                0x00007f84                __shell_root_cmds_end = .

font_entry_sections
                0x00007f84        0x0
                0x00007f84                __font_entry_start = .
 *(SORT_BY_NAME(SORT_BY_ALIGNMENT(._cfb_font.*)))
                0x00007f84                __font_entry_end = .

rodata          0x00007f84      0x9c4
 *(SORT_BY_ALIGNMENT(.rodata))
 .rodata        0x00007f84        0x2 mcuboot/mcuboot_app/libmcuboot_app.a(bootutil_misc.c.obj)
 *fill*         0x00007f86        0x2 
 .rodata        0x00007f88       0x10 mcuboot/zephyr/drivers/serial/libmcuboot_drivers__serial.a(uart_nrfx_uarte.c.obj)
 *(SORT_BY_ALIGNMENT(.rodata.*))
 .rodata.main.str1.4
                0x00007f98       0xc6 mcuboot/mcuboot_app/libmcuboot_app.a(main.c.obj)
 *fill*         0x0000805e        0x2 
 .rodata.str1.4
                0x00008060        0x8 mcuboot/mcuboot_app/libmcuboot_app.a(main.c.obj)
 .rodata.flash_device_base.str1.4
                0x00008068       0x21 mcuboot/mcuboot_app/libmcuboot_app.a(flash_map_extended.c.obj)
 *fill*         0x00008089        0x3 
 .rodata.bootutil_key_cnt
                0x0000808c        0x4 mcuboot/mcuboot_app/libmcuboot_app.a(keys.c.obj)
                0x0000808c                bootutil_key_cnt
 .rodata.bootutil_keys
                0x00008090        0x8 mcuboot/mcuboot_app/libmcuboot_app.a(keys.c.obj)
                0x00008090                bootutil_keys
 .rodata.boot_complete_partial_swap.str1.4
                0x00008098        0x7 mcuboot/mcuboot_app/libmcuboot_app.a(loader.c.obj)
 *fill*         0x0000809f        0x1 
 .rodata.boot_prepare_image_for_update.str1.4
                0x000080a0       0x8d mcuboot/mcuboot_app/libmcuboot_app.a(loader.c.obj)
 *fill*         0x0000812d        0x3 
 .rodata.boot_read_status_bytes.str1.4
                0x00008130       0x1e mcuboot/mcuboot_app/libmcuboot_app.a(loader.c.obj)
 *fill*         0x0000814e        0x2 
 .rodata.boot_slots_compatible.str1.4
                0x00008150       0xbd mcuboot/mcuboot_app/libmcuboot_app.a(loader.c.obj)
 *fill*         0x0000820d        0x3 
 .rodata.boot_status_source.str1.4
                0x00008210       0xbe mcuboot/mcuboot_app/libmcuboot_app.a(loader.c.obj)
 *fill*         0x000082ce        0x2 
 .rodata.boot_status_tables
                0x000082d0       0x10 mcuboot/mcuboot_app/libmcuboot_app.a(loader.c.obj)
 .rodata.boot_swap_image.str1.4
                0x000082e0       0x2a mcuboot/mcuboot_app/libmcuboot_app.a(loader.c.obj)
 *fill*         0x0000830a        0x2 
 .rodata.boot_validate_slot.str1.4
                0x0000830c       0x37 mcuboot/mcuboot_app/libmcuboot_app.a(loader.c.obj)
 *fill*         0x00008343        0x1 
 .rodata.boot_img_magic
                0x00008344       0x10 mcuboot/mcuboot_app/libmcuboot_app.a(bootutil_misc.c.obj)
                0x00008344                boot_img_magic
 .rodata.boot_swap_tables
                0x00008354       0x12 mcuboot/mcuboot_app/libmcuboot_app.a(bootutil_misc.c.obj)
 *fill*         0x00008366        0x2 
 .rodata.boot_swap_type_multi.str1.4
                0x00008368       0x38 mcuboot/mcuboot_app/libmcuboot_app.a(bootutil_misc.c.obj)
                                 0x4c (size before relaxing)
 .rodata.pss_zeros
                0x000083a0        0x8 mcuboot/mcuboot_app/libmcuboot_app.a(image_rsa.c.obj)
 .rodata.rsa_pub_key
                0x000083a8      0x10e mcuboot/mcuboot_app/libmcuboot_app.a(autogen-pubkey.c.obj)
                0x000083a8                rsa_pub_key
 *fill*         0x000084b6        0x2 
 .rodata.rsa_pub_key_len
                0x000084b8        0x4 mcuboot/mcuboot_app/libmcuboot_app.a(autogen-pubkey.c.obj)
                0x000084b8                rsa_pub_key_len
 .rodata.str1.4
                0x000084bc        0x4 mcuboot/zephyr/libmcuboot_zephyr.a(soc.c.obj)
                                  0x8 (size before relaxing)
 .rodata.mpu_config
                0x000084c0        0x8 mcuboot/zephyr/libmcuboot_zephyr.a(mpu_regions.c.obj)
                0x000084c0                mpu_config
 .rodata.mpu_regions
                0x000084c8       0x20 mcuboot/zephyr/libmcuboot_zephyr.a(mpu_regions.c.obj)
 .rodata.str1.4
                0x000084e8        0xf mcuboot/zephyr/libmcuboot_zephyr.a(mpu_regions.c.obj)
 .rodata.str1.4
                0x000084f7        0x1 mcuboot/zephyr/libmcuboot_zephyr.a(log_core.c.obj)
 *fill*         0x000084f7        0x1 
 .rodata.color_print.str1.4
                0x000084f8        0xb mcuboot/zephyr/libmcuboot_zephyr.a(log_output.c.obj)
 *fill*         0x00008503        0x1 
 .rodata.colors
                0x00008504       0x14 mcuboot/zephyr/libmcuboot_zephyr.a(log_output.c.obj)
 .rodata.hexdump_line_print.str1.4
                0x00008518       0x13 mcuboot/zephyr/libmcuboot_zephyr.a(log_output.c.obj)
                                 0x17 (size before relaxing)
 *fill*         0x0000852b        0x1 
 .rodata.ids_print.str1.4
                0x0000852c       0x12 mcuboot/zephyr/libmcuboot_zephyr.a(log_output.c.obj)
 *fill*         0x0000853e        0x2 
 .rodata.newline_print.str1.4
                0x00008540        0x3 mcuboot/zephyr/libmcuboot_zephyr.a(log_output.c.obj)
                                  0x7 (size before relaxing)
 *fill*         0x00008543        0x1 
 .rodata.raw_string_print.str1.4
                0x00008544        0x2 mcuboot/zephyr/libmcuboot_zephyr.a(log_output.c.obj)
 *fill*         0x00008546        0x2 
 .rodata.severity
                0x00008548       0x14 mcuboot/zephyr/libmcuboot_zephyr.a(log_output.c.obj)
 .rodata.str1.4
                0x0000855c       0x20 mcuboot/zephyr/libmcuboot_zephyr.a(log_output.c.obj)
 .rodata.timestamp_print.str1.4
                0x0000857c       0x28 mcuboot/zephyr/libmcuboot_zephyr.a(log_output.c.obj)
 .rodata.log_backend_uart_api
                0x000085a4       0x18 mcuboot/zephyr/libmcuboot_zephyr.a(log_backend_uart.c.obj)
                0x000085a4                log_backend_uart_api
 .rodata.log_backend_uart_init.str1.4
                0x000085bc        0x7 mcuboot/zephyr/libmcuboot_zephyr.a(log_backend_uart.c.obj)
 *fill*         0x000085c3        0x1 
 .rodata.log_output
                0x000085c4       0x10 mcuboot/zephyr/libmcuboot_zephyr.a(log_backend_uart.c.obj)
 .rodata.str1.4
                0x000085d4       0x11 mcuboot/zephyr/libmcuboot_zephyr.a(log_backend_uart.c.obj)
 *fill*         0x000085e5        0x3 
 .rodata.default_flash_map
                0x000085e8       0x90 mcuboot/zephyr/libmcuboot_zephyr.a(flash_map_default.c.obj)
                0x000085e8                default_flash_map
 .rodata.flash_map_entries
                0x00008678        0x4 mcuboot/zephyr/libmcuboot_zephyr.a(flash_map_default.c.obj)
                0x00008678                flash_map_entries
 .rodata.str1.4
                0x0000867c       0x13 mcuboot/zephyr/libmcuboot_zephyr.a(flash_map_default.c.obj)
 .rodata.str1.4
                0x0000867c        0x1 mcuboot/zephyr/libmcuboot_zephyr.a(uart_console.c.obj)
 .rodata.uart_console_init.str1.4
                0x0000867c        0x7 mcuboot/zephyr/libmcuboot_zephyr.a(uart_console.c.obj)
 .rodata.clock_control_api
                0x0000867c       0x14 mcuboot/zephyr/libmcuboot_zephyr.a(nrf_power_clock.c.obj)
 .rodata.hfclk_config
                0x00008690        0xc mcuboot/zephyr/libmcuboot_zephyr.a(nrf_power_clock.c.obj)
 .rodata.lfclk_config
                0x0000869c        0xc mcuboot/zephyr/libmcuboot_zephyr.a(nrf_power_clock.c.obj)
 .rodata.str1.4
                0x000086a8       0x26 mcuboot/zephyr/libmcuboot_zephyr.a(nrf_power_clock.c.obj)
 *fill*         0x000086ce        0x2 
 .rodata.str1.4
                0x000086d0        0xa mcuboot/zephyr/libmcuboot_zephyr.a(sys_clock_init.c.obj)
 .rodata.z_clock_driver_init.str1.4
                0x000086da        0xa mcuboot/zephyr/libmcuboot_zephyr.a(nrf_rtc_timer.c.obj)
 *fill*         0x000086da        0x2 
 .rodata.str1.4
                0x000086dc        0x4 mcuboot/zephyr/arch/arch/arm/core/cortex_m/mpu/libmcuboot_arch__arm__core__cortex_m__mpu.a(arm_core_mpu.c.obj)
 .rodata.mpu_configure_regions.str1.4
                0x000086e0       0x47 mcuboot/zephyr/arch/arch/arm/core/cortex_m/mpu/libmcuboot_arch__arm__core__cortex_m__mpu.a(arm_mpu.c.obj)
 *fill*         0x00008727        0x1 
 .rodata.region_allocate_and_init.str1.4
                0x00008728       0x26 mcuboot/zephyr/arch/arch/arm/core/cortex_m/mpu/libmcuboot_arch__arm__core__cortex_m__mpu.a(arm_mpu.c.obj)
 .rodata.str1.4
                0x0000874e        0x1 mcuboot/zephyr/arch/arch/arm/core/cortex_m/mpu/libmcuboot_arch__arm__core__cortex_m__mpu.a(arm_mpu.c.obj)
 *fill*         0x0000874e        0x2 
 .rodata.gpio_nrfx_drv_api_funcs
                0x00008750       0x1c mcuboot/zephyr/drivers/gpio/libmcuboot_drivers__gpio.a(gpio_nrfx.c.obj)
 .rodata.gpio_nrfx_p0_cfg
                0x0000876c        0x8 mcuboot/zephyr/drivers/gpio/libmcuboot_drivers__gpio.a(gpio_nrfx.c.obj)
 .rodata.str1.4
                0x00008774        0x7 mcuboot/zephyr/drivers/gpio/libmcuboot_drivers__gpio.a(gpio_nrfx.c.obj)
 *fill*         0x0000877b        0x1 
 .rodata.flash_nrf_api
                0x0000877c       0x18 mcuboot/zephyr/drivers/flash/libmcuboot_drivers__flash.a(soc_flash_nrf.c.obj)
 .rodata.str1.4
                0x00008794       0x13 mcuboot/zephyr/drivers/flash/libmcuboot_drivers__flash.a(soc_flash_nrf.c.obj)
 .rodata.str1.4
                0x00008794       0x10 mcuboot/zephyr/drivers/serial/libmcuboot_drivers__serial.a(uart_nrfx_uarte.c.obj)
                                 0x18 (size before relaxing)
 .rodata.uart_nrfx_uarte_driver_api
                0x000087a4       0x4c mcuboot/zephyr/drivers/serial/libmcuboot_drivers__serial.a(uart_nrfx_uarte.c.obj)
 .rodata.uarte_0z_config
                0x000087f0        0x8 mcuboot/zephyr/drivers/serial/libmcuboot_drivers__serial.a(uart_nrfx_uarte.c.obj)
 .rodata.str1.4
                0x000087f8        0x1 mcuboot/zephyr/modules/mbedtls/libmcuboot_..__modules__crypto__mbedtls.a(zephyr_init.c.obj)
 .rodata.K      0x000087f8      0x100 mcuboot/zephyr/modules/mbedtls/libmcuboot_..__modules__crypto__mbedtls.a(sha256.c.obj)
 .rodata.config_levels.9323
                0x000088f8       0x14 mcuboot/zephyr/kernel/libmcuboot_kernel.a(device.c.obj)
 .rodata._k_neg_eagain
                0x0000890c        0x4 mcuboot/zephyr/kernel/libmcuboot_kernel.a(errno.c.obj)
                0x0000890c                _k_neg_eagain
 .rodata.bg_thread_main.str1.4
                0x00008910       0x32 mcuboot/zephyr/kernel/libmcuboot_kernel.a(init.c.obj)
 *fill*         0x00008942        0x2 
 .rodata.str1.4
                0x00008944        0x4 mcuboot/zephyr/kernel/libmcuboot_kernel.a(init.c.obj)
                                  0x3 (size before relaxing)
 .rodata.str1.4
                0x00008948        0x1 mcuboot/zephyr/kernel/libmcuboot_kernel.a(mem_slab.c.obj)
 .rodata.str1.4
                0x00008948        0x1 mcuboot/zephyr/kernel/libmcuboot_kernel.a(mempool.c.obj)
 *(SORT_BY_ALIGNMENT(.gnu.linkonce.r.*))
                0x0000894c                . = ALIGN (0x4)
                0x0000894c                _ext_abis_start = .
 *(SORT_BY_ALIGNMENT(.ext_abis))
                0x00000001                _ext_abis_size = ABSOLUTE (((. - _ext_abis_start) / 0x4))
                0x0000894c                . = ALIGN (0x4)
                0x0000894c                _image_rodata_end = .
                0x00008960                . = ALIGN (_region_min_align)
                0x00008960                _image_rom_end = .
                0x20000000                . = 0x20000000
                0x20000000                . = ALIGN (_region_min_align)
                0x20000000                _image_ram_start = .

.ramfunc        0x20000000        0x0 load address 0x00008948
                0x20000000                . = ALIGN (_region_min_align)
                0x20000000                _ramfunc_ram_start = .
 *(SORT_BY_ALIGNMENT(.ramfunc))
 *(SORT_BY_ALIGNMENT(.ramfunc.*))
                0x20000000                . = ALIGN (_region_min_align)
                0x20000000                _ramfunc_ram_end = .
                0x00000000                _ramfunc_ram_size = (_ramfunc_ram_end - _ramfunc_ram_start)
                0x00008948                _ramfunc_rom_start = LOADADDR (.ramfunc)

bss             0x20000000     0x2b32
                0x20000000                . = ALIGN (0x4)
                0x20000000                __bss_start = .
                0x20000000                __kernel_ram_start = .
 *(SORT_BY_ALIGNMENT(.bss))
 *(SORT_BY_ALIGNMENT(.bss.*))
 .bss.curr_tick
                0x20000000        0x8 mcuboot/zephyr/kernel/libmcuboot_kernel.a(timeout.c.obj)
 .bss.flash_dev
                0x20000008        0x4 mcuboot/mcuboot_app/libmcuboot_app.a(flash_map_extended.c.obj)
 .bss.mempool   0x2000000c     0x1800 mcuboot/mcuboot_app/libmcuboot_app.a(os.c.obj)
 .bss.boot_data
                0x2000180c       0x68 mcuboot/mcuboot_app/libmcuboot_app.a(loader.c.obj)
 .bss.boot_status_fails
                0x20001874        0x4 mcuboot/mcuboot_app/libmcuboot_app.a(loader.c.obj)
 .bss.buf.5983  0x20001878      0x400 mcuboot/mcuboot_app/libmcuboot_app.a(loader.c.obj)
 .bss.primary_slot_sectors.6111
                0x20001c78      0x400 mcuboot/mcuboot_app/libmcuboot_app.a(loader.c.obj)
 .bss.scratch_sectors.6113
                0x20002078      0x400 mcuboot/mcuboot_app/libmcuboot_app.a(loader.c.obj)
 .bss.secondary_slot_sectors.6112
                0x20002478      0x400 mcuboot/mcuboot_app/libmcuboot_app.a(loader.c.obj)
 .bss.tmpbuf.5901
                0x20002878      0x100 mcuboot/mcuboot_app/libmcuboot_app.a(loader.c.obj)
 .bss.initialized
                0x20002978        0x4 mcuboot/zephyr/libmcuboot_zephyr.a(log_core.c.obj)
 .bss.freq      0x2000297c        0x4 mcuboot/zephyr/libmcuboot_zephyr.a(log_output.c.obj)
 .bss.timestamp_div
                0x20002980        0x4 mcuboot/zephyr/libmcuboot_zephyr.a(log_output.c.obj)
 .bss.backend_cb_log_backend_uart
                0x20002984        0x8 mcuboot/zephyr/libmcuboot_zephyr.a(log_backend_uart.c.obj)
 .bss.log_output_control_block
                0x2000298c        0xc mcuboot/zephyr/libmcuboot_zephyr.a(log_backend_uart.c.obj)
 .bss.uart_console_dev
                0x20002998        0x4 mcuboot/zephyr/libmcuboot_zephyr.a(uart_console.c.obj)
 .bss.hfclk     0x2000299c        0xc mcuboot/zephyr/libmcuboot_zephyr.a(nrf_power_clock.c.obj)
 .bss.lfclk     0x200029a8        0xc mcuboot/zephyr/libmcuboot_zephyr.a(nrf_power_clock.c.obj)
 .bss.last_count
                0x200029b4        0x4 mcuboot/zephyr/libmcuboot_zephyr.a(nrf_rtc_timer.c.obj)
 .bss.dyn_reg_info
                0x200029b8       0x14 mcuboot/zephyr/arch/arch/arm/core/cortex_m/mpu/libmcuboot_arch__arm__core__cortex_m__mpu.a(arm_mpu.c.obj)
 .bss.gpio_nrfx_p0_data
                0x200029cc       0x20 mcuboot/zephyr/drivers/gpio/libmcuboot_drivers__gpio.a(gpio_nrfx.c.obj)
 .bss.dev_layout
                0x200029ec        0x8 mcuboot/zephyr/drivers/flash/libmcuboot_drivers__flash.a(soc_flash_nrf.c.obj)
 .bss.uarte0_tx_buffer
                0x200029f4       0x20 mcuboot/zephyr/drivers/serial/libmcuboot_drivers__serial.a(uart_nrfx_uarte.c.obj)
 .bss.heap      0x20002a14       0x14 mcuboot/zephyr/modules/mbedtls/libmcuboot_..__modules__crypto__mbedtls.a(memory_buffer_alloc.c.obj)
 .bss.z_idle_thread
                0x20002a28       0x6c mcuboot/zephyr/kernel/libmcuboot_kernel.a(init.c.obj)
                0x20002a28                z_idle_thread
 .bss.z_main_thread
                0x20002a94       0x6c mcuboot/zephyr/kernel/libmcuboot_kernel.a(init.c.obj)
                0x20002a94                z_main_thread
 .bss._kernel   0x20002b00       0x28 mcuboot/zephyr/kernel/libmcuboot_kernel.a(sched.c.obj)
                0x20002b00                _kernel
 .bss.lock      0x20002b28        0x0 mcuboot/zephyr/kernel/libmcuboot_kernel.a(sem.c.obj)
 .bss.announce_remaining
                0x20002b28        0x4 mcuboot/zephyr/kernel/libmcuboot_kernel.a(timeout.c.obj)
 .bss.backend_attached
                0x20002b2c        0x1 mcuboot/zephyr/libmcuboot_zephyr.a(log_core.c.obj)
 .bss.panic_mode
                0x20002b2d        0x1 mcuboot/zephyr/libmcuboot_zephyr.a(log_core.c.obj)
 .bss.buf       0x20002b2e        0x1 mcuboot/zephyr/libmcuboot_zephyr.a(log_backend_uart.c.obj)
 .bss.static_regions_num
                0x20002b2f        0x1 mcuboot/zephyr/arch/arch/arm/core/cortex_m/mpu/libmcuboot_arch__arm__core__cortex_m__mpu.a(arm_mpu.c.obj)
 .bss.gpio_initialized.10161
                0x20002b30        0x1 mcuboot/zephyr/drivers/gpio/libmcuboot_drivers__gpio.a(gpio_nrfx.c.obj)
 .bss.write_protect
                0x20002b31        0x1 mcuboot/zephyr/drivers/flash/libmcuboot_drivers__flash.a(soc_flash_nrf.c.obj)
 *(SORT_BY_ALIGNMENT(COMMON))
 *(SORT_BY_ALIGNMENT(.kernel_bss.*))
                0x20002b34                __bss_end = ALIGN (0x4)

noinit          0x20002b38     0x3000
 *(SORT_BY_ALIGNMENT(.noinit))
 *(SORT_BY_ALIGNMENT(.noinit.*))
 .noinit."C:/ncs.sojkk/zephyr/kernel/init.c".3
                0x20002b38     0x2800 mcuboot/zephyr/kernel/libmcuboot_kernel.a(init.c.obj)
                0x20002b38                z_main_stack
 .noinit."C:/ncs.sojkk/zephyr/kernel/init.c".5
                0x20005338      0x800 mcuboot/zephyr/kernel/libmcuboot_kernel.a(init.c.obj)
                0x20005338                _interrupt_stack
 *(SORT_BY_ALIGNMENT(.kernel_noinit.*))

datas           0x20005b38       0x4c load address 0x00008948
                0x20005b38                __data_ram_start = .
 *(SORT_BY_ALIGNMENT(.data))
 *(SORT_BY_ALIGNMENT(.data.*))
 .data._char_out
                0x20005b38        0x4 mcuboot/zephyr/libmcuboot_zephyr.a(printk.c.obj)
                0x20005b38                _char_out
 .data.timestamp_func
                0x20005b3c        0x4 mcuboot/zephyr/libmcuboot_zephyr.a(log_core.c.obj)
 .data.flash_map
                0x20005b40        0x4 mcuboot/zephyr/libmcuboot_zephyr.a(flash_map_default.c.obj)
                0x20005b40                flash_map
 .data._stdout_hook
                0x20005b44        0x4 mcuboot/zephyr/lib/libc/minimal/libmcuboot_lib__libc__minimal.a(stdout_console.c.obj)
 .data.uarte0_int_driven
                0x20005b48       0x10 mcuboot/zephyr/drivers/serial/libmcuboot_drivers__serial.a(uart_nrfx_uarte.c.obj)
 .data.uarte_0_data
                0x20005b58       0x10 mcuboot/zephyr/drivers/serial/libmcuboot_drivers__serial.a(uart_nrfx_uarte.c.obj)
 .data.mbedtls_calloc_func
                0x20005b68        0x4 mcuboot/zephyr/modules/mbedtls/libmcuboot_..__modules__crypto__mbedtls.a(platform.c.obj)
 .data.mbedtls_exit
                0x20005b6c        0x4 mcuboot/zephyr/modules/mbedtls/libmcuboot_..__modules__crypto__mbedtls.a(platform.c.obj)
                0x20005b6c                mbedtls_exit
 .data.mbedtls_free_func
                0x20005b70        0x4 mcuboot/zephyr/modules/mbedtls/libmcuboot_..__modules__crypto__mbedtls.a(platform.c.obj)
 .data.memset_func
                0x20005b74        0x4 mcuboot/zephyr/modules/mbedtls/libmcuboot_..__modules__crypto__mbedtls.a(platform_util.c.obj)
 .data.SystemCoreClock
                0x20005b78        0x4 mcuboot/zephyr/modules/nordic/libmcuboot_..__modules__hal__nordic.a(system_nrf9160.c.obj)
                0x20005b78                SystemCoreClock
 .data.timeout_list
                0x20005b7c        0x8 mcuboot/zephyr/kernel/libmcuboot_kernel.a(timeout.c.obj)
 *(SORT_BY_ALIGNMENT(.kernel.*))
                0x00008948                __data_rom_start = LOADADDR (datas)

initlevel       0x20005b84       0x9c load address 0x00008994
                0x20005b84                __device_init_start = .
                0x20005b84                __device_PRE_KERNEL_1_start = .
 *(SORT_BY_NAME(SORT_BY_ALIGNMENT(.init_PRE_KERNEL_1[0-9])))
 .init_PRE_KERNEL_10
                0x20005b84        0xc mcuboot/zephyr/libmcuboot_zephyr.a(soc.c.obj)
 *(SORT_BY_NAME(SORT_BY_ALIGNMENT(.init_PRE_KERNEL_1[1-9][0-9])))
 .init_PRE_KERNEL_130
                0x20005b90        0xc mcuboot/zephyr/kernel/libmcuboot_kernel.a(mem_slab.c.obj)
 .init_PRE_KERNEL_130
                0x20005b9c        0xc mcuboot/zephyr/kernel/libmcuboot_kernel.a(mempool.c.obj)
 .init_PRE_KERNEL_140
                0x20005ba8        0xc mcuboot/zephyr/arch/arch/arm/core/cortex_m/mpu/libmcuboot_arch__arm__core__cortex_m__mpu.a(arm_mpu.c.obj)
 .init_PRE_KERNEL_150
                0x20005bb4       0x18 mcuboot/zephyr/libmcuboot_zephyr.a(nrf_power_clock.c.obj)
 .init_PRE_KERNEL_150
                0x20005bcc        0xc mcuboot/zephyr/drivers/serial/libmcuboot_drivers__serial.a(uart_nrfx_uarte.c.obj)
 .init_PRE_KERNEL_160
                0x20005bd8        0xc mcuboot/zephyr/libmcuboot_zephyr.a(uart_console.c.obj)
                0x20005be4                __device_PRE_KERNEL_2_start = .
 *(SORT_BY_NAME(SORT_BY_ALIGNMENT(.init_PRE_KERNEL_2[0-9])))
 .init_PRE_KERNEL_20
                0x20005be4        0xc mcuboot/zephyr/libmcuboot_zephyr.a(sys_clock_init.c.obj)
 *(SORT_BY_NAME(SORT_BY_ALIGNMENT(.init_PRE_KERNEL_2[1-9][0-9])))
                0x20005bf0                __device_POST_KERNEL_start = .
 *(SORT_BY_NAME(SORT_BY_ALIGNMENT(.init_POST_KERNEL[0-9])))
 .init_POST_KERNEL0
                0x20005bf0        0xc mcuboot/zephyr/libmcuboot_zephyr.a(log_core.c.obj)
 .init_POST_KERNEL0
                0x20005bfc        0xc mcuboot/zephyr/modules/mbedtls/libmcuboot_..__modules__crypto__mbedtls.a(zephyr_init.c.obj)
 *(SORT_BY_NAME(SORT_BY_ALIGNMENT(.init_POST_KERNEL[1-9][0-9])))
 .init_POST_KERNEL40
                0x20005c08        0xc mcuboot/zephyr/drivers/gpio/libmcuboot_drivers__gpio.a(gpio_nrfx.c.obj)
 .init_POST_KERNEL50
                0x20005c14        0xc mcuboot/zephyr/drivers/flash/libmcuboot_drivers__flash.a(soc_flash_nrf.c.obj)
                0x20005c20                __device_APPLICATION_start = .
 *(SORT_BY_NAME(SORT_BY_ALIGNMENT(.init_APPLICATION[0-9])))
 *(SORT_BY_NAME(SORT_BY_ALIGNMENT(.init_APPLICATION[1-9][0-9])))
                0x20005c20                __device_init_end = .

initlevel_error
                0x20005b84        0x0
 *(SORT_BY_NAME(SORT_BY_ALIGNMENT(.init_[_A-Z0-9]*)))
                0x00000001                ASSERT ((SIZEOF (initlevel_error) == 0x0), Undefined initialization levels used.)

initshell       0x20005c20        0x0 load address 0x00008a30
                0x20005c20                __shell_module_start = .
 *(SORT_BY_ALIGNMENT(.shell_module_*))
                0x20005c20                __shell_module_end = .
                0x20005c20                __shell_cmd_start = .
 *(SORT_BY_ALIGNMENT(.shell_cmd_*))
                0x20005c20                __shell_cmd_end = .

log_dynamic_sections
                0x20005c20        0x0 load address 0x00008a30
                0x20005c20                __log_dynamic_start = .
 *(SORT_BY_NAME(SORT_BY_ALIGNMENT(.log_dynamic_*)))
                0x20005c20                __log_dynamic_end = .

_static_thread_area
                0x20005c20        0x0 load address 0x00008a30
                0x20005c20                __static_thread_data_list_start = .
 *(SORT_BY_NAME(SORT_BY_ALIGNMENT(.__static_thread_data.static.*)))
                0x20005c20                __static_thread_data_list_end = .

_k_timer_area   0x20005c20        0x0 load address 0x00008a30
                0x20005c20                _k_timer_list_start = .
 *(SORT_BY_ALIGNMENT(._k_timer.static.*))
                0x20005c20                _k_timer_list_end = .

_k_mem_slab_area
                0x20005c20        0x0 load address 0x00008a30
                0x20005c20                _k_mem_slab_list_start = .
 *(SORT_BY_ALIGNMENT(._k_mem_slab.static.*))
                0x20005c20                _k_mem_slab_list_end = .

_k_mem_pool_area
                0x20005c20        0x0 load address 0x00008a30
                0x20005c20                _k_mem_pool_list_start = .
 *(SORT_BY_ALIGNMENT(._k_mem_pool.static.*))
                0x20005c20                _k_mem_pool_list_end = .

_k_sem_area     0x20005c20       0x10 load address 0x00008a30
                0x20005c20                _k_sem_list_start = .
 *(SORT_BY_ALIGNMENT(._k_sem.static.*))
 ._k_sem.static.log_process_thread_sem
                0x20005c20       0x10 mcuboot/zephyr/libmcuboot_zephyr.a(log_core.c.obj)
                0x20005c20                log_process_thread_sem
 *(SORT_BY_ALIGNMENT(._sys_sem.static.*))
                0x20005c30                _k_sem_list_end = .

_k_mutex_area   0x20005c30       0x14 load address 0x00008a40
                0x20005c30                _k_mutex_list_start = .
 *(SORT_BY_ALIGNMENT(._k_mutex.static.*))
 ._k_mutex.static.fdtable_lock
                0x20005c30       0x14 mcuboot/zephyr/libmcuboot_zephyr.a(fdtable.c.obj)
                0x20005c44                _k_mutex_list_end = .

_k_queue_area   0x20005c44        0x0 load address 0x00008a54
                0x20005c44                _k_queue_list_start = .
 *(SORT_BY_ALIGNMENT(._k_queue.static.*))
 *(SORT_BY_ALIGNMENT(._k_fifo.static.*))
 *(SORT_BY_ALIGNMENT(._k_lifo.static.*))
                0x20005c44                _k_queue_list_end = .

_k_stack_area   0x20005c44        0x0 load address 0x00008a54
                0x20005c44                _k_stack_list_start = .
 *(SORT_BY_ALIGNMENT(._k_stack.static.*))
                0x20005c44                _k_stack_list_end = .

_k_msgq_area    0x20005c44        0x0 load address 0x00008a54
                0x20005c44                _k_msgq_list_start = .
 *(SORT_BY_ALIGNMENT(._k_msgq.static.*))
                0x20005c44                _k_msgq_list_end = .

_k_mbox_area    0x20005c44        0x0 load address 0x00008a54
                0x20005c44                _k_mbox_list_start = .
 *(SORT_BY_ALIGNMENT(._k_mbox.static.*))
                0x20005c44                _k_mbox_list_end = .

_k_pipe_area    0x20005c44        0x0 load address 0x00008a54
                0x20005c44                _k_pipe_list_start = .
 *(SORT_BY_ALIGNMENT(._k_pipe.static.*))
                0x20005c44                _k_pipe_list_end = .

_net_buf_pool_area
                0x20005c44        0x0 load address 0x00008a54
                0x20005c44                _net_buf_pool_list = .
 *(SORT_BY_NAME(SORT_BY_ALIGNMENT(._net_buf_pool.static.*)))

net_if          0x20005c44        0x0 load address 0x00008a54
                0x20005c44                __net_if_start = .
 *(SORT_BY_ALIGNMENT(.net_if.*))
 *(SORT_BY_NAME(SORT_BY_ALIGNMENT(.net_if.*)))
                0x20005c44                __net_if_end = .

net_if_dev      0x20005c44        0x0 load address 0x00008a54