Archive member included to satisfy reference by file (symbol)

mcuboot/mcuboot_app/libmcuboot_app.a(main.c.obj)
                              (--whole-archive)
mcuboot/mcuboot_app/libmcuboot_app.a(flash_map_extended.c.obj)
                              (--whole-archive)
mcuboot/mcuboot_app/libmcuboot_app.a(os.c.obj)
                              (--whole-archive)
mcuboot/mcuboot_app/libmcuboot_app.a(keys.c.obj)
                              (--whole-archive)
mcuboot/mcuboot_app/libmcuboot_app.a(loader.c.obj)
                              (--whole-archive)
mcuboot/mcuboot_app/libmcuboot_app.a(bootutil_misc.c.obj)
                              (--whole-archive)
mcuboot/mcuboot_app/libmcuboot_app.a(image_validate.c.obj)
                              (--whole-archive)
mcuboot/mcuboot_app/libmcuboot_app.a(encrypted.c.obj)
                              (--whole-archive)
mcuboot/mcuboot_app/libmcuboot_app.a(image_rsa.c.obj)
                              (--whole-archive)
mcuboot/mcuboot_app/libmcuboot_app.a(image_ec256.c.obj)
                              (--whole-archive)
mcuboot/mcuboot_app/libmcuboot_app.a(image_ed25519.c.obj)
                              (--whole-archive)
mcuboot/mcuboot_app/libmcuboot_app.a(caps.c.obj)
                              (--whole-archive)
mcuboot/mcuboot_app/libmcuboot_app.a(tlv.c.obj)
                              (--whole-archive)
mcuboot/mcuboot_app/libmcuboot_app.a(autogen-pubkey.c.obj)
                              (--whole-archive)
mcuboot/zephyr/libmcuboot_zephyr.a(isr_tables.c.obj)
                              (--whole-archive)
mcuboot/zephyr/libmcuboot_zephyr.a(sw_isr_common.c.obj)
                              (--whole-archive)
mcuboot/zephyr/libmcuboot_zephyr.a(arm_core_cmse.c.obj)
                              (--whole-archive)
mcuboot/zephyr/libmcuboot_zephyr.a(base64.c.obj)
                              (--whole-archive)
mcuboot/zephyr/libmcuboot_zephyr.a(crc32_sw.c.obj)
                              (--whole-archive)
mcuboot/zephyr/libmcuboot_zephyr.a(crc16_sw.c.obj)
                              (--whole-archive)
mcuboot/zephyr/libmcuboot_zephyr.a(crc8_sw.c.obj)
                              (--whole-archive)
mcuboot/zephyr/libmcuboot_zephyr.a(crc7_sw.c.obj)
                              (--whole-archive)
mcuboot/zephyr/libmcuboot_zephyr.a(dec.c.obj)
                              (--whole-archive)
mcuboot/zephyr/libmcuboot_zephyr.a(fdtable.c.obj)
                              (--whole-archive)
mcuboot/zephyr/libmcuboot_zephyr.a(hex.c.obj)
                              (--whole-archive)
mcuboot/zephyr/libmcuboot_zephyr.a(mempool.c.obj)
                              (--whole-archive)
mcuboot/zephyr/libmcuboot_zephyr.a(rb.c.obj)
                              (--whole-archive)
mcuboot/zephyr/libmcuboot_zephyr.a(sem.c.obj)
                              (--whole-archive)
mcuboot/zephyr/libmcuboot_zephyr.a(thread_entry.c.obj)
                              (--whole-archive)
mcuboot/zephyr/libmcuboot_zephyr.a(timeutil.c.obj)
                              (--whole-archive)
mcuboot/zephyr/libmcuboot_zephyr.a(work_q.c.obj)
                              (--whole-archive)
mcuboot/zephyr/libmcuboot_zephyr.a(printk.c.obj)
                              (--whole-archive)
mcuboot/zephyr/libmcuboot_zephyr.a(configs.c.obj)
                              (--whole-archive)
mcuboot/zephyr/libmcuboot_zephyr.a(soc.c.obj)
                              (--whole-archive)
mcuboot/zephyr/libmcuboot_zephyr.a(mpu_regions.c.obj)
                              (--whole-archive)
mcuboot/zephyr/libmcuboot_zephyr.a(validate_base_addresses.c.obj)
                              (--whole-archive)
mcuboot/zephyr/libmcuboot_zephyr.a(log_list.c.obj)
                              (--whole-archive)
mcuboot/zephyr/libmcuboot_zephyr.a(log_core.c.obj)
                              (--whole-archive)
mcuboot/zephyr/libmcuboot_zephyr.a(log_msg.c.obj)
                              (--whole-archive)
mcuboot/zephyr/libmcuboot_zephyr.a(log_output.c.obj)
                              (--whole-archive)
mcuboot/zephyr/libmcuboot_zephyr.a(flash_map.c.obj)
                              (--whole-archive)
mcuboot/zephyr/libmcuboot_zephyr.a(flash_map_default.c.obj)
                              (--whole-archive)
mcuboot/zephyr/libmcuboot_zephyr.a(reboot.c.obj)
                              (--whole-archive)
mcuboot/zephyr/libmcuboot_zephyr.a(nrf_power_clock.c.obj)
                              (--whole-archive)
mcuboot/zephyr/libmcuboot_zephyr.a(sys_clock_init.c.obj)
                              (--whole-archive)
mcuboot/zephyr/libmcuboot_zephyr.a(nrf_rtc_timer.c.obj)
                              (--whole-archive)
mcuboot/zephyr/libmcuboot_zephyr.a(adp536x.c.obj)
                              (--whole-archive)
mcuboot/zephyr/libmcuboot_zephyr.a(serial_adapter.c.obj)
                              (--whole-archive)
mcuboot/zephyr/libmcuboot_zephyr.a(boot_serial.c.obj)
                              (--whole-archive)
[...]
Memory Configuration

Name             Origin             Length             Attributes
FLASH            0x00000000         0x0000c000         xr
SRAM             0x20000000         0x00010000         xw
IDT_LIST         0x20010000         0x00000800         xw
*default*        0x00000000         0xffffffff

Linker script and memory map

LOAD mcuboot/zephyr/CMakeFiles/mcuboot_zephyr_final.dir/misc/empty_file.c.obj
LOAD mcuboot/zephyr/CMakeFiles/mcuboot_zephyr_final.dir/isr_tables.c.obj
                0x00000020                _region_min_align = 0x20

.rel.plt        0x00000000        0x0
 *(SORT_BY_ALIGNMENT(.rel.plt))
                [!provide]                PROVIDE (__rel_iplt_start = .)
 *(SORT_BY_ALIGNMENT(.rel.iplt))
 .rel.iplt      0x00000000        0x0 mcuboot/zephyr/CMakeFiles/mcuboot_zephyr_final.dir/isr_tables.c.obj
                [!provide]                PROVIDE (__rel_iplt_end = .)

.rela.plt       0x00000000        0x0
 *(SORT_BY_ALIGNMENT(.rela.plt))
                [!provide]                PROVIDE (__rela_iplt_start = .)
 *(SORT_BY_ALIGNMENT(.rela.iplt))
                [!provide]                PROVIDE (__rela_iplt_end = .)

.rel.dyn
 *(SORT_BY_ALIGNMENT(.rel.*))

.rela.dyn
 *(SORT_BY_ALIGNMENT(.rela.*))

/DISCARD/
 *(SORT_BY_ALIGNMENT(.plt))
 *(SORT_BY_ALIGNMENT(.iplt))
 *(SORT_BY_ALIGNMENT(.got.plt))
 *(SORT_BY_ALIGNMENT(.igot.plt))
 *(SORT_BY_ALIGNMENT(.got))
 *(SORT_BY_ALIGNMENT(.igot))
 *(SORT_BY_ALIGNMENT(.irq_info))
 *(SORT_BY_ALIGNMENT(.intList))
                0x00000000                _image_rom_start = 0x0

text            0x00000000      0x144
                0x00000000                . = 0x0
                0x00000000                _vector_start = .
 *(SORT_BY_ALIGNMENT(.exc_vector_table))
 *(SORT_BY_ALIGNMENT(.exc_vector_table.*))
 .exc_vector_table._vector_table_section
                0x00000000       0x40 mcuboot/zephyr/arch/arch/arm/core/cortex_m/libmcuboot_arch__arm__core__cortex_m.a(vector_table.S.obj)
                0x00000000                _vector_table
 *(SORT_BY_ALIGNMENT(.gnu.linkonce.irq_vector_table))
 .gnu.linkonce.irq_vector_table
                0x00000040      0x104 mcuboot/zephyr/CMakeFiles/mcuboot_zephyr_final.dir/isr_tables.c.obj
                0x00000040                _irq_vector_table
 *(SORT_BY_ALIGNMENT(.vectors))
 *(SORT_BY_ALIGNMENT(.openocd_dbg))
 *(SORT_BY_ALIGNMENT(.openocd_dbg.*))
                0x00000144                _vector_end = .

_TEXT_SECTION_NAME_2
                0x00000144     0x91fc
                0x00000144                _image_text_start = .
 *(SORT_BY_ALIGNMENT(.text))
 .text          0x00000144       0xa0 c:/program files (x86)/gnu tools arm embedded/7 2018-q2-update/bin/../lib/gcc/arm-none-eabi/7.3.1/thumb/v8-m.main/fpv5-sp/hard\libgcc.a(_aeabi_ldivmod.o)
                0x00000144                __aeabi_ldivmod
 .text          0x000001e4       0x30 c:/program files (x86)/gnu tools arm embedded/7 2018-q2-update/bin/../lib/gcc/arm-none-eabi/7.3.1/thumb/v8-m.main/fpv5-sp/hard\libgcc.a(_aeabi_uldivmod.o)
                0x000001e4                __aeabi_uldivmod
 .text          0x00000214      0x2e0 c:/program files (x86)/gnu tools arm embedded/7 2018-q2-update/bin/../lib/gcc/arm-none-eabi/7.3.1/thumb/v8-m.main/fpv5-sp/hard\libgcc.a(_udivmoddi4.o)
                0x00000214                __udivmoddi4
 .text          0x000004f4        0x4 c:/program files (x86)/gnu tools arm embedded/7 2018-q2-update/bin/../lib/gcc/arm-none-eabi/7.3.1/thumb/v8-m.main/fpv5-sp/hard\libgcc.a(_dvmd_tls.o)
                0x000004f4                __aeabi_idiv0
                0x000004f4                __aeabi_ldiv0
 *(SORT_BY_ALIGNMENT(.text.*))
 .text.main     0x000004f8      0x158 mcuboot/mcuboot_app/libmcuboot_app.a(main.c.obj)
                0x000004f8                main
 .text.flash_device_get_binding
                0x00000650       0x1c mcuboot/mcuboot_app/libmcuboot_app.a(flash_map_extended.c.obj)
                0x00000650                flash_device_get_binding
 .text.flash_device_base
                0x0000066c       0x44 mcuboot/mcuboot_app/libmcuboot_app.a(flash_map_extended.c.obj)
                0x0000066c                flash_device_base
 .text.flash_area_sector_from_off
                0x000006b0       0x2c mcuboot/mcuboot_app/libmcuboot_app.a(flash_map_extended.c.obj)
                0x000006b0                flash_area_sector_from_off
 .text.os_heap_init
                0x000006dc       0x14 mcuboot/mcuboot_app/libmcuboot_app.a(os.c.obj)
                0x000006dc                os_heap_init
 .text.boot_is_header_valid
                0x000006f0       0x44 mcuboot/mcuboot_app/libmcuboot_app.a(loader.c.obj)
 .text.boot_slots_compatible
                0x00000734      0x17c mcuboot/mcuboot_app/libmcuboot_app.a(loader.c.obj)
 .text.boot_status_source
                0x000008b0      0x198 mcuboot/mcuboot_app/libmcuboot_app.a(loader.c.obj)
 .text.boot_read_status_bytes
                0x00000a48       0xd4 mcuboot/mcuboot_app/libmcuboot_app.a(loader.c.obj)
 .text.boot_copy_region
                0x00000b1c       0x58 mcuboot/mcuboot_app/libmcuboot_app.a(loader.c.obj)
 .text.boot_image_check
                0x00000b74       0x34 mcuboot/mcuboot_app/libmcuboot_app.a(loader.c.obj)
 .text.boot_validate_slot
                0x00000ba8       0xc4 mcuboot/mcuboot_app/libmcuboot_app.a(loader.c.obj)
 .text.boot_swap_sectors
                0x00000c6c      0x268 mcuboot/mcuboot_app/libmcuboot_app.a(loader.c.obj)
 .text.boot_swap_image
                0x00000ed4      0x10c mcuboot/mcuboot_app/libmcuboot_app.a(loader.c.obj)
 .text.boot_complete_partial_swap
                0x00000fe0       0x8c mcuboot/mcuboot_app/libmcuboot_app.a(loader.c.obj)
 .text.boot_prepare_image_for_update
                0x0000106c      0x120 mcuboot/mcuboot_app/libmcuboot_app.a(loader.c.obj)
 .text.context_boot_go
                0x0000118c      0x124 mcuboot/mcuboot_app/libmcuboot_app.a(loader.c.obj)
                0x0000118c                context_boot_go
 .text.boot_go  0x000012b0       0x10 mcuboot/mcuboot_app/libmcuboot_app.a(loader.c.obj)
                0x000012b0                boot_go
 .text.boot_magic_decode
                0x000012c0       0x18 mcuboot/mcuboot_app/libmcuboot_app.a(bootutil_misc.c.obj)
 .text.boot_find_status
                0x000012d8       0x70 mcuboot/mcuboot_app/libmcuboot_app.a(bootutil_misc.c.obj)
 .text.boot_write_magic
                0x00001348       0x20 mcuboot/mcuboot_app/libmcuboot_app.a(bootutil_misc.c.obj)
                0x00001348                boot_write_magic
 .text.boot_swap_type_multi
                0x00001368      0x118 mcuboot/mcuboot_app/libmcuboot_app.a(bootutil_misc.c.obj)
                0x00001368                boot_swap_type_multi
 .text.bootutil_find_key
                0x00001480       0x68 mcuboot/mcuboot_app/libmcuboot_app.a(image_validate.c.obj)
 .text.bootutil_img_validate
                0x000014e8      0x168 mcuboot/mcuboot_app/libmcuboot_app.a(image_validate.c.obj)
                0x000014e8                bootutil_img_validate
 .text.bootutil_cmp_rsasig
                0x00001650       0xe8 mcuboot/mcuboot_app/libmcuboot_app.a(image_rsa.c.obj)
 .text.bootutil_verify_sig
                0x00001738       0x6c mcuboot/mcuboot_app/libmcuboot_app.a(image_rsa.c.obj)
                0x00001738                bootutil_verify_sig
 .text.base64_encode
                0x000017a4      0x10c mcuboot/zephyr/libmcuboot_zephyr.a(base64.c.obj)
                0x000017a4                base64_encode
 .text.base64_decode
                0x000018b0      0x144 mcuboot/zephyr/libmcuboot_zephyr.a(base64.c.obj)
                0x000018b0                base64_decode
 .text.char_out
                0x000019f4       0x14 mcuboot/zephyr/libmcuboot_zephyr.a(printk.c.obj)
 .text._printk_dec_ulong
                0x00001a08       0xa4 mcuboot/zephyr/libmcuboot_zephyr.a(printk.c.obj)
 .text.vprintk  0x00001aac       0x20 mcuboot/zephyr/libmcuboot_zephyr.a(printk.c.obj)
                0x00001aac                vprintk
 .text.nordicsemi_nrf91_init
                0x00001acc       0x28 mcuboot/zephyr/libmcuboot_zephyr.a(soc.c.obj)
 .text.log_generic
                0x00001af4       0x60 mcuboot/zephyr/libmcuboot_zephyr.a(log_core.c.obj)
                0x00001af4                log_generic
 .text.log_core_init
                0x00001b54       0x1c mcuboot/zephyr/libmcuboot_zephyr.a(log_core.c.obj)
                0x00001b54                log_core_init
 .text.log_backend_enable
                0x00001b70       0x3c mcuboot/zephyr/libmcuboot_zephyr.a(log_core.c.obj)
                0x00001b70                log_backend_enable
 .text.log_init
                0x00001bac       0x5c mcuboot/zephyr/libmcuboot_zephyr.a(log_core.c.obj)
                0x00001bac                log_init
 .text.z_impl_log_panic
                0x00001c08       0x50 mcuboot/zephyr/libmcuboot_zephyr.a(log_core.c.obj)
                0x00001c08                z_impl_log_panic
 .text.log_output_timestamp_freq_set
                0x00001c58       0x2c mcuboot/zephyr/libmcuboot_zephyr.a(log_output.c.obj)
                0x00001c58                log_output_timestamp_freq_set
 .text.get_flash_area_from_id
                0x00001c84       0x30 mcuboot/zephyr/libmcuboot_zephyr.a(flash_map.c.obj)
 .text.flash_area_open
                0x00001cb4       0x28 mcuboot/zephyr/libmcuboot_zephyr.a(flash_map.c.obj)
                0x00001cb4                flash_area_open
 .text.flash_area_get_sectors
                0x00001cdc       0x18 mcuboot/zephyr/libmcuboot_zephyr.a(flash_map.c.obj)
                0x00001cdc                flash_area_get_sectors
 .text.sys_reboot
                0x00001cf4       0x30 mcuboot/zephyr/libmcuboot_zephyr.a(reboot.c.obj)
                0x00001cf4                sys_reboot
 .text.nrf_power_clock_isr
                0x00001d24       0x3c mcuboot/zephyr/libmcuboot_zephyr.a(nrf_power_clock.c.obj)
                0x00001d24                nrf_power_clock_isr
 .text.set_comparator
                0x00001d60       0x10 mcuboot/zephyr/libmcuboot_zephyr.a(nrf_rtc_timer.c.obj)
 .text.counter  0x00001d70        0xc mcuboot/zephyr/libmcuboot_zephyr.a(nrf_rtc_timer.c.obj)
 .text.rtc1_nrf_isr
                0x00001d7c       0x44 mcuboot/zephyr/libmcuboot_zephyr.a(nrf_rtc_timer.c.obj)
                0x00001d7c                rtc1_nrf_isr
 .text.z_clock_driver_init
                0x00001dc0       0x74 mcuboot/zephyr/libmcuboot_zephyr.a(nrf_rtc_timer.c.obj)
                0x00001dc0                z_clock_driver_init
 .text.z_clock_set_timeout
                0x00001e34       0xac mcuboot/zephyr/libmcuboot_zephyr.a(nrf_rtc_timer.c.obj)
                0x00001e34                z_clock_set_timeout
 .text.z_clock_elapsed
                0x00001ee0       0x2c mcuboot/zephyr/libmcuboot_zephyr.a(nrf_rtc_timer.c.obj)
                0x00001ee0                z_clock_elapsed
 .text.z_timer_cycle_get_32
                0x00001f0c       0x30 mcuboot/zephyr/libmcuboot_zephyr.a(nrf_rtc_timer.c.obj)
                0x00001f0c                z_timer_cycle_get_32
 .text.boot_uart_fifo_getline
                0x00001f3c       0x84 mcuboot/zephyr/libmcuboot_zephyr.a(serial_adapter.c.obj)
 .text.boot_uart_fifo_callback
                0x00001fc0       0xfc mcuboot/zephyr/libmcuboot_zephyr.a(serial_adapter.c.obj)
 .text.boot_uart_fifo_init
                0x000020bc       0x7c mcuboot/zephyr/libmcuboot_zephyr.a(serial_adapter.c.obj)
 .text.console_out
                0x00002138       0x18 mcuboot/zephyr/libmcuboot_zephyr.a(serial_adapter.c.obj)
                0x00002138                console_out
 .text.boot_console_init
                0x00002150       0x50 mcuboot/zephyr/libmcuboot_zephyr.a(serial_adapter.c.obj)
                0x00002150                boot_console_init
 .text.u32toa   0x000021a0       0x50 mcuboot/zephyr/libmcuboot_zephyr.a(boot_serial.c.obj)
 .text.bs_cbor_writer
                0x000021f0       0x2c mcuboot/zephyr/libmcuboot_zephyr.a(boot_serial.c.obj)
 .text.boot_serial_output
                0x0000221c      0x15c mcuboot/zephyr/libmcuboot_zephyr.a(boot_serial.c.obj)
 .text.bs_empty_rsp
                0x00002378       0x48 mcuboot/zephyr/libmcuboot_zephyr.a(boot_serial.c.obj)
 .text.bs_list  0x000023c0      0x11c mcuboot/zephyr/libmcuboot_zephyr.a(boot_serial.c.obj)
 .text.bs_upload
                0x000024dc      0x520 mcuboot/zephyr/libmcuboot_zephyr.a(boot_serial.c.obj)
 .text.boot_serial_input
                0x000029fc       0xa0 mcuboot/zephyr/libmcuboot_zephyr.a(boot_serial.c.obj)
                0x000029fc                boot_serial_input
 .text.boot_serial_start
                0x00002a9c       0xac mcuboot/zephyr/libmcuboot_zephyr.a(boot_serial.c.obj)
                0x00002a9c                boot_serial_start
 .text._HandlerModeExit
                0x00002b48        0x4 mcuboot/zephyr/arch/arch/arm/core/libmcuboot_arch__arm__core.a(exc_exit.S.obj)
                0x00002b48                z_arm_int_exit
                0x00002b48                z_arm_exc_exit
 .text.z_arm_pendsv
                0x00002b4c       0x54 mcuboot/zephyr/arch/arch/arm/core/libmcuboot_arch__arm__core.a(swap_helper.S.obj)
                0x00002b4c                z_arm_pendsv
 .text.z_arm_svc
                0x00002ba0       0x20 mcuboot/zephyr/arch/arch/arm/core/libmcuboot_arch__arm__core.a(swap_helper.S.obj)
                0x00002ba0                z_arm_svc
 .text.z_arm_cpu_idle_init
                0x00002bc0        0xc mcuboot/zephyr/arch/arch/arm/core/libmcuboot_arch__arm__core.a(cpu_idle.S.obj)
                0x00002bc0                z_arm_cpu_idle_init
 .text.z_arch_cpu_idle
                0x00002bcc        0xc mcuboot/zephyr/arch/arch/arm/core/libmcuboot_arch__arm__core.a(cpu_idle.S.obj)
                0x00002bcc                z_arch_cpu_idle
 .text.__fault  0x00002bd8       0x28 mcuboot/zephyr/arch/arch/arm/core/libmcuboot_arch__arm__core.a(fault_s.S.obj)
                0x00002bd8                z_arm_usage_fault
                0x00002bd8                z_arm_mpu_fault
                0x00002bd8                z_arm_reserved
                0x00002bd8                z_arm_debug_monitor
                0x00002bd8                z_arm_hard_fault
                0x00002bd8                z_arm_bus_fault
 .text.z_SysNmiOnReset
                0x00002c00        0x8 mcuboot/zephyr/arch/arch/arm/core/libmcuboot_arch__arm__core.a(nmi_on_reset.S.obj)
                0x00002c00                z_SysNmiOnReset
 .text._isr_wrapper
                0x00002c08       0x28 mcuboot/zephyr/arch/arch/arm/core/libmcuboot_arch__arm__core.a(isr_wrapper.S.obj)
                0x00002c08                _isr_wrapper
 .text.z_arch_swap
                0x00002c30       0x34 mcuboot/zephyr/arch/arch/arm/core/libmcuboot_arch__arm__core.a(swap.c.obj)
                0x00002c30                z_arch_swap
 .text.z_arch_irq_enable
                0x00002c64       0x20 mcuboot/zephyr/arch/arch/arm/core/libmcuboot_arch__arm__core.a(irq_manage.c.obj)
                0x00002c64                z_arch_irq_enable
 .text.z_arm_irq_priority_set
                0x00002c84       0x2c mcuboot/zephyr/arch/arch/arm/core/libmcuboot_arch__arm__core.a(irq_manage.c.obj)
                0x00002c84                z_arm_irq_priority_set
 .text.z_arm_prep_c
                0x00002cb0       0x2c mcuboot/zephyr/arch/arch/arm/core/libmcuboot_arch__arm__core.a(prep_c.c.obj)
                0x00002cb0                z_arm_prep_c
 .text._reset_section
                0x00002cdc       0x30 mcuboot/zephyr/arch/arch/arm/core/cortex_m/libmcuboot_arch__arm__core__cortex_m.a(reset.S.obj)
                0x00002cdc                __start
                0x00002cdc                z_arm_reset
 .text.mem_manage_fault
                0x00002d0c       0x48 mcuboot/zephyr/arch/arch/arm/core/cortex_m/libmcuboot_arch__arm__core__cortex_m.a(fault.c.obj)
 .text.bus_fault
                0x00002d54       0x54 mcuboot/zephyr/arch/arch/arm/core/cortex_m/libmcuboot_arch__arm__core__cortex_m.a(fault.c.obj)
 .text.usage_fault
                0x00002da8       0x24 mcuboot/zephyr/arch/arch/arm/core/cortex_m/libmcuboot_arch__arm__core__cortex_m.a(fault.c.obj)
 .text.hard_fault
                0x00002dcc       0x64 mcuboot/zephyr/arch/arch/arm/core/cortex_m/libmcuboot_arch__arm__core__cortex_m.a(fault.c.obj)
 .text.z_arm_fault
                0x00002e30       0x2c mcuboot/zephyr/arch/arch/arm/core/cortex_m/libmcuboot_arch__arm__core__cortex_m.a(fault.c.obj)
                0x00002e30                z_arm_fault
 .text.z_arm_fault_init
                0x00002e5c       0x10 mcuboot/zephyr/arch/arch/arm/core/cortex_m/libmcuboot_arch__arm__core__cortex_m.a(fault.c.obj)
                0x00002e5c                z_arm_fault_init
 .text.sys_arch_reboot
                0x00002e6c       0x24 mcuboot/zephyr/arch/arch/arm/core/cortex_m/libmcuboot_arch__arm__core__cortex_m.a(scb.c.obj)
                0x00002e6c                sys_arch_reboot
 .text.z_arm_int_lib_init
                0x00002e90       0x34 mcuboot/zephyr/arch/arch/arm/core/cortex_m/libmcuboot_arch__arm__core__cortex_m.a(irq_init.c.obj)
                0x00002e90                z_arm_int_lib_init
 .text.z_impl_k_thread_abort
                0x00002ec4       0x4c mcuboot/zephyr/arch/arch/arm/core/cortex_m/libmcuboot_arch__arm__core__cortex_m.a(thread_abort.c.obj)
                0x00002ec4                z_impl_k_thread_abort
 .text.mpu_init
                0x00002f10       0x10 mcuboot/zephyr/arch/arch/arm/core/cortex_m/mpu/libmcuboot_arch__arm__core__cortex_m__mpu.a(arm_mpu.c.obj)
 .text.region_init
                0x00002f20       0x34 mcuboot/zephyr/arch/arch/arm/core/cortex_m/mpu/libmcuboot_arch__arm__core__cortex_m__mpu.a(arm_mpu.c.obj)
 .text.region_allocate_and_init
                0x00002f54       0x48 mcuboot/zephyr/arch/arch/arm/core/cortex_m/mpu/libmcuboot_arch__arm__core__cortex_m__mpu.a(arm_mpu.c.obj)
 .text.mpu_configure_regions
                0x00002f9c      0x1e0 mcuboot/zephyr/arch/arch/arm/core/cortex_m/mpu/libmcuboot_arch__arm__core__cortex_m__mpu.a(arm_mpu.c.obj)
 .text.mpu_configure_dynamic_mpu_regions
                0x0000317c       0x54 mcuboot/zephyr/arch/arch/arm/core/cortex_m/mpu/libmcuboot_arch__arm__core__cortex_m__mpu.a(arm_mpu.c.obj)
 .text.arm_core_mpu_enable
                0x000031d0       0x14 mcuboot/zephyr/arch/arch/arm/core/cortex_m/mpu/libmcuboot_arch__arm__core__cortex_m__mpu.a(arm_mpu.c.obj)
                0x000031d0                arm_core_mpu_enable
 .text.arm_core_mpu_disable
                0x000031e4       0x10 mcuboot/zephyr/arch/arch/arm/core/cortex_m/mpu/libmcuboot_arch__arm__core__cortex_m__mpu.a(arm_mpu.c.obj)
                0x000031e4                arm_core_mpu_disable
 .text.arm_mpu_init
                0x000031f4       0x44 mcuboot/zephyr/arch/arch/arm/core/cortex_m/mpu/libmcuboot_arch__arm__core__cortex_m__mpu.a(arm_mpu.c.obj)
 .text.gpiote_channel_alloc
                0x00003238       0x88 mcuboot/zephyr/drivers/gpio/libmcuboot_drivers__gpio.a(gpio_nrfx.c.obj)
 .text.gpiote_channel_free
                0x000032c0       0x58 mcuboot/zephyr/drivers/gpio/libmcuboot_drivers__gpio.a(gpio_nrfx.c.obj)
 .text.gpiote_pin_int_cfg
                0x00003318       0xcc mcuboot/zephyr/drivers/gpio/libmcuboot_drivers__gpio.a(gpio_nrfx.c.obj)
 .text.gpio_nrfx_config
                0x000033e4      0x188 mcuboot/zephyr/drivers/gpio/libmcuboot_drivers__gpio.a(gpio_nrfx.c.obj)
 .text.cfg_level_pins
                0x0000356c       0x74 mcuboot/zephyr/drivers/gpio/libmcuboot_drivers__gpio.a(gpio_nrfx.c.obj)
 .text.check_level_trigger_pins
                0x000035e0       0x68 mcuboot/zephyr/drivers/gpio/libmcuboot_drivers__gpio.a(gpio_nrfx.c.obj)
 .text.gpiote_event_handler
                0x00003648       0xd0 mcuboot/zephyr/drivers/gpio/libmcuboot_drivers__gpio.a(gpio_nrfx.c.obj)
 .text.gpio_nrfx_init
                0x00003718       0x38 mcuboot/zephyr/drivers/gpio/libmcuboot_drivers__gpio.a(gpio_nrfx.c.obj)
 .text.nvmc_wait_ready
                0x00003750       0x14 mcuboot/zephyr/drivers/flash/libmcuboot_drivers__flash.a(soc_flash_nrf.c.obj)
 .text.flash_nrf_write_protection
                0x00003764        0xc mcuboot/zephyr/drivers/flash/libmcuboot_drivers__flash.a(soc_flash_nrf.c.obj)
 .text.flash_nrf_pages_layout
                0x00003770       0x10 mcuboot/zephyr/drivers/flash/libmcuboot_drivers__flash.a(soc_flash_nrf.c.obj)
 .text.nrf_flash_init
                0x00003780       0x24 mcuboot/zephyr/drivers/flash/libmcuboot_drivers__flash.a(soc_flash_nrf.c.obj)
 .text.flash_nrf_erase
                0x000037a4       0x7c mcuboot/zephyr/drivers/flash/libmcuboot_drivers__flash.a(soc_flash_nrf.c.obj)
 .text.flash_nrf_write
                0x00003820       0x5c mcuboot/zephyr/drivers/flash/libmcuboot_drivers__flash.a(soc_flash_nrf.c.obj)
 .text.baudrate_set
                0x0000387c      0x128 mcuboot/zephyr/drivers/serial/libmcuboot_drivers__serial.a(uart_nrfx_uarte.c.obj)
 .text.uarte_instance_init
                0x000039a4       0xb4 mcuboot/zephyr/drivers/serial/libmcuboot_drivers__serial.a(uart_nrfx_uarte.c.obj)
 .text.uarte_0_init
                0x00003a58       0x34 mcuboot/zephyr/drivers/serial/libmcuboot_drivers__serial.a(uart_nrfx_uarte.c.obj)
 .text.verify_header
                0x00003a8c       0x50 mcuboot/zephyr/modules/mbedtls/libmcuboot_..__modules__crypto__mbedtls.a(memory_buffer_alloc.c.obj)
 .text.verify_chain
                0x00003adc       0x48 mcuboot/zephyr/modules/mbedtls/libmcuboot_..__modules__crypto__mbedtls.a(memory_buffer_alloc.c.obj)
 .text.buffer_alloc_free
                0x00003b24      0x138 mcuboot/zephyr/modules/mbedtls/libmcuboot_..__modules__crypto__mbedtls.a(memory_buffer_alloc.c.obj)
 .text.buffer_alloc_calloc
                0x00003c5c      0x158 mcuboot/zephyr/modules/mbedtls/libmcuboot_..__modules__crypto__mbedtls.a(memory_buffer_alloc.c.obj)
 .text.mbedtls_memory_buffer_alloc_init
                0x00003db4       0x68 mcuboot/zephyr/modules/mbedtls/libmcuboot_..__modules__crypto__mbedtls.a(memory_buffer_alloc.c.obj)
                0x00003db4                mbedtls_memory_buffer_alloc_init
 .text.mbedtls_calloc
                0x00003e1c       0x10 mcuboot/zephyr/modules/mbedtls/libmcuboot_..__modules__crypto__mbedtls.a(platform.c.obj)
                0x00003e1c                mbedtls_calloc
 .text.mbedtls_free
                0x00003e2c       0x10 mcuboot/zephyr/modules/mbedtls/libmcuboot_..__modules__crypto__mbedtls.a(platform.c.obj)
                0x00003e2c                mbedtls_free
 .text.mbedtls_platform_set_calloc_free
                0x00003e3c       0x14 mcuboot/zephyr/modules/mbedtls/libmcuboot_..__modules__crypto__mbedtls.a(platform.c.obj)
                0x00003e3c                mbedtls_platform_set_calloc_free
 .text.mbedtls_platform_zeroize
                0x00003e50       0x14 mcuboot/zephyr/modules/mbedtls/libmcuboot_..__modules__crypto__mbedtls.a(platform_util.c.obj)
                0x00003e50                mbedtls_platform_zeroize
 .text.rsa_check_context
                0x00003e64       0xe8 mcuboot/zephyr/modules/mbedtls/libmcuboot_..__modules__crypto__mbedtls.a(rsa.c.obj)
 .text.mbedtls_rsa_check_pubkey
                0x00003f4c       0x5c mcuboot/zephyr/modules/mbedtls/libmcuboot_..__modules__crypto__mbedtls.a(rsa.c.obj)
                0x00003f4c                mbedtls_rsa_check_pubkey
 .text.mbedtls_rsa_public
                0x00003fa8       0x84 mcuboot/zephyr/modules/mbedtls/libmcuboot_..__modules__crypto__mbedtls.a(rsa.c.obj)
                0x00003fa8                mbedtls_rsa_public
 .text.mbedtls_sha256_starts_ret
                0x0000402c       0xa4 mcuboot/zephyr/modules/mbedtls/libmcuboot_..__modules__crypto__mbedtls.a(sha256.c.obj)
                0x0000402c                mbedtls_sha256_starts_ret
 .text.mbedtls_internal_sha256_process
                0x000040d0      0x7a8 mcuboot/zephyr/modules/mbedtls/libmcuboot_..__modules__crypto__mbedtls.a(sha256.c.obj)
                0x000040d0                mbedtls_internal_sha256_process
 .text.cbor_buf_reader_init
                0x00004878       0x40 mcuboot/zephyr/modules/tinycbor/libmcuboot_..__modules__lib__tinycbor.a(cbor_buf_reader.c.obj)
                0x00004878                cbor_buf_reader_init
 .text.cbor_encoder_create_map
                0x000048b8       0x20 mcuboot/zephyr/modules/tinycbor/libmcuboot_..__modules__lib__tinycbor.a(cborencoder.c.obj)
                0x000048b8                cbor_encoder_create_map
 .text._cbor_value_copy_string
                0x000048d8       0x4c mcuboot/zephyr/modules/tinycbor/libmcuboot_..__modules__lib__tinycbor.a(cborparser.c.obj)
                0x000048d8                _cbor_value_copy_string
 .text.uicr_HFXOCNT_erased
                0x00004924       0x18 mcuboot/zephyr/modules/nordic/libmcuboot_..__modules__hal__nordic.a(system_nrf9160.c.obj)
 .text.uicr_HFXOSRC_erased
                0x0000493c       0x18 mcuboot/zephyr/modules/nordic/libmcuboot_..__modules__hal__nordic.a(system_nrf9160.c.obj)
 .text.errata_6
                0x00004954       0x2c mcuboot/zephyr/modules/nordic/libmcuboot_..__modules__hal__nordic.a(system_nrf9160.c.obj)
 .text.errata_14
                0x00004980       0x24 mcuboot/zephyr/modules/nordic/libmcuboot_..__modules__hal__nordic.a(system_nrf9160.c.obj)
 .text.errata_15
                0x000049a4       0x24 mcuboot/zephyr/modules/nordic/libmcuboot_..__modules__hal__nordic.a(system_nrf9160.c.obj)
 .text.errata_20
                0x000049c8       0x24 mcuboot/zephyr/modules/nordic/libmcuboot_..__modules__hal__nordic.a(system_nrf9160.c.obj)
 .text.SystemCoreClockUpdate
                0x000049ec       0x10 mcuboot/zephyr/modules/nordic/libmcuboot_..__modules__hal__nordic.a(system_nrf9160.c.obj)
                0x000049ec                SystemCoreClockUpdate
 .text.SystemInit
                0x000049fc      0x14c mcuboot/zephyr/modules/nordic/libmcuboot_..__modules__hal__nordic.a(system_nrf9160.c.obj)
                0x000049fc                SystemInit
 .text.nvmc_readonly_mode_set
                0x00004b48       0x10 mcuboot/zephyr/modules/nordic/libmcuboot_..__modules__hal__nordic.a(nrfx_nvmc.c.obj)
 .text.nvmc_write_mode_set
                0x00004b58       0x10 mcuboot/zephyr/modules/nordic/libmcuboot_..__modules__hal__nordic.a(nrfx_nvmc.c.obj)
 .text.nvmc_erase_mode_set
                0x00004b68       0x10 mcuboot/zephyr/modules/nordic/libmcuboot_..__modules__hal__nordic.a(nrfx_nvmc.c.obj)
 .text.nvmc_word_write
                0x00004b78       0x18 mcuboot/zephyr/modules/nordic/libmcuboot_..__modules__hal__nordic.a(nrfx_nvmc.c.obj)
 .text.nrfx_nvmc_page_erase
                0x00004b90       0x38 mcuboot/zephyr/modules/nordic/libmcuboot_..__modules__hal__nordic.a(nrfx_nvmc.c.obj)
                0x00004b90                nrfx_nvmc_page_erase
 .text.z_sys_device_do_config_level
                0x00004bc8       0x34 mcuboot/zephyr/kernel/libmcuboot_kernel.a(device.c.obj)
                0x00004bc8                z_sys_device_do_config_level
 .text.z_impl_device_get_binding
                0x00004bfc       0x50 mcuboot/zephyr/kernel/libmcuboot_kernel.a(device.c.obj)
                0x00004bfc                z_impl_device_get_binding
 .text.z_bss_zero
                0x00004c4c       0x18 mcuboot/zephyr/kernel/libmcuboot_kernel.a(init.c.obj)
                0x00004c4c                z_bss_zero
 .text.z_data_copy
                0x00004c64       0x34 mcuboot/zephyr/kernel/libmcuboot_kernel.a(init.c.obj)
                0x00004c64                z_data_copy
 .text.bg_thread_main
                0x00004c98       0x24 mcuboot/zephyr/kernel/libmcuboot_kernel.a(init.c.obj)
 .text.z_cstart
                0x00004cbc       0x68 mcuboot/zephyr/kernel/libmcuboot_kernel.a(init.c.obj)
                0x00004cbc                z_cstart
 .text.init_mem_slab_module
                0x00004d24       0x20 mcuboot/zephyr/kernel/libmcuboot_kernel.a(mem_slab.c.obj)
 .text.z_reschedule
                0x00004d44       0x44 mcuboot/zephyr/kernel/libmcuboot_kernel.a(sched.c.obj)
                0x00004d44                z_reschedule
 .text.z_reschedule_irqlock
                0x00004d88       0x40 mcuboot/zephyr/kernel/libmcuboot_kernel.a(sched.c.obj)
                0x00004d88                z_reschedule_irqlock
 .text.z_priq_dumb_remove
                0x00004dc8       0x30 mcuboot/zephyr/kernel/libmcuboot_kernel.a(sched.c.obj)
                0x00004dc8                z_priq_dumb_remove
 .text.update_cache
                0x00004df8       0x44 mcuboot/zephyr/kernel/libmcuboot_kernel.a(sched.c.obj)
 .text.z_add_thread_to_ready_q
                0x00004e3c       0x8c mcuboot/zephyr/kernel/libmcuboot_kernel.a(sched.c.obj)
                0x00004e3c                z_add_thread_to_ready_q
 .text.z_remove_thread_from_ready_q
                0x00004ec8       0x58 mcuboot/zephyr/kernel/libmcuboot_kernel.a(sched.c.obj)
                0x00004ec8                z_remove_thread_from_ready_q
 .text.z_impl_k_current_get
                0x00004f20        0xc mcuboot/zephyr/kernel/libmcuboot_kernel.a(sched.c.obj)
                0x00004f20                z_impl_k_current_get
 .text.z_impl_k_sem_give
                0x00004f2c       0x24 mcuboot/zephyr/kernel/libmcuboot_kernel.a(sem.c.obj)
                0x00004f2c                z_impl_k_sem_give
 .text.first    0x00004f50       0x14 mcuboot/zephyr/kernel/libmcuboot_kernel.a(timeout.c.obj)
 .text.next     0x00004f64       0x18 mcuboot/zephyr/kernel/libmcuboot_kernel.a(timeout.c.obj)
 .text.elapsed  0x00004f7c       0x18 mcuboot/zephyr/kernel/libmcuboot_kernel.a(timeout.c.obj)
 .text.z_clock_announce
                0x00004f94       0xb0 mcuboot/zephyr/kernel/libmcuboot_kernel.a(timeout.c.obj)
                0x00004f94                z_clock_announce
 .text.init_static_pools
                0x00005044       0x20 mcuboot/zephyr/kernel/libmcuboot_kernel.a(mempool.c.obj)
                0x00005044                init_static_pools
 .text.do_boot  0x00005064       0x3c mcuboot/mcuboot_app/libmcuboot_app.a(main.c.obj)
 .text.flash_area_id_from_multi_image_slot
                0x000050a0       0x1c mcuboot/mcuboot_app/libmcuboot_app.a(flash_map_extended.c.obj)
                0x000050a0                flash_area_id_from_multi_image_slot
 .text.flash_area_erased_val
                0x000050bc        0x4 mcuboot/mcuboot_app/libmcuboot_app.a(flash_map_extended.c.obj)
                0x000050bc                flash_area_erased_val
 .text.flash_area_read_is_empty
                0x000050c0       0x2c mcuboot/mcuboot_app/libmcuboot_app.a(flash_map_extended.c.obj)
                0x000050c0                flash_area_read_is_empty
 .text.boot_status_internal_off
                0x000050ec       0x12 mcuboot/mcuboot_app/libmcuboot_app.a(loader.c.obj)
 .text.boot_copy_sz
                0x000050fe       0x2a mcuboot/mcuboot_app/libmcuboot_app.a(loader.c.obj)
 .text.boot_write_sz
                0x00005128       0x1c mcuboot/mcuboot_app/libmcuboot_app.a(loader.c.obj)
 .text.boot_check_header_erased
                0x00005144       0x5a mcuboot/mcuboot_app/libmcuboot_app.a(loader.c.obj)
 .text.boot_initialize_area
                0x0000519e       0x46 mcuboot/mcuboot_app/libmcuboot_app.a(loader.c.obj)
 .text.boot_read_sectors
                0x000051e4       0x3c mcuboot/mcuboot_app/libmcuboot_app.a(loader.c.obj)
 .text.boot_read_status
                0x00005220       0x8a mcuboot/mcuboot_app/libmcuboot_app.a(loader.c.obj)
 .text.boot_read_image_size
                0x000052aa       0xa2 mcuboot/mcuboot_app/libmcuboot_app.a(loader.c.obj)
 .text.boot_read_image_header
                0x0000534c       0x3a mcuboot/mcuboot_app/libmcuboot_app.a(loader.c.obj)
 .text.boot_read_image_headers
                0x00005386       0x32 mcuboot/mcuboot_app/libmcuboot_app.a(loader.c.obj)
 .text.boot_erase_trailer_sectors
                0x000053b8       0x72 mcuboot/mcuboot_app/libmcuboot_app.a(loader.c.obj)
 .text.boot_set_copy_done
                0x0000542a       0x26 mcuboot/mcuboot_app/libmcuboot_app.a(loader.c.obj)
 .text.boot_set_image_ok
                0x00005450       0x3e mcuboot/mcuboot_app/libmcuboot_app.a(loader.c.obj)
 .text.boot_validated_swap_type
                0x0000548e       0x38 mcuboot/mcuboot_app/libmcuboot_app.a(loader.c.obj)
 .text.boot_write_status
                0x000054c6       0x72 mcuboot/mcuboot_app/libmcuboot_app.a(loader.c.obj)
                0x000054c6                boot_write_status
 .text.boot_perform_update
                0x00005538       0x4a mcuboot/mcuboot_app/libmcuboot_app.a(loader.c.obj)
 .text.boot_flag_decode
                0x00005582        0xc mcuboot/mcuboot_app/libmcuboot_app.a(bootutil_misc.c.obj)
 .text.boot_write_trailer
                0x0000558e       0x68 mcuboot/mcuboot_app/libmcuboot_app.a(bootutil_misc.c.obj)
 .text.boot_write_trailer_flag
                0x000055f6       0x16 mcuboot/mcuboot_app/libmcuboot_app.a(bootutil_misc.c.obj)
 .text.boot_magic_compatible_check
                0x0000560c       0x20 mcuboot/mcuboot_app/libmcuboot_app.a(bootutil_misc.c.obj)
                0x0000560c                boot_magic_compatible_check
 .text.boot_trailer_sz
                0x0000562c        0xc mcuboot/mcuboot_app/libmcuboot_app.a(bootutil_misc.c.obj)
                0x0000562c                boot_trailer_sz
 .text.boot_status_entries
                0x00005638       0x24 mcuboot/mcuboot_app/libmcuboot_app.a(bootutil_misc.c.obj)
                0x00005638                boot_status_entries
 .text.boot_status_off
                0x0000565c       0x12 mcuboot/mcuboot_app/libmcuboot_app.a(bootutil_misc.c.obj)
                0x0000565c                boot_status_off
 .text.boot_swap_info_off
                0x0000566e        0x6 mcuboot/mcuboot_app/libmcuboot_app.a(bootutil_misc.c.obj)
                0x0000566e                boot_swap_info_off
 .text.boot_read_swap_state
                0x00005674       0xc0 mcuboot/mcuboot_app/libmcuboot_app.a(bootutil_misc.c.obj)
                0x00005674                boot_read_swap_state
 .text.boot_read_swap_state_by_id
                0x00005734       0x2a mcuboot/mcuboot_app/libmcuboot_app.a(bootutil_misc.c.obj)
                0x00005734                boot_read_swap_state_by_id
 .text.boot_read_swap_size
                0x0000575e       0x36 mcuboot/mcuboot_app/libmcuboot_app.a(bootutil_misc.c.obj)
                0x0000575e                boot_read_swap_size
 .text.boot_write_copy_done
                0x00005794        0xe mcuboot/mcuboot_app/libmcuboot_app.a(bootutil_misc.c.obj)
                0x00005794                boot_write_copy_done
 .text.boot_write_image_ok
                0x000057a2        0xe mcuboot/mcuboot_app/libmcuboot_app.a(bootutil_misc.c.obj)
                0x000057a2                boot_write_image_ok
 .text.boot_write_swap_info
                0x000057b0       0x24 mcuboot/mcuboot_app/libmcuboot_app.a(bootutil_misc.c.obj)
                0x000057b0                boot_write_swap_info
 .text.boot_write_swap_size
                0x000057d4       0x22 mcuboot/mcuboot_app/libmcuboot_app.a(bootutil_misc.c.obj)
                0x000057d4                boot_write_swap_size
 .text.bootutil_img_hash
                0x000057f6       0x7e mcuboot/mcuboot_app/libmcuboot_app.a(image_validate.c.obj)
 .text.bootutil_parse_rsakey
                0x00005874       0xaa mcuboot/mcuboot_app/libmcuboot_app.a(image_rsa.c.obj)
 .text.pss_mgf1
                0x0000591e       0x64 mcuboot/mcuboot_app/libmcuboot_app.a(image_rsa.c.obj)
 .text.bootutil_tlv_iter_begin
                0x00005982       0xca mcuboot/mcuboot_app/libmcuboot_app.a(tlv.c.obj)
                0x00005982                bootutil_tlv_iter_begin
 .text.bootutil_tlv_iter_next
                0x00005a4c       0xb4 mcuboot/mcuboot_app/libmcuboot_app.a(tlv.c.obj)
                0x00005a4c                bootutil_tlv_iter_next
 .text.arm_cmse_mpu_region_get
                0x00005b00       0x14 mcuboot/zephyr/libmcuboot_zephyr.a(arm_core_cmse.c.obj)
                0x00005b00                arm_cmse_mpu_region_get
 .text.crc16    0x00005b14       0x56 mcuboot/zephyr/libmcuboot_zephyr.a(crc16_sw.c.obj)
                0x00005b14                crc16
 .text.block_ptr
                0x00005b6a        0x8 mcuboot/zephyr/libmcuboot_zephyr.a(mempool.c.obj)
 .text.z_sys_mem_pool_base_init
                0x00005b72       0x7e mcuboot/zephyr/libmcuboot_zephyr.a(mempool.c.obj)
                0x00005b72                z_sys_mem_pool_base_init
 .text.z_arch_printk_char_out
                0x00005bf0        0x4 mcuboot/zephyr/libmcuboot_zephyr.a(printk.c.obj)
                0x00005bf0                z_arch_printk_char_out
 .text.print_err
                0x00005bf4       0x18 mcuboot/zephyr/libmcuboot_zephyr.a(printk.c.obj)
 .text._printk_hex_ulong
                0x00005c0c       0xb6 mcuboot/zephyr/libmcuboot_zephyr.a(printk.c.obj)
 .text.z_vprintk
                0x00005cc2      0x340 mcuboot/zephyr/libmcuboot_zephyr.a(printk.c.obj)
                0x00005cc2                z_vprintk
 .text.printk   0x00006002       0x1c mcuboot/zephyr/libmcuboot_zephyr.a(printk.c.obj)
                0x00006002                printk
 .text._ConfigAbsSyms
                0x0000601e        0x2 mcuboot/zephyr/libmcuboot_zephyr.a(configs.c.obj)
                0x0000601e                _ConfigAbsSyms
 .text.z_platform_init
                0x00006020        0x8 mcuboot/zephyr/libmcuboot_zephyr.a(soc.c.obj)
                0x00006020                z_platform_init
 .text.dummy_timestamp
                0x00006028        0x4 mcuboot/zephyr/libmcuboot_zephyr.a(log_core.c.obj)
 .text.k_cycle_get_32_wrapper
                0x0000602c        0x8 mcuboot/zephyr/libmcuboot_zephyr.a(log_core.c.obj)
 .text.log_string_sync
                0x00006034       0x1c mcuboot/zephyr/libmcuboot_zephyr.a(log_core.c.obj)
                0x00006034                log_string_sync
 .text.enable_logger
                0x00006050        0xa mcuboot/zephyr/libmcuboot_zephyr.a(log_core.c.obj)
 .text.should_bail
                0x0000605a       0x3e mcuboot/zephyr/libmcuboot_zephyr.a(flash_map.c.obj)
 .text.get_sectors_cb
                0x00006098       0x3c mcuboot/zephyr/libmcuboot_zephyr.a(flash_map.c.obj)
 .text.flash_area_layout
                0x000060d4       0x4e mcuboot/zephyr/libmcuboot_zephyr.a(flash_map.c.obj)
 .text.flash_area_close
                0x00006122        0x2 mcuboot/zephyr/libmcuboot_zephyr.a(flash_map.c.obj)
                0x00006122                flash_area_close
 .text.flash_area_read
                0x00006124       0x3e mcuboot/zephyr/libmcuboot_zephyr.a(flash_map.c.obj)
                0x00006124                flash_area_read
 .text.flash_area_write
                0x00006162       0x60 mcuboot/zephyr/libmcuboot_zephyr.a(flash_map.c.obj)
                0x00006162                flash_area_write
 .text.flash_area_erase
                0x000061c2       0x5c mcuboot/zephyr/libmcuboot_zephyr.a(flash_map.c.obj)
                0x000061c2                flash_area_erase
 .text.flash_area_align
                0x0000621e        0xe mcuboot/zephyr/libmcuboot_zephyr.a(flash_map.c.obj)
                0x0000621e                flash_area_align
 .text.clock_event_check_and_clean
                0x0000622c       0x2a mcuboot/zephyr/libmcuboot_zephyr.a(nrf_power_clock.c.obj)
 .text.get_status
                0x00006256       0x1a mcuboot/zephyr/libmcuboot_zephyr.a(nrf_power_clock.c.obj)
 .text.clock_stop
                0x00006270       0x64 mcuboot/zephyr/libmcuboot_zephyr.a(nrf_power_clock.c.obj)
 .text.is_in_list
                0x000062d4       0x1a mcuboot/zephyr/libmcuboot_zephyr.a(nrf_power_clock.c.obj)
 .text.clock_async_start
                0x000062ee       0x94 mcuboot/zephyr/libmcuboot_zephyr.a(nrf_power_clock.c.obj)
 .text.clock_start
                0x00006382        0xa mcuboot/zephyr/libmcuboot_zephyr.a(nrf_power_clock.c.obj)
 .text.lfclk_init
                0x0000638c        0xa mcuboot/zephyr/libmcuboot_zephyr.a(nrf_power_clock.c.obj)
 .text.clkstarted_handle
                0x00006396       0x3a mcuboot/zephyr/libmcuboot_zephyr.a(nrf_power_clock.c.obj)
 .text.hfclk_init
                0x000063d0       0x2e mcuboot/zephyr/libmcuboot_zephyr.a(nrf_power_clock.c.obj)
 .text.z_clock_isr
                0x000063fe        0x2 mcuboot/zephyr/libmcuboot_zephyr.a(sys_clock_init.c.obj)
                0x000063fe                z_clock_isr
 .text.sys_clock_disable
                0x00006400        0x2 mcuboot/zephyr/libmcuboot_zephyr.a(sys_clock_init.c.obj)
                0x00006400                sys_clock_disable
 .text.counter_sub
                0x00006402        0x8 mcuboot/zephyr/libmcuboot_zephyr.a(nrf_rtc_timer.c.obj)
 .text.console_write
                0x0000640a       0x1e mcuboot/zephyr/libmcuboot_zephyr.a(serial_adapter.c.obj)
                0x0000640a                console_write
 .text.console_read
                0x00006428       0x38 mcuboot/zephyr/libmcuboot_zephyr.a(serial_adapter.c.obj)
                0x00006428                console_read
 .text.bs_list_img_ver
                0x00006460       0x38 mcuboot/zephyr/libmcuboot_zephyr.a(boot_serial.c.obj)
 .text.boot_serial_in_dec
                0x00006498       0x72 mcuboot/zephyr/libmcuboot_zephyr.a(boot_serial.c.obj)
 .text.bs_reset
                0x0000650a       0x14 mcuboot/zephyr/libmcuboot_zephyr.a(boot_serial.c.obj)
 .text.z_irq_spurious
                0x0000651e        0x8 mcuboot/zephyr/arch/arch/arm/core/libmcuboot_arch__arm__core.a(irq_manage.c.obj)
                0x0000651e                z_irq_spurious
 .text.z_arm_fatal_error
                0x00006526        0x8 mcuboot/zephyr/arch/arch/arm/core/libmcuboot_arch__arm__core.a(fatal.c.obj)
                0x00006526                z_arm_fatal_error
 .text.z_do_kernel_oops
                0x0000652e        0xc mcuboot/zephyr/arch/arch/arm/core/libmcuboot_arch__arm__core.a(fatal.c.obj)
                0x0000652e                z_do_kernel_oops
 .text.z_arm_nmi
                0x0000653a        0xc mcuboot/zephyr/arch/arch/arm/core/libmcuboot_arch__arm__core.a(nmi.c.obj)
                0x0000653a                z_arm_nmi
 .text.memory_fault_recoverable
                0x00006546        0x4 mcuboot/zephyr/arch/arch/arm/core/cortex_m/libmcuboot_arch__arm__core__cortex_m.a(fault.c.obj)
 .text.fault_handle
                0x0000654a       0x36 mcuboot/zephyr/arch/arch/arm/core/cortex_m/libmcuboot_arch__arm__core__cortex_m.a(fault.c.obj)
 .text.z_arm_configure_dynamic_mpu_regions
                0x00006580        0xc mcuboot/zephyr/arch/arch/arm/core/cortex_m/mpu/libmcuboot_arch__arm__core__cortex_m__mpu.a(arm_core_mpu.c.obj)
                0x00006580                z_arm_configure_dynamic_mpu_regions
 .text.mpu_partition_is_valid
                0x0000658c       0x24 mcuboot/zephyr/arch/arch/arm/core/cortex_m/mpu/libmcuboot_arch__arm__core__cortex_m__mpu.a(arm_mpu.c.obj)
 .text.mpu_configure_region
                0x000065b0       0x36 mcuboot/zephyr/arch/arch/arm/core/cortex_m/mpu/libmcuboot_arch__arm__core__cortex_m__mpu.a(arm_mpu.c.obj)
 .text.arm_core_mpu_configure_dynamic_mpu_regions
                0x000065e6        0x8 mcuboot/zephyr/arch/arch/arm/core/cortex_m/mpu/libmcuboot_arch__arm__core__cortex_m__mpu.a(arm_mpu.c.obj)
                0x000065e6                arm_core_mpu_configure_dynamic_mpu_regions
 .text.strlen   0x000065ee       0x12 mcuboot/zephyr/lib/libc/minimal/libmcuboot_lib__libc__minimal.a(string.c.obj)
                0x000065ee                strlen
 .text.strcmp   0x00006600       0x16 mcuboot/zephyr/lib/libc/minimal/libmcuboot_lib__libc__minimal.a(string.c.obj)
                0x00006600                strcmp
 .text.memcmp   0x00006616       0x30 mcuboot/zephyr/lib/libc/minimal/libmcuboot_lib__libc__minimal.a(string.c.obj)
                0x00006616                memcmp
 .text.memcpy   0x00006646       0x4a mcuboot/zephyr/lib/libc/minimal/libmcuboot_lib__libc__minimal.a(string.c.obj)
                0x00006646                memcpy
 .text.memset   0x00006690       0x3e mcuboot/zephyr/lib/libc/minimal/libmcuboot_lib__libc__minimal.a(string.c.obj)
                0x00006690                memset
 .text.gpio_nrfx_write
                0x000066ce       0x44 mcuboot/zephyr/drivers/gpio/libmcuboot_drivers__gpio.a(gpio_nrfx.c.obj)
 .text.gpio_nrfx_read
                0x00006712       0x30 mcuboot/zephyr/drivers/gpio/libmcuboot_drivers__gpio.a(gpio_nrfx.c.obj)
 .text.gpio_nrfx_manage_callback
                0x00006742       0x60 mcuboot/zephyr/drivers/gpio/libmcuboot_drivers__gpio.a(gpio_nrfx.c.obj)
 .text.gpio_nrfx_pin_manage_callback
                0x000067a2       0x52 mcuboot/zephyr/drivers/gpio/libmcuboot_drivers__gpio.a(gpio_nrfx.c.obj)
 .text.gpio_nrfx_pin_enable_callback
                0x000067f4        0xa mcuboot/zephyr/drivers/gpio/libmcuboot_drivers__gpio.a(gpio_nrfx.c.obj)
 .text.gpio_nrfx_pin_disable_callback
                0x000067fe        0xa mcuboot/zephyr/drivers/gpio/libmcuboot_drivers__gpio.a(gpio_nrfx.c.obj)
 .text.shift_write_context
                0x00006808       0x14 mcuboot/zephyr/drivers/flash/libmcuboot_drivers__flash.a(soc_flash_nrf.c.obj)
 .text.erase_op
                0x0000681c       0x24 mcuboot/zephyr/drivers/flash/libmcuboot_drivers__flash.a(soc_flash_nrf.c.obj)
 .text.erase    0x00006840       0x18 mcuboot/zephyr/drivers/flash/libmcuboot_drivers__flash.a(soc_flash_nrf.c.obj)
 .text.write_op
                0x00006858       0x5e mcuboot/zephyr/drivers/flash/libmcuboot_drivers__flash.a(soc_flash_nrf.c.obj)
 .text.write    0x000068b6       0x16 mcuboot/zephyr/drivers/flash/libmcuboot_drivers__flash.a(soc_flash_nrf.c.obj)
 .text.flash_nrf_read
                0x000068cc       0x4c mcuboot/zephyr/drivers/flash/libmcuboot_drivers__flash.a(soc_flash_nrf.c.obj)
 .text.flash_get_page_info
                0x00006918       0x7c mcuboot/zephyr/drivers/flash/libmcuboot_drivers__flash.a(flash_page_layout.c.obj)
 .text.z_impl_flash_get_page_info_by_offs
                0x00006994        0xc mcuboot/zephyr/drivers/flash/libmcuboot_drivers__flash.a(flash_page_layout.c.obj)
                0x00006994                z_impl_flash_get_page_info_by_offs
 .text.flash_page_foreach
                0x000069a0       0x54 mcuboot/zephyr/drivers/flash/libmcuboot_drivers__flash.a(flash_page_layout.c.obj)
                0x000069a0                flash_page_foreach
 .text.uarte_nrfx_isr_int
                0x000069f4       0x34 mcuboot/zephyr/drivers/serial/libmcuboot_drivers__serial.a(uart_nrfx_uarte.c.obj)
 .text.uarte_nrfx_configure
                0x00006a28       0xa6 mcuboot/zephyr/drivers/serial/libmcuboot_drivers__serial.a(uart_nrfx_uarte.c.obj)
 .text.uarte_nrfx_config_get
                0x00006ace       0x10 mcuboot/zephyr/drivers/serial/libmcuboot_drivers__serial.a(uart_nrfx_uarte.c.obj)
 .text.uarte_nrfx_err_check
                0x00006ade       0x1a mcuboot/zephyr/drivers/serial/libmcuboot_drivers__serial.a(uart_nrfx_uarte.c.obj)
 .text.uarte_nrfx_poll_in
                0x00006af8       0x2a mcuboot/zephyr/drivers/serial/libmcuboot_drivers__serial.a(uart_nrfx_uarte.c.obj)
 .text.uarte_nrfx_poll_out
                0x00006b22       0x30 mcuboot/zephyr/drivers/serial/libmcuboot_drivers__serial.a(uart_nrfx_uarte.c.obj)
 .text.uarte_nrfx_fifo_fill
                0x00006b52       0x48 mcuboot/zephyr/drivers/serial/libmcuboot_drivers__serial.a(uart_nrfx_uarte.c.obj)
 .text.uarte_nrfx_fifo_read
                0x00006b9a       0x22 mcuboot/zephyr/drivers/serial/libmcuboot_drivers__serial.a(uart_nrfx_uarte.c.obj)
 .text.uarte_nrfx_irq_tx_enable
                0x00006bbc       0x18 mcuboot/zephyr/drivers/serial/libmcuboot_drivers__serial.a(uart_nrfx_uarte.c.obj)
 .text.uarte_nrfx_irq_tx_disable
                0x00006bd4        0xa mcuboot/zephyr/drivers/serial/libmcuboot_drivers__serial.a(uart_nrfx_uarte.c.obj)
 .text.uarte_nrfx_irq_tx_ready_complete
                0x00006bde       0x22 mcuboot/zephyr/drivers/serial/libmcuboot_drivers__serial.a(uart_nrfx_uarte.c.obj)
 .text.uarte_nrfx_irq_rx_ready
                0x00006c00       0x12 mcuboot/zephyr/drivers/serial/libmcuboot_drivers__serial.a(uart_nrfx_uarte.c.obj)
 .text.uarte_nrfx_irq_rx_enable
                0x00006c12        0xe mcuboot/zephyr/drivers/serial/libmcuboot_drivers__serial.a(uart_nrfx_uarte.c.obj)
 .text.uarte_nrfx_irq_rx_disable
                0x00006c20        0xe mcuboot/zephyr/drivers/serial/libmcuboot_drivers__serial.a(uart_nrfx_uarte.c.obj)
 .text.uarte_nrfx_irq_err_enable
                0x00006c2e       0x10 mcuboot/zephyr/drivers/serial/libmcuboot_drivers__serial.a(uart_nrfx_uarte.c.obj)
 .text.uarte_nrfx_irq_err_disable
                0x00006c3e       0x10 mcuboot/zephyr/drivers/serial/libmcuboot_drivers__serial.a(uart_nrfx_uarte.c.obj)
 .text.uarte_nrfx_irq_is_pending
                0x00006c4e       0x40 mcuboot/zephyr/drivers/serial/libmcuboot_drivers__serial.a(uart_nrfx_uarte.c.obj)
 .text.uarte_nrfx_irq_update
                0x00006c8e        0x4 mcuboot/zephyr/drivers/serial/libmcuboot_drivers__serial.a(uart_nrfx_uarte.c.obj)
 .text.uarte_nrfx_irq_callback_set
                0x00006c92        0xc mcuboot/zephyr/drivers/serial/libmcuboot_drivers__serial.a(uart_nrfx_uarte.c.obj)
 .text._mbedtls_init
                0x00006c9e        0x4 mcuboot/zephyr/modules/mbedtls/libmcuboot_..__modules__crypto__mbedtls.a(zephyr_init.c.obj)
 .text.mbedtls_asn1_get_len
                0x00006ca2       0xca mcuboot/zephyr/modules/mbedtls/libmcuboot_..__modules__crypto__mbedtls.a(asn1parse.c.obj)
                0x00006ca2                mbedtls_asn1_get_len
 .text.mbedtls_asn1_get_tag
                0x00006d6c       0x26 mcuboot/zephyr/modules/mbedtls/libmcuboot_..__modules__crypto__mbedtls.a(asn1parse.c.obj)
                0x00006d6c                mbedtls_asn1_get_tag
 .text.mbedtls_asn1_get_mpi
                0x00006d92       0x30 mcuboot/zephyr/modules/mbedtls/libmcuboot_..__modules__crypto__mbedtls.a(asn1parse.c.obj)
                0x00006d92                mbedtls_asn1_get_mpi
 .text.mbedtls_clz
                0x00006dc2       0x18 mcuboot/zephyr/modules/mbedtls/libmcuboot_..__modules__crypto__mbedtls.a(bignum.c.obj)
 .text.mpi_uint_bigendian_to_host_c
                0x00006dda       0x26 mcuboot/zephyr/modules/mbedtls/libmcuboot_..__modules__crypto__mbedtls.a(bignum.c.obj)
 .text.mpi_uint_bigendian_to_host
                0x00006e00        0x8 mcuboot/zephyr/modules/mbedtls/libmcuboot_..__modules__crypto__mbedtls.a(bignum.c.obj)
 .text.mpi_bigendian_to_host
                0x00006e08       0x30 mcuboot/zephyr/modules/mbedtls/libmcuboot_..__modules__crypto__mbedtls.a(bignum.c.obj)
 .text.mpi_sub_hlp
                0x00006e38       0x4e mcuboot/zephyr/modules/mbedtls/libmcuboot_..__modules__crypto__mbedtls.a(bignum.c.obj)
 .text.mpi_mul_hlp
                0x00006e86      0x342 mcuboot/zephyr/modules/mbedtls/libmcuboot_..__modules__crypto__mbedtls.a(bignum.c.obj)
 .text.mbedtls_int_div_int
                0x000071c8       0x5c mcuboot/zephyr/modules/mbedtls/libmcuboot_..__modules__crypto__mbedtls.a(bignum.c.obj)
 .text.mpi_montg_init
                0x00007224       0x30 mcuboot/zephyr/modules/mbedtls/libmcuboot_..__modules__crypto__mbedtls.a(bignum.c.obj)
 .text.mbedtls_mpi_zeroize
                0x00007254        0xa mcuboot/zephyr/modules/mbedtls/libmcuboot_..__modules__crypto__mbedtls.a(bignum.c.obj)
 .text.mbedtls_mpi_init
                0x0000725e        0xc mcuboot/zephyr/modules/mbedtls/libmcuboot_..__modules__crypto__mbedtls.a(bignum.c.obj)
                0x0000725e                mbedtls_mpi_init
 .text.mbedtls_mpi_free
                0x0000726a       0x24 mcuboot/zephyr/modules/mbedtls/libmcuboot_..__modules__crypto__mbedtls.a(bignum.c.obj)
                0x0000726a                mbedtls_mpi_free
 .text.mbedtls_mpi_grow
                0x0000728e       0x52 mcuboot/zephyr/modules/mbedtls/libmcuboot_..__modules__crypto__mbedtls.a(bignum.c.obj)
                0x0000728e                mbedtls_mpi_grow
 .text.mbedtls_mpi_copy
                0x000072e0       0x66 mcuboot/zephyr/modules/mbedtls/libmcuboot_..__modules__crypto__mbedtls.a(bignum.c.obj)
                0x000072e0                mbedtls_mpi_copy
 .text.mbedtls_mpi_lset
                0x00007346       0x3c mcuboot/zephyr/modules/mbedtls/libmcuboot_..__modules__crypto__mbedtls.a(bignum.c.obj)
                0x00007346                mbedtls_mpi_lset
 .text.mbedtls_mpi_get_bit
                0x00007382       0x20 mcuboot/zephyr/modules/mbedtls/libmcuboot_..__modules__crypto__mbedtls.a(bignum.c.obj)
                0x00007382                mbedtls_mpi_get_bit
 .text.mbedtls_mpi_bitlen
                0x000073a2       0x2e mcuboot/zephyr/modules/mbedtls/libmcuboot_..__modules__crypto__mbedtls.a(bignum.c.obj)
                0x000073a2                mbedtls_mpi_bitlen
 .text.mbedtls_mpi_size
                0x000073d0        0xc mcuboot/zephyr/modules/mbedtls/libmcuboot_..__modules__crypto__mbedtls.a(bignum.c.obj)
                0x000073d0                mbedtls_mpi_size
 .text.mbedtls_mpi_read_binary
                0x000073dc       0x62 mcuboot/zephyr/modules/mbedtls/libmcuboot_..__modules__crypto__mbedtls.a(bignum.c.obj)
                0x000073dc                mbedtls_mpi_read_binary
 .text.mbedtls_mpi_write_binary
                0x0000743e       0x66 mcuboot/zephyr/modules/mbedtls/libmcuboot_..__modules__crypto__mbedtls.a(bignum.c.obj)
                0x0000743e                mbedtls_mpi_write_binary
 .text.mbedtls_mpi_shift_l
                0x000074a4       0xa4 mcuboot/zephyr/modules/mbedtls/libmcuboot_..__modules__crypto__mbedtls.a(bignum.c.obj)
                0x000074a4                mbedtls_mpi_shift_l
 .text.mbedtls_mpi_shift_r
                0x00007548       0x90 mcuboot/zephyr/modules/mbedtls/libmcuboot_..__modules__crypto__mbedtls.a(bignum.c.obj)
                0x00007548                mbedtls_mpi_shift_r
 .text.mbedtls_mpi_cmp_abs
                0x000075d8       0x74 mcuboot/zephyr/modules/mbedtls/libmcuboot_..__modules__crypto__mbedtls.a(bignum.c.obj)
                0x000075d8                mbedtls_mpi_cmp_abs
 .text.mpi_montmul
                0x0000764c       0xdc mcuboot/zephyr/modules/mbedtls/libmcuboot_..__modules__crypto__mbedtls.a(bignum.c.obj)
 .text.mpi_montred
                0x00007728       0x20 mcuboot/zephyr/modules/mbedtls/libmcuboot_..__modules__crypto__mbedtls.a(bignum.c.obj)
 .text.mbedtls_mpi_cmp_mpi
                0x00007748       0x90 mcuboot/zephyr/modules/mbedtls/libmcuboot_..__modules__crypto__mbedtls.a(bignum.c.obj)
                0x00007748                mbedtls_mpi_cmp_mpi
 .text.mbedtls_mpi_cmp_int
                0x000077d8       0x30 mcuboot/zephyr/modules/mbedtls/libmcuboot_..__modules__crypto__mbedtls.a(bignum.c.obj)
                0x000077d8                mbedtls_mpi_cmp_int
 .text.mbedtls_mpi_add_abs
                0x00007808       0xa8 mcuboot/zephyr/modules/mbedtls/libmcuboot_..__modules__crypto__mbedtls.a(bignum.c.obj)
                0x00007808                mbedtls_mpi_add_abs
 .text.mbedtls_mpi_sub_abs
                0x000078b0       0x76 mcuboot/zephyr/modules/mbedtls/libmcuboot_..__modules__crypto__mbedtls.a(bignum.c.obj)
                0x000078b0                mbedtls_mpi_sub_abs
 .text.mbedtls_mpi_add_mpi
                0x00007926       0x54 mcuboot/zephyr/modules/mbedtls/libmcuboot_..__modules__crypto__mbedtls.a(bignum.c.obj)
                0x00007926                mbedtls_mpi_add_mpi
 .text.mbedtls_mpi_sub_mpi
                0x0000797a       0x58 mcuboot/zephyr/modules/mbedtls/libmcuboot_..__modules__crypto__mbedtls.a(bignum.c.obj)
                0x0000797a                mbedtls_mpi_sub_mpi
 .text.mbedtls_mpi_mul_mpi
                0x000079d2       0xca mcuboot/zephyr/modules/mbedtls/libmcuboot_..__modules__crypto__mbedtls.a(bignum.c.obj)
                0x000079d2                mbedtls_mpi_mul_mpi
 .text.mbedtls_mpi_mul_int
                0x00007a9c       0x1c mcuboot/zephyr/modules/mbedtls/libmcuboot_..__modules__crypto__mbedtls.a(bignum.c.obj)
                0x00007a9c                mbedtls_mpi_mul_int
 .text.mbedtls_mpi_div_mpi
                0x00007ab8      0x3a8 mcuboot/zephyr/modules/mbedtls/libmcuboot_..__modules__crypto__mbedtls.a(bignum.c.obj)
                0x00007ab8                mbedtls_mpi_div_mpi
 .text.mbedtls_mpi_mod_mpi
                0x00007e60       0x68 mcuboot/zephyr/modules/mbedtls/libmcuboot_..__modules__crypto__mbedtls.a(bignum.c.obj)
                0x00007e60                mbedtls_mpi_mod_mpi
 .text.mbedtls_mpi_exp_mod
                0x00007ec8      0x49c mcuboot/zephyr/modules/mbedtls/libmcuboot_..__modules__crypto__mbedtls.a(bignum.c.obj)
                0x00007ec8                mbedtls_mpi_exp_mod
 .text.platform_calloc_uninit
                0x00008364        0x4 mcuboot/zephyr/modules/mbedtls/libmcuboot_..__modules__crypto__mbedtls.a(platform.c.obj)
 .text.platform_free_uninit
                0x00008368        0x2 mcuboot/zephyr/modules/mbedtls/libmcuboot_..__modules__crypto__mbedtls.a(platform.c.obj)
 .text.platform_exit_uninit
                0x0000836a        0x2 mcuboot/zephyr/modules/mbedtls/libmcuboot_..__modules__crypto__mbedtls.a(platform.c.obj)
 .text.mbedtls_rsa_import
                0x0000836c       0x74 mcuboot/zephyr/modules/mbedtls/libmcuboot_..__modules__crypto__mbedtls.a(rsa.c.obj)
                0x0000836c                mbedtls_rsa_import
 .text.mbedtls_rsa_set_padding
                0x000083e0        0xa mcuboot/zephyr/modules/mbedtls/libmcuboot_..__modules__crypto__mbedtls.a(rsa.c.obj)
                0x000083e0                mbedtls_rsa_set_padding
 .text.mbedtls_rsa_init
                0x000083ea       0x1c mcuboot/zephyr/modules/mbedtls/libmcuboot_..__modules__crypto__mbedtls.a(rsa.c.obj)
                0x000083ea                mbedtls_rsa_init
 .text.mbedtls_rsa_free
                0x00008406       0x70 mcuboot/zephyr/modules/mbedtls/libmcuboot_..__modules__crypto__mbedtls.a(rsa.c.obj)
                0x00008406                mbedtls_rsa_free
 .text.mbedtls_sha256_init
                0x00008476        0xc mcuboot/zephyr/modules/mbedtls/libmcuboot_..__modules__crypto__mbedtls.a(sha256.c.obj)
                0x00008476                mbedtls_sha256_init
 .text.mbedtls_sha256_update_ret
                0x00008482       0x86 mcuboot/zephyr/modules/mbedtls/libmcuboot_..__modules__crypto__mbedtls.a(sha256.c.obj)
                0x00008482                mbedtls_sha256_update_ret
 .text.mbedtls_sha256_finish_ret
                0x00008508      0x13e mcuboot/zephyr/modules/mbedtls/libmcuboot_..__modules__crypto__mbedtls.a(sha256.c.obj)
                0x00008508                mbedtls_sha256_finish_ret
 .text.cbuf_buf_reader_get8
                0x00008646        0x6 mcuboot/zephyr/modules/tinycbor/libmcuboot_..__modules__lib__tinycbor.a(cbor_buf_reader.c.obj)
 .text.cbor_buf_reader_get_string_chunk
                0x0000864c        0x6 mcuboot/zephyr/modules/tinycbor/libmcuboot_..__modules__lib__tinycbor.a(cbor_buf_reader.c.obj)
 .text.cbor_buf_reader_cpy
                0x00008652       0x12 mcuboot/zephyr/modules/tinycbor/libmcuboot_..__modules__lib__tinycbor.a(cbor_buf_reader.c.obj)
 .text.cbor_buf_reader_cmp
                0x00008664       0x18 mcuboot/zephyr/modules/tinycbor/libmcuboot_..__modules__lib__tinycbor.a(cbor_buf_reader.c.obj)
 .text.cbuf_buf_reader_get64
                0x0000867c       0x1e mcuboot/zephyr/modules/tinycbor/libmcuboot_..__modules__lib__tinycbor.a(cbor_buf_reader.c.obj)
 .text.cbuf_buf_reader_get32
                0x0000869a       0x1c mcuboot/zephyr/modules/tinycbor/libmcuboot_..__modules__lib__tinycbor.a(cbor_buf_reader.c.obj)
 .text.cbuf_buf_reader_get16
                0x000086b6       0x20 mcuboot/zephyr/modules/tinycbor/libmcuboot_..__modules__lib__tinycbor.a(cbor_buf_reader.c.obj)
 .text.create_container
                0x000086d6       0xb0 mcuboot/zephyr/modules/tinycbor/libmcuboot_..__modules__lib__tinycbor.a(cborencoder.c.obj)
 .text.encode_string
                0x00008786       0x96 mcuboot/zephyr/modules/tinycbor/libmcuboot_..__modules__lib__tinycbor.a(cborencoder.c.obj)
 .text.cbor_encoder_cust_writer_init
                0x0000881c        0xa mcuboot/zephyr/modules/tinycbor/libmcuboot_..__modules__lib__tinycbor.a(cborencoder.c.obj)
                0x0000881c                cbor_encoder_cust_writer_init
 .text.cbor_encode_uint
                0x00008826       0x80 mcuboot/zephyr/modules/tinycbor/libmcuboot_..__modules__lib__tinycbor.a(cborencoder.c.obj)
                0x00008826                cbor_encode_uint
 .text.cbor_encode_int
                0x000088a6       0xa8 mcuboot/zephyr/modules/tinycbor/libmcuboot_..__modules__lib__tinycbor.a(cborencoder.c.obj)
                0x000088a6                cbor_encode_int
 .text.cbor_encode_text_string
                0x0000894e       0x10 mcuboot/zephyr/modules/tinycbor/libmcuboot_..__modules__lib__tinycbor.a(cborencoder.c.obj)
                0x0000894e                cbor_encode_text_string
 .text.cbor_encoder_create_array
                0x0000895e        0xa mcuboot/zephyr/modules/tinycbor/libmcuboot_..__modules__lib__tinycbor.a(cborencoder.c.obj)
                0x0000895e                cbor_encoder_create_array
 .text.cbor_encoder_close_container
                0x00008968       0x48 mcuboot/zephyr/modules/tinycbor/libmcuboot_..__modules__lib__tinycbor.a(cborencoder.c.obj)
                0x00008968                cbor_encoder_close_container
 .text.is_fixed_type
                0x000089b0       0x24 mcuboot/zephyr/modules/tinycbor/libmcuboot_..__modules__lib__tinycbor.a(cborparser.c.obj)
 .text.get_string_chunk_update
                0x000089d4       0x28 mcuboot/zephyr/modules/tinycbor/libmcuboot_..__modules__lib__tinycbor.a(cborparser.c.obj)
 .text.iterate_noop
                0x000089fc        0x4 mcuboot/zephyr/modules/tinycbor/libmcuboot_..__modules__lib__tinycbor.a(cborparser.c.obj)
 .text.preparse_value
                0x00008a00      0x138 mcuboot/zephyr/modules/tinycbor/libmcuboot_..__modules__lib__tinycbor.a(cborparser.c.obj)
 .text.preparse_next_value
                0x00008b38       0x4c mcuboot/zephyr/modules/tinycbor/libmcuboot_..__modules__lib__tinycbor.a(cborparser.c.obj)
 .text._cbor_value_extract_number
                0x00008b84       0x96 mcuboot/zephyr/modules/tinycbor/libmcuboot_..__modules__lib__tinycbor.a(cborparser.c.obj)
                0x00008b84                _cbor_value_extract_number
 .text.advance_internal
                0x00008c1a       0x2e mcuboot/zephyr/modules/tinycbor/libmcuboot_..__modules__lib__tinycbor.a(cborparser.c.obj)
 .text.extract_length
                0x00008c48       0x32 mcuboot/zephyr/modules/tinycbor/libmcuboot_..__modules__lib__tinycbor.a(cborparser.c.obj)
 .text.get_string_chunk
                0x00008c7a       0xbc mcuboot/zephyr/modules/tinycbor/libmcuboot_..__modules__lib__tinycbor.a(cborparser.c.obj)
 .text.iterate_string_chunks
                0x00008d36       0x96 mcuboot/zephyr/modules/tinycbor/libmcuboot_..__modules__lib__tinycbor.a(cborparser.c.obj)
 .text._cbor_value_decode_int64_internal
                0x00008dcc       0x32 mcuboot/zephyr/modules/tinycbor/libmcuboot_..__modules__lib__tinycbor.a(cborparser.c.obj)
                0x00008dcc                _cbor_value_decode_int64_internal
 .text.cbor_parser_cust_reader_init
                0x00008dfe       0x1c mcuboot/zephyr/modules/tinycbor/libmcuboot_..__modules__lib__tinycbor.a(cborparser.c.obj)
                0x00008dfe                cbor_parser_cust_reader_init
 .text.cbor_value_enter_container
                0x00008e1a       0x9c mcuboot/zephyr/modules/tinycbor/libmcuboot_..__modules__lib__tinycbor.a(cborparser.c.obj)
                0x00008e1a                cbor_value_enter_container
 .text.cbor_value_leave_container
                0x00008eb6        0xc mcuboot/zephyr/modules/tinycbor/libmcuboot_..__modules__lib__tinycbor.a(cborparser.c.obj)
                0x00008eb6                cbor_value_leave_container
 .text.advance_recursive
                0x00008ec2       0x80 mcuboot/zephyr/modules/tinycbor/libmcuboot_..__modules__lib__tinycbor.a(cborparser.c.obj)
 .text.cbor_value_advance
                0x00008f42       0x14 mcuboot/zephyr/modules/tinycbor/libmcuboot_..__modules__lib__tinycbor.a(cborparser.c.obj)
                0x00008f42                cbor_value_advance
 .text.cbor_value_calculate_string_length
                0x00008f56       0x14 mcuboot/zephyr/modules/tinycbor/libmcuboot_..__modules__lib__tinycbor.a(cborparser.c.obj)
                0x00008f56                cbor_value_calculate_string_length
 .text.flash_page_size_get
                0x00008f6a        0x6 mcuboot/zephyr/modules/nordic/libmcuboot_..__modules__hal__nordic.a(nrfx_nvmc.c.obj)
 .text.flash_page_count_get
                0x00008f70        0x6 mcuboot/zephyr/modules/nordic/libmcuboot_..__modules__hal__nordic.a(nrfx_nvmc.c.obj)
 .text.flash_total_size_get
                0x00008f76       0x12 mcuboot/zephyr/modules/nordic/libmcuboot_..__modules__hal__nordic.a(nrfx_nvmc.c.obj)
 .text.is_page_aligned_check
                0x00008f88       0x18 mcuboot/zephyr/modules/nordic/libmcuboot_..__modules__hal__nordic.a(nrfx_nvmc.c.obj)
 .text.partial_word_create
                0x00008fa0       0x28 mcuboot/zephyr/modules/nordic/libmcuboot_..__modules__hal__nordic.a(nrfx_nvmc.c.obj)
 .text.nvmc_words_write
                0x00008fc8       0x20 mcuboot/zephyr/modules/nordic/libmcuboot_..__modules__hal__nordic.a(nrfx_nvmc.c.obj)
 .text.nrfx_nvmc_word_write
                0x00008fe8       0x18 mcuboot/zephyr/modules/nordic/libmcuboot_..__modules__hal__nordic.a(nrfx_nvmc.c.obj)
                0x00008fe8                nrfx_nvmc_word_write
 .text.nrfx_nvmc_bytes_write
                0x00009000       0x6a mcuboot/zephyr/modules/nordic/libmcuboot_..__modules__hal__nordic.a(nrfx_nvmc.c.obj)
                0x00009000                nrfx_nvmc_bytes_write
 .text.nrfx_nvmc_flash_size_get
                0x0000906a        0x8 mcuboot/zephyr/modules/nordic/libmcuboot_..__modules__hal__nordic.a(nrfx_nvmc.c.obj)
                0x0000906a                nrfx_nvmc_flash_size_get
 .text.nrfx_nvmc_flash_page_size_get
                0x00009072        0x8 mcuboot/zephyr/modules/nordic/libmcuboot_..__modules__hal__nordic.a(nrfx_nvmc.c.obj)
                0x00009072                nrfx_nvmc_flash_page_size_get
 .text.nrfx_nvmc_flash_page_count_get
                0x0000907a        0x8 mcuboot/zephyr/modules/nordic/libmcuboot_..__modules__hal__nordic.a(nrfx_nvmc.c.obj)
                0x0000907a                nrfx_nvmc_flash_page_count_get
 .text.z_arch_system_halt
                0x00009082       0x12 mcuboot/zephyr/kernel/libmcuboot_kernel.a(fatal.c.obj)
                0x00009082                z_arch_system_halt
 .text.k_sys_fatal_error_handler
                0x00009094        0xe mcuboot/zephyr/kernel/libmcuboot_kernel.a(fatal.c.obj)
                0x00009094                k_sys_fatal_error_handler
 .text.z_fatal_error
                0x000090a2       0x1c mcuboot/zephyr/kernel/libmcuboot_kernel.a(fatal.c.obj)
                0x000090a2                z_fatal_error
 .text.create_free_list
                0x000090be       0x1c mcuboot/zephyr/kernel/libmcuboot_kernel.a(mem_slab.c.obj)
 .text.pended_on
                0x000090da        0x4 mcuboot/zephyr/kernel/libmcuboot_kernel.a(sched.c.obj)
 .text.z_tick_sleep
                0x000090de        0x4 mcuboot/zephyr/kernel/libmcuboot_kernel.a(sched.c.obj)
 .text.z_is_t1_higher_prio_than_t2
                0x000090e2       0x14 mcuboot/zephyr/kernel/libmcuboot_kernel.a(sched.c.obj)
                0x000090e2                z_is_t1_higher_prio_than_t2
 .text.z_unpend_thread_no_timeout
                0x000090f6       0x40 mcuboot/zephyr/kernel/libmcuboot_kernel.a(sched.c.obj)
                0x000090f6                z_unpend_thread_no_timeout
 .text.z_priq_dumb_best
                0x00009136        0xe mcuboot/zephyr/kernel/libmcuboot_kernel.a(sched.c.obj)
                0x00009136                z_priq_dumb_best
 .text.z_unpend_first_thread
                0x00009144       0x7a mcuboot/zephyr/kernel/libmcuboot_kernel.a(sched.c.obj)
                0x00009144                z_unpend_first_thread
 .text.z_impl_k_sleep
                0x000091be       0x5c mcuboot/zephyr/kernel/libmcuboot_kernel.a(sched.c.obj)
                0x000091be                z_impl_k_sleep
 .text.do_sem_give
                0x0000921a       0x46 mcuboot/zephyr/kernel/libmcuboot_kernel.a(sem.c.obj)
 .text.z_thread_single_abort
                0x00009260       0x4e mcuboot/zephyr/kernel/libmcuboot_kernel.a(thread.c.obj)
                0x00009260                z_thread_single_abort
 .text.remove_timeout
                0x000092ae       0x26 mcuboot/zephyr/kernel/libmcuboot_kernel.a(timeout.c.obj)
 .text.next_timeout
                0x000092d4       0x1e mcuboot/zephyr/kernel/libmcuboot_kernel.a(timeout.c.obj)
 .text.z_abort_timeout
                0x000092f2       0x3c mcuboot/zephyr/kernel/libmcuboot_kernel.a(timeout.c.obj)
                0x000092f2                z_abort_timeout
 .text.k_mem_pool_init
                0x0000932e       0x10 mcuboot/zephyr/kernel/libmcuboot_kernel.a(mempool.c.obj)
 .text._OffsetAbsSyms
                0x0000933e        0x2 mcuboot/zephyr/CMakeFiles/mcuboot_offsets.dir/arch/arm/core/offsets/offsets.c.obj
                0x0000933e                _OffsetAbsSyms
 *(SORT_BY_ALIGNMENT(.gnu.linkonce.t.*))
 *(SORT_BY_ALIGNMENT(.glue_7t))
 .glue_7t       0x00009340        0x0 linker stubs
 *(SORT_BY_ALIGNMENT(.glue_7))
 .glue_7        0x00009340        0x0 linker stubs
 *(SORT_BY_ALIGNMENT(.vfp11_veneer))
 .vfp11_veneer  0x00009340        0x0 linker stubs
 *(SORT_BY_ALIGNMENT(.v4_bx))
 .v4_bx         0x00009340        0x0 linker stubs
                0x00009340                _image_text_end = .

.ARM.exidx      0x00009340        0x8
                0x00009340                __exidx_start = .
 *(SORT_BY_ALIGNMENT(.ARM.exidx*) SORT_BY_ALIGNMENT(gnu.linkonce.armexidx.*))
 .ARM.exidx     0x00009340        0x8 c:/program files (x86)/gnu tools arm embedded/7 2018-q2-update/bin/../lib/gcc/arm-none-eabi/7.3.1/thumb/v8-m.main/fpv5-sp/hard\libgcc.a(_udivmoddi4.o)
                0x00009348                __exidx_end = .
                0x00009348                _image_rodata_start = .

sw_isr_table    0x00009348      0x208
                0x00009348                . = ALIGN (0x0)
 *(SORT_BY_ALIGNMENT(.gnu.linkonce.sw_isr_table))
 .gnu.linkonce.sw_isr_table
                0x00009348      0x208 mcuboot/zephyr/CMakeFiles/mcuboot_zephyr_final.dir/isr_tables.c.obj
                0x00009348                _sw_isr_table

app_shmem_regions
                0x00009550        0x0
                0x00009550                __app_shmem_regions_start = .
 *(SORT_BY_NAME(SORT_BY_ALIGNMENT(.app_regions.*)))
                0x00009550                __app_shmem_regions_end = .

devconfig       0x00009550       0x90
                0x00009550                __devconfig_start = .
 *(SORT_BY_ALIGNMENT(.devconfig.*))
 .devconfig.init
                0x00009550        0xc mcuboot/zephyr/libmcuboot_zephyr.a(soc.c.obj)
 .devconfig.init
                0x0000955c        0xc mcuboot/zephyr/libmcuboot_zephyr.a(log_core.c.obj)
 .devconfig.init
                0x00009568       0x18 mcuboot/zephyr/libmcuboot_zephyr.a(nrf_power_clock.c.obj)
 .devconfig.init
                0x00009580        0xc mcuboot/zephyr/libmcuboot_zephyr.a(sys_clock_init.c.obj)
 .devconfig.init
                0x0000958c        0xc mcuboot/zephyr/arch/arch/arm/core/cortex_m/mpu/libmcuboot_arch__arm__core__cortex_m__mpu.a(arm_mpu.c.obj)
 .devconfig.init
                0x00009598        0xc mcuboot/zephyr/drivers/gpio/libmcuboot_drivers__gpio.a(gpio_nrfx.c.obj)
 .devconfig.init
                0x000095a4        0xc mcuboot/zephyr/drivers/flash/libmcuboot_drivers__flash.a(soc_flash_nrf.c.obj)
 .devconfig.init
                0x000095b0        0xc mcuboot/zephyr/drivers/serial/libmcuboot_drivers__serial.a(uart_nrfx_uarte.c.obj)
 .devconfig.init
                0x000095bc        0xc mcuboot/zephyr/modules/mbedtls/libmcuboot_..__modules__crypto__mbedtls.a(zephyr_init.c.obj)
 .devconfig.init
                0x000095c8        0xc mcuboot/zephyr/kernel/libmcuboot_kernel.a(mem_slab.c.obj)
 .devconfig.init
                0x000095d4        0xc mcuboot/zephyr/kernel/libmcuboot_kernel.a(mempool.c.obj)
 *(SORT_BY_NAME(SORT_BY_ALIGNMENT(.devconfig*)))
                0x000095e0                __devconfig_end = .

net_l2          0x000095e0        0x0
                0x000095e0                __net_l2_start = .
 *(SORT_BY_ALIGNMENT(.net_l2.init))
 *(SORT_BY_NAME(SORT_BY_ALIGNMENT(.net_l2.init*)))
                0x000095e0                __net_l2_end = .

_bt_channels_area
                0x000095e0        0x0
                0x000095e0                _bt_l2cap_fixed_chan_list_start = .
 *(SORT_BY_NAME(SORT_BY_ALIGNMENT(._bt_l2cap_fixed_chan.static.*)))
                0x000095e0                _bt_l2cap_fixed_chan_list_end = .

_bt_services_area
                0x000095e0        0x0
                0x000095e0                _bt_gatt_service_static_list_start = .
 *(SORT_BY_NAME(SORT_BY_ALIGNMENT(._bt_gatt_service_static.static.*)))
                0x000095e0                _bt_gatt_service_static_list_end = .

log_const_sections
                0x000095e0       0x38
                0x000095e0                __log_const_start = .
 *(SORT_BY_NAME(SORT_BY_ALIGNMENT(.log_const_*)))
 .log_const_clock_control
                0x000095e0        0x8 mcuboot/zephyr/libmcuboot_zephyr.a(nrf_power_clock.c.obj)
                0x000095e0                log_const_clock_control
 .log_const_mcuboot
                0x000095e8        0x8 mcuboot/mcuboot_app/libmcuboot_app.a(main.c.obj)
                0x000095e8                log_const_mcuboot
 .log_const_mpu
                0x000095f0        0x8 mcuboot/zephyr/arch/arch/arm/core/cortex_m/mpu/libmcuboot_arch__arm__core__cortex_m__mpu.a(arm_core_mpu.c.obj)
                0x000095f0                log_const_mpu
 .log_const_os  0x000095f8        0x8 mcuboot/zephyr/kernel/libmcuboot_kernel.a(init.c.obj)
                0x000095f8                log_const_os
 .log_const_serial_adapter
                0x00009600        0x8 mcuboot/zephyr/libmcuboot_zephyr.a(serial_adapter.c.obj)
                0x00009600                log_const_serial_adapter
 .log_const_soc
                0x00009608        0x8 mcuboot/zephyr/libmcuboot_zephyr.a(soc.c.obj)
                0x00009608                log_const_soc
 .log_const_uart_nrfx_uarte
                0x00009610        0x8 mcuboot/zephyr/drivers/serial/libmcuboot_drivers__serial.a(uart_nrfx_uarte.c.obj)
                0x00009610                log_const_uart_nrfx_uarte
                0x00009618                __log_const_end = .

log_backends_sections
                0x00009618        0x0
                0x00009618                __log_backends_start = .
 *(SORT_BY_ALIGNMENT(._log_backend.*))
                0x00009618                __log_backends_end = .

shell_root_cmds_sections
                0x00009618        0x0
                0x00009618                __shell_root_cmds_start = .
 *(SORT_BY_NAME(SORT_BY_ALIGNMENT(.shell_root_cmd_*)))
                0x00009618                __shell_root_cmds_end = .

font_entry_sections
                0x00009618        0x0
                0x00009618                __font_entry_start = .
 *(SORT_BY_NAME(SORT_BY_ALIGNMENT(._cfb_font.*)))
                0x00009618                __font_entry_end = .

rodata          0x00009618      0xaf0
 *(SORT_BY_ALIGNMENT(.rodata))
 .rodata        0x00009618        0x2 mcuboot/mcuboot_app/libmcuboot_app.a(bootutil_misc.c.obj)
 *fill*         0x0000961a        0x2 
 .rodata        0x0000961c        0x2 mcuboot/zephyr/libmcuboot_zephyr.a(boot_serial.c.obj)
 *fill*         0x0000961e        0x2 
 .rodata        0x00009620       0x10 mcuboot/zephyr/drivers/serial/libmcuboot_drivers__serial.a(uart_nrfx_uarte.c.obj)
 *(SORT_BY_ALIGNMENT(.rodata.*))
 .rodata.boot_funcs
                0x00009630        0x8 mcuboot/mcuboot_app/libmcuboot_app.a(main.c.obj)
                0x00009630                boot_funcs
 .rodata.main.str1.4
                0x00009638       0xee mcuboot/mcuboot_app/libmcuboot_app.a(main.c.obj)
 *fill*         0x00009726        0x2 
 .rodata.str1.4
                0x00009728        0x8 mcuboot/mcuboot_app/libmcuboot_app.a(main.c.obj)
 .rodata.flash_device_base.str1.4
                0x00009730       0x21 mcuboot/mcuboot_app/libmcuboot_app.a(flash_map_extended.c.obj)
 *fill*         0x00009751        0x3 
 .rodata.bootutil_key_cnt
                0x00009754        0x4 mcuboot/mcuboot_app/libmcuboot_app.a(keys.c.obj)
                0x00009754                bootutil_key_cnt
 .rodata.bootutil_keys
                0x00009758        0x8 mcuboot/mcuboot_app/libmcuboot_app.a(keys.c.obj)
                0x00009758                bootutil_keys
 .rodata.boot_complete_partial_swap.str1.4
                0x00009760        0x7 mcuboot/mcuboot_app/libmcuboot_app.a(loader.c.obj)
 *fill*         0x00009767        0x1 
 .rodata.boot_prepare_image_for_update.str1.4
                0x00009768       0x8d mcuboot/mcuboot_app/libmcuboot_app.a(loader.c.obj)
 *fill*         0x000097f5        0x3 
 .rodata.boot_read_status_bytes.str1.4
                0x000097f8       0x1e mcuboot/mcuboot_app/libmcuboot_app.a(loader.c.obj)
 *fill*         0x00009816        0x2 
 .rodata.boot_slots_compatible.str1.4
                0x00009818       0xbd mcuboot/mcuboot_app/libmcuboot_app.a(loader.c.obj)
 *fill*         0x000098d5        0x3 
 .rodata.boot_status_source.str1.4
                0x000098d8       0xbe mcuboot/mcuboot_app/libmcuboot_app.a(loader.c.obj)
 *fill*         0x00009996        0x2 
 .rodata.boot_status_tables
                0x00009998       0x10 mcuboot/mcuboot_app/libmcuboot_app.a(loader.c.obj)
 .rodata.boot_swap_image.str1.4
                0x000099a8       0x2a mcuboot/mcuboot_app/libmcuboot_app.a(loader.c.obj)
 *fill*         0x000099d2        0x2 
 .rodata.boot_validate_slot.str1.4
                0x000099d4       0x37 mcuboot/mcuboot_app/libmcuboot_app.a(loader.c.obj)
 *fill*         0x00009a0b        0x1 
 .rodata.boot_img_magic
                0x00009a0c       0x10 mcuboot/mcuboot_app/libmcuboot_app.a(bootutil_misc.c.obj)
                0x00009a0c                boot_img_magic
 .rodata.boot_swap_tables
                0x00009a1c       0x12 mcuboot/mcuboot_app/libmcuboot_app.a(bootutil_misc.c.obj)
 *fill*         0x00009a2e        0x2 
 .rodata.boot_swap_type_multi.str1.4
                0x00009a30       0x38 mcuboot/mcuboot_app/libmcuboot_app.a(bootutil_misc.c.obj)
                                 0x4c (size before relaxing)
 .rodata.pss_zeros
                0x00009a68        0x8 mcuboot/mcuboot_app/libmcuboot_app.a(image_rsa.c.obj)
 .rodata.rsa_pub_key
                0x00009a70      0x10e mcuboot/mcuboot_app/libmcuboot_app.a(autogen-pubkey.c.obj)
                0x00009a70                rsa_pub_key
 *fill*         0x00009b7e        0x2 
 .rodata.rsa_pub_key_len
                0x00009b80        0x4 mcuboot/mcuboot_app/libmcuboot_app.a(autogen-pubkey.c.obj)
                0x00009b80                rsa_pub_key_len
 .rodata.base64_dec_map
                0x00009b84       0x80 mcuboot/zephyr/libmcuboot_zephyr.a(base64.c.obj)
 .rodata.base64_enc_map
                0x00009c04       0x40 mcuboot/zephyr/libmcuboot_zephyr.a(base64.c.obj)
 .rodata.str1.4
                0x00009c44        0x4 mcuboot/zephyr/libmcuboot_zephyr.a(soc.c.obj)
                                  0x8 (size before relaxing)
 .rodata.mpu_config
                0x00009c48        0x8 mcuboot/zephyr/libmcuboot_zephyr.a(mpu_regions.c.obj)
                0x00009c48                mpu_config
 .rodata.mpu_regions
                0x00009c50       0x20 mcuboot/zephyr/libmcuboot_zephyr.a(mpu_regions.c.obj)
 .rodata.str1.4
                0x00009c70        0xf mcuboot/zephyr/libmcuboot_zephyr.a(mpu_regions.c.obj)
 .rodata.str1.4
                0x00009c7f        0x1 mcuboot/zephyr/libmcuboot_zephyr.a(log_core.c.obj)
 *fill*         0x00009c7f        0x1 
 .rodata.default_flash_map
                0x00009c80       0x90 mcuboot/zephyr/libmcuboot_zephyr.a(flash_map_default.c.obj)
                0x00009c80                default_flash_map
 .rodata.flash_map_entries
                0x00009d10        0x4 mcuboot/zephyr/libmcuboot_zephyr.a(flash_map_default.c.obj)
                0x00009d10                flash_map_entries
 .rodata.str1.4
                0x00009d14       0x13 mcuboot/zephyr/libmcuboot_zephyr.a(flash_map_default.c.obj)
 .rodata.sys_reboot.str1.4
                0x00009d14       0x29 mcuboot/zephyr/libmcuboot_zephyr.a(reboot.c.obj)
 *fill*         0x00009d3d        0x3 
 .rodata.clock_control_api
                0x00009d40       0x14 mcuboot/zephyr/libmcuboot_zephyr.a(nrf_power_clock.c.obj)
 .rodata.hfclk_config
                0x00009d54        0xc mcuboot/zephyr/libmcuboot_zephyr.a(nrf_power_clock.c.obj)
 .rodata.lfclk_config
                0x00009d60        0xc mcuboot/zephyr/libmcuboot_zephyr.a(nrf_power_clock.c.obj)
 .rodata.str1.4
                0x00009d6c       0x26 mcuboot/zephyr/libmcuboot_zephyr.a(nrf_power_clock.c.obj)
 *fill*         0x00009d92        0x2 
 .rodata.str1.4
                0x00009d94        0xa mcuboot/zephyr/libmcuboot_zephyr.a(sys_clock_init.c.obj)
 .rodata.z_clock_driver_init.str1.4
                0x00009d9e        0xa mcuboot/zephyr/libmcuboot_zephyr.a(nrf_rtc_timer.c.obj)
 *fill*         0x00009d9e        0x2 
 .rodata.boot_uart_fifo_callback.str1.4
                0x00009da0       0x2a mcuboot/zephyr/libmcuboot_zephyr.a(serial_adapter.c.obj)
 *fill*         0x00009dca        0x2 
 .rodata.boot_uart_fifo_init.str1.4
                0x00009dcc        0x7 mcuboot/zephyr/libmcuboot_zephyr.a(serial_adapter.c.obj)
 *fill*         0x00009dd3        0x1 
 .rodata.str1.4
                0x00009dd4        0xf mcuboot/zephyr/libmcuboot_zephyr.a(serial_adapter.c.obj)
 *fill*         0x00009de3        0x1 
 .rodata.boot_serial_output.str1.4
                0x00009de4        0x7 mcuboot/zephyr/libmcuboot_zephyr.a(boot_serial.c.obj)
 *fill*         0x00009deb        0x1 
 .rodata.bs_empty_rsp.str1.4
                0x00009dec        0x3 mcuboot/zephyr/libmcuboot_zephyr.a(boot_serial.c.obj)
 *fill*         0x00009def        0x1 
 .rodata.bs_list.str1.4
                0x00009df0       0x10 mcuboot/zephyr/libmcuboot_zephyr.a(boot_serial.c.obj)
                                 0x18 (size before relaxing)
 .rodata.bs_upload.str1.4
                0x00009e00       0xd5 mcuboot/zephyr/libmcuboot_zephyr.a(boot_serial.c.obj)
                                 0xdd (size before relaxing)
 *fill*         0x00009ed5        0x3 
 .rodata.str1.4
                0x00009ed8        0x4 mcuboot/zephyr/arch/arch/arm/core/cortex_m/mpu/libmcuboot_arch__arm__core__cortex_m__mpu.a(arm_core_mpu.c.obj)
 .rodata.mpu_configure_regions.str1.4
                0x00009edc       0x47 mcuboot/zephyr/arch/arch/arm/core/cortex_m/mpu/libmcuboot_arch__arm__core__cortex_m__mpu.a(arm_mpu.c.obj)
 *fill*         0x00009f23        0x1 
 .rodata.region_allocate_and_init.str1.4
                0x00009f24       0x26 mcuboot/zephyr/arch/arch/arm/core/cortex_m/mpu/libmcuboot_arch__arm__core__cortex_m__mpu.a(arm_mpu.c.obj)
 .rodata.str1.4
                0x00009f4a        0x1 mcuboot/zephyr/arch/arch/arm/core/cortex_m/mpu/libmcuboot_arch__arm__core__cortex_m__mpu.a(arm_mpu.c.obj)
 *fill*         0x00009f4a        0x2 
 .rodata.gpio_nrfx_drv_api_funcs
                0x00009f4c       0x1c mcuboot/zephyr/drivers/gpio/libmcuboot_drivers__gpio.a(gpio_nrfx.c.obj)
 .rodata.gpio_nrfx_p0_cfg
                0x00009f68        0x8 mcuboot/zephyr/drivers/gpio/libmcuboot_drivers__gpio.a(gpio_nrfx.c.obj)
 .rodata.str1.4
                0x00009f70        0x7 mcuboot/zephyr/drivers/gpio/libmcuboot_drivers__gpio.a(gpio_nrfx.c.obj)
 .rodata.flash_nrf_api
                0x00009f70       0x18 mcuboot/zephyr/drivers/flash/libmcuboot_drivers__flash.a(soc_flash_nrf.c.obj)
 .rodata.str1.4
                0x00009f88       0x13 mcuboot/zephyr/drivers/flash/libmcuboot_drivers__flash.a(soc_flash_nrf.c.obj)
 .rodata.str1.4
                0x00009f88       0x10 mcuboot/zephyr/drivers/serial/libmcuboot_drivers__serial.a(uart_nrfx_uarte.c.obj)
                                 0x18 (size before relaxing)
 .rodata.uart_nrfx_uarte_driver_api
                0x00009f98       0x4c mcuboot/zephyr/drivers/serial/libmcuboot_drivers__serial.a(uart_nrfx_uarte.c.obj)
 .rodata.uarte_0z_config
                0x00009fe4        0x8 mcuboot/zephyr/drivers/serial/libmcuboot_drivers__serial.a(uart_nrfx_uarte.c.obj)
 .rodata.str1.4
                0x00009fec        0x1 mcuboot/zephyr/modules/mbedtls/libmcuboot_..__modules__crypto__mbedtls.a(zephyr_init.c.obj)
 .rodata.K      0x00009fec      0x100 mcuboot/zephyr/modules/mbedtls/libmcuboot_..__modules__crypto__mbedtls.a(sha256.c.obj)
 .rodata.config_levels.9323
                0x0000a0ec       0x14 mcuboot/zephyr/kernel/libmcuboot_kernel.a(device.c.obj)
 .rodata._k_neg_eagain
                0x0000a100        0x4 mcuboot/zephyr/kernel/libmcuboot_kernel.a(errno.c.obj)
                0x0000a100                _k_neg_eagain
 .rodata.str1.4
                0x0000a104        0x4 mcuboot/zephyr/kernel/libmcuboot_kernel.a(init.c.obj)
                                  0x3 (size before relaxing)
 .rodata.str1.4
                0x0000a108        0x1 mcuboot/zephyr/kernel/libmcuboot_kernel.a(mem_slab.c.obj)
 .rodata.str1.4
                0x0000a108        0x1 mcuboot/zephyr/kernel/libmcuboot_kernel.a(mempool.c.obj)
 *(SORT_BY_ALIGNMENT(.gnu.linkonce.r.*))
                0x0000a10c                . = ALIGN (0x4)
                0x0000a10c                _ext_abis_start = .
 *(SORT_BY_ALIGNMENT(.ext_abis))
                0x00000001                _ext_abis_size = ABSOLUTE (((. - _ext_abis_start) / 0x4))
                0x0000a10c                . = ALIGN (0x4)
                0x0000a10c                _image_rodata_end = .
                0x0000a120                . = ALIGN (_region_min_align)
                0x0000a120                _image_rom_end = .
                0x20000000                . = 0x20000000
                0x20000000                . = ALIGN (_region_min_align)
                0x20000000                _image_ram_start = .

.ramfunc        0x20000000        0x0 load address 0x0000a108
                0x20000000                . = ALIGN (_region_min_align)
                0x20000000                _ramfunc_ram_start = .
 *(SORT_BY_ALIGNMENT(.ramfunc))
 *(SORT_BY_ALIGNMENT(.ramfunc.*))
                0x20000000                . = ALIGN (_region_min_align)
                0x20000000                _ramfunc_ram_end = .
                0x00000000                _ramfunc_ram_size = (_ramfunc_ram_end - _ramfunc_ram_start)
                0x0000a108                _ramfunc_rom_start = LOADADDR (.ramfunc)

bss             0x20000000     0x4027
                0x20000000                . = ALIGN (0x4)
                0x20000000                __bss_start = .
                0x20000000                __kernel_ram_start = .
 *(SORT_BY_ALIGNMENT(.bss))
 *(SORT_BY_ALIGNMENT(.bss.*))
 .bss.curr_tick
                0x20000000        0x8 mcuboot/zephyr/kernel/libmcuboot_kernel.a(timeout.c.obj)
 .bss.flash_dev
                0x20000008        0x4 mcuboot/mcuboot_app/libmcuboot_app.a(flash_map_extended.c.obj)
 .bss.mempool   0x2000000c     0x1800 mcuboot/mcuboot_app/libmcuboot_app.a(os.c.obj)
 .bss.boot_data
                0x2000180c       0x68 mcuboot/mcuboot_app/libmcuboot_app.a(loader.c.obj)
 .bss.boot_status_fails
                0x20001874        0x4 mcuboot/mcuboot_app/libmcuboot_app.a(loader.c.obj)
 .bss.buf.5983  0x20001878      0x400 mcuboot/mcuboot_app/libmcuboot_app.a(loader.c.obj)
 .bss.primary_slot_sectors.6111
                0x20001c78      0x800 mcuboot/mcuboot_app/libmcuboot_app.a(loader.c.obj)
 .bss.scratch_sectors.6113
                0x20002478      0x800 mcuboot/mcuboot_app/libmcuboot_app.a(loader.c.obj)
 .bss.secondary_slot_sectors.6112
                0x20002c78      0x800 mcuboot/mcuboot_app/libmcuboot_app.a(loader.c.obj)
 .bss.tmpbuf.5901
                0x20003478      0x100 mcuboot/mcuboot_app/libmcuboot_app.a(loader.c.obj)
 .bss.initialized
                0x20003578        0x4 mcuboot/zephyr/libmcuboot_zephyr.a(log_core.c.obj)
 .bss.freq      0x2000357c        0x4 mcuboot/zephyr/libmcuboot_zephyr.a(log_output.c.obj)
 .bss.timestamp_div
                0x20003580        0x4 mcuboot/zephyr/libmcuboot_zephyr.a(log_output.c.obj)
 .bss.hfclk     0x20003584        0xc mcuboot/zephyr/libmcuboot_zephyr.a(nrf_power_clock.c.obj)
 .bss.lfclk     0x20003590        0xc mcuboot/zephyr/libmcuboot_zephyr.a(nrf_power_clock.c.obj)
 .bss.last_count
                0x2000359c        0x4 mcuboot/zephyr/libmcuboot_zephyr.a(nrf_rtc_timer.c.obj)
 .bss.avail_queue
                0x200035a0        0x8 mcuboot/zephyr/libmcuboot_zephyr.a(serial_adapter.c.obj)
 .bss.cmd.10039
                0x200035a8        0x4 mcuboot/zephyr/libmcuboot_zephyr.a(serial_adapter.c.obj)
 .bss.cmd.10051
                0x200035ac        0x4 mcuboot/zephyr/libmcuboot_zephyr.a(serial_adapter.c.obj)
 .bss.line_bufs
                0x200035b0      0x410 mcuboot/zephyr/libmcuboot_zephyr.a(serial_adapter.c.obj)
 .bss.lines_queue
                0x200039c0        0x8 mcuboot/zephyr/libmcuboot_zephyr.a(serial_adapter.c.obj)
 .bss.uart_dev  0x200039c8        0x4 mcuboot/zephyr/libmcuboot_zephyr.a(serial_adapter.c.obj)
 .bss.boot_uf   0x200039cc        0x4 mcuboot/zephyr/libmcuboot_zephyr.a(boot_serial.c.obj)
                0x200039cc                boot_uf
 .bss.bs_hdr    0x200039d0        0x4 mcuboot/zephyr/libmcuboot_zephyr.a(boot_serial.c.obj)
 .bss.bs_obuf   0x200039d4       0x80 mcuboot/zephyr/libmcuboot_zephyr.a(boot_serial.c.obj)
 .bss.bs_root   0x20003a54       0x24 mcuboot/zephyr/libmcuboot_zephyr.a(boot_serial.c.obj)
 .bss.bs_rsp    0x20003a78       0x24 mcuboot/zephyr/libmcuboot_zephyr.a(boot_serial.c.obj)
 .bss.curr_off  0x20003a9c        0x4 mcuboot/zephyr/libmcuboot_zephyr.a(boot_serial.c.obj)
 .bss.dec_buf   0x20003aa0      0x201 mcuboot/zephyr/libmcuboot_zephyr.a(boot_serial.c.obj)
 *fill*         0x20003ca1        0x3 
 .bss.img_size  0x20003ca4        0x4 mcuboot/zephyr/libmcuboot_zephyr.a(boot_serial.c.obj)
 .bss.in_buf    0x20003ca8      0x201 mcuboot/zephyr/libmcuboot_zephyr.a(boot_serial.c.obj)
 *fill*         0x20003ea9        0x3 
 .bss.dyn_reg_info
                0x20003eac       0x14 mcuboot/zephyr/arch/arch/arm/core/cortex_m/mpu/libmcuboot_arch__arm__core__cortex_m__mpu.a(arm_mpu.c.obj)
 .bss.gpio_nrfx_p0_data
                0x20003ec0       0x20 mcuboot/zephyr/drivers/gpio/libmcuboot_drivers__gpio.a(gpio_nrfx.c.obj)
 .bss.dev_layout
                0x20003ee0        0x8 mcuboot/zephyr/drivers/flash/libmcuboot_drivers__flash.a(soc_flash_nrf.c.obj)
 .bss.uarte0_tx_buffer
                0x20003ee8       0x20 mcuboot/zephyr/drivers/serial/libmcuboot_drivers__serial.a(uart_nrfx_uarte.c.obj)
 .bss.heap      0x20003f08       0x14 mcuboot/zephyr/modules/mbedtls/libmcuboot_..__modules__crypto__mbedtls.a(memory_buffer_alloc.c.obj)
 .bss.z_idle_thread
                0x20003f1c       0x6c mcuboot/zephyr/kernel/libmcuboot_kernel.a(init.c.obj)
                0x20003f1c                z_idle_thread
 .bss.z_main_thread
                0x20003f88       0x6c mcuboot/zephyr/kernel/libmcuboot_kernel.a(init.c.obj)
                0x20003f88                z_main_thread
 .bss._kernel   0x20003ff4       0x28 mcuboot/zephyr/kernel/libmcuboot_kernel.a(sched.c.obj)
                0x20003ff4                _kernel
 .bss.lock      0x2000401c        0x0 mcuboot/zephyr/kernel/libmcuboot_kernel.a(sem.c.obj)
 .bss.announce_remaining
                0x2000401c        0x4 mcuboot/zephyr/kernel/libmcuboot_kernel.a(timeout.c.obj)
 .bss.cur       0x20004020        0x2 mcuboot/zephyr/libmcuboot_zephyr.a(serial_adapter.c.obj)
 .bss.backend_attached
                0x20004022        0x1 mcuboot/zephyr/libmcuboot_zephyr.a(log_core.c.obj)
 .bss.panic_mode
                0x20004023        0x1 mcuboot/zephyr/libmcuboot_zephyr.a(log_core.c.obj)
 .bss.static_regions_num
                0x20004024        0x1 mcuboot/zephyr/arch/arch/arm/core/cortex_m/mpu/libmcuboot_arch__arm__core__cortex_m__mpu.a(arm_mpu.c.obj)
 .bss.gpio_initialized.10161
                0x20004025        0x1 mcuboot/zephyr/drivers/gpio/libmcuboot_drivers__gpio.a(gpio_nrfx.c.obj)
 .bss.write_protect
                0x20004026        0x1 mcuboot/zephyr/drivers/flash/libmcuboot_drivers__flash.a(soc_flash_nrf.c.obj)
 *(SORT_BY_ALIGNMENT(COMMON))
 *(SORT_BY_ALIGNMENT(.kernel_bss.*))
                0x20004028                __bss_end = ALIGN (0x4)

noinit          0x20004028     0x3000
 *(SORT_BY_ALIGNMENT(.noinit))
 *(SORT_BY_ALIGNMENT(.noinit.*))
 .noinit."C:/ncs.sojkk/zephyr/kernel/init.c".3
                0x20004028     0x2800 mcuboot/zephyr/kernel/libmcuboot_kernel.a(init.c.obj)
                0x20004028                z_main_stack
 .noinit."C:/ncs.sojkk/zephyr/kernel/init.c".5
                0x20006828      0x800 mcuboot/zephyr/kernel/libmcuboot_kernel.a(init.c.obj)
                0x20006828                _interrupt_stack
 *(SORT_BY_ALIGNMENT(.kernel_noinit.*))

datas           0x20007028       0x54 load address 0x0000a108
                0x20007028                __data_ram_start = .
 *(SORT_BY_ALIGNMENT(.data))
 *(SORT_BY_ALIGNMENT(.data.*))
 .data._char_out
                0x20007028        0x4 mcuboot/zephyr/libmcuboot_zephyr.a(printk.c.obj)
                0x20007028                _char_out
 .data.timestamp_func
                0x2000702c        0x4 mcuboot/zephyr/libmcuboot_zephyr.a(log_core.c.obj)
 .data.flash_map
                0x20007030        0x4 mcuboot/zephyr/libmcuboot_zephyr.a(flash_map_default.c.obj)
                0x20007030                flash_map
 .data.bs_writer
                0x20007034        0x8 mcuboot/zephyr/libmcuboot_zephyr.a(boot_serial.c.obj)
 .data.off_last.10857
                0x2000703c        0x4 mcuboot/zephyr/libmcuboot_zephyr.a(boot_serial.c.obj)
 .data.uarte0_int_driven
                0x20007040       0x10 mcuboot/zephyr/drivers/serial/libmcuboot_drivers__serial.a(uart_nrfx_uarte.c.obj)