Archive member included to satisfy reference by file (symbol)

app/libapp.a(main.c.obj)      (--whole-archive)
app/libapp.a(orientation_detector.c.obj)
                              (--whole-archive)
app/libapp.a(ui.c.obj)        (--whole-archive)
app/libapp.a(cloud_codec.c.obj)
                              (--whole-archive)
app/libapp.a(service_info.c.obj)
                              (--whole-archive)
app/libapp.a(gps_controller.c.obj)
                              (--whole-archive)
app/libapp.a(env_sensors.c.obj)
                              (--whole-archive)
zephyr/libzephyr.a(isr_tables.c.obj)
                              (--whole-archive)
zephyr/libzephyr.a(sw_isr_common.c.obj)
                              (--whole-archive)
zephyr/libzephyr.a(arm_core_cmse.c.obj)
                              (--whole-archive)
zephyr/libzephyr.a(crc32_sw.c.obj)
                              (--whole-archive)
zephyr/libzephyr.a(crc16_sw.c.obj)
                              (--whole-archive)
zephyr/libzephyr.a(crc8_sw.c.obj)
                              (--whole-archive)
zephyr/libzephyr.a(crc7_sw.c.obj)
                              (--whole-archive)
zephyr/libzephyr.a(dec.c.obj)
                              (--whole-archive)
zephyr/libzephyr.a(fdtable.c.obj)
                              (--whole-archive)
zephyr/libzephyr.a(hex.c.obj)
                              (--whole-archive)
zephyr/libzephyr.a(mempool.c.obj)
                              (--whole-archive)
zephyr/libzephyr.a(rb.c.obj)  (--whole-archive)
zephyr/libzephyr.a(sem.c.obj)
                              (--whole-archive)
zephyr/libzephyr.a(thread_entry.c.obj)
                              (--whole-archive)
zephyr/libzephyr.a(timeutil.c.obj)
                              (--whole-archive)
zephyr/libzephyr.a(work_q.c.obj)
                              (--whole-archive)
zephyr/libzephyr.a(json.c.obj)
                              (--whole-archive)
zephyr/libzephyr.a(printk.c.obj)
                              (--whole-archive)
zephyr/libzephyr.a(assert.c.obj)
                              (--whole-archive)
zephyr/libzephyr.a(configs.c.obj)
                              (--whole-archive)
zephyr/libzephyr.a(soc.c.obj)
                              (--whole-archive)
zephyr/libzephyr.a(mpu_regions.c.obj)
                              (--whole-archive)
zephyr/libzephyr.a(validate_base_addresses.c.obj)
                              (--whole-archive)
zephyr/libzephyr.a(log_list.c.obj)
                              (--whole-archive)
zephyr/libzephyr.a(log_core.c.obj)
                              (--whole-archive)
zephyr/libzephyr.a(log_msg.c.obj)
                              (--whole-archive)
zephyr/libzephyr.a(log_output.c.obj)
                              (--whole-archive)
zephyr/libzephyr.a(log_backend_uart.c.obj)
                              (--whole-archive)
zephyr/libzephyr.a(tty.c.obj)
                              (--whole-archive)
zephyr/libzephyr.a(getchar.c.obj)
                              (--whole-archive)
zephyr/libzephyr.a(mcuboot.c.obj)
                              (--whole-archive)
zephyr/libzephyr.a(flash_img.c.obj)
                              (--whole-archive)
zephyr/libzephyr.a(addr_utils.c.obj)
                              (--whole-archive)
zephyr/libzephyr.a(socket_offload.c.obj)
                              (--whole-archive)
zephyr/libzephyr.a(rand32_entropy_device.c.obj)
                              (--whole-archive)
zephyr/libzephyr.a(flash_map.c.obj)
                              (--whole-archive)
zephyr/libzephyr.a(flash_map_default.c.obj)
                              (--whole-archive)
zephyr/libzephyr.a(power.c.obj)
                              (--whole-archive)
zephyr/libzephyr.a(reboot.c.obj)
                              (--whole-archive)
zephyr/libzephyr.a(policy_residency.c.obj)
                              (--whole-archive)
zephyr/libzephyr.a(uart_console.c.obj)
                              (--whole-archive)
zephyr/libzephyr.a(nrf_power_clock.c.obj)
                              (--whole-archive)
zephyr/libzephyr.a(sys_clock_init.c.obj)
                              (--whole-archive)
zephyr/libzephyr.a(nrf_rtc_timer.c.obj)
                              (--whole-archive)
zephyr/libzephyr.a(secure_services_ns.c.obj)
                              (--whole-archive)
zephyr/arch/arch/arm/core/libarch__arm__core.a(exc_exit.S.obj)
                              (--whole-archive)
zephyr/arch/arch/arm/core/libarch__arm__core.a(swap_helper.S.obj)
                              (--whole-archive)
zephyr/arch/arch/arm/core/libarch__arm__core.a(cpu_idle.S.obj)
                              (--whole-archive)
zephyr/arch/arch/arm/core/libarch__arm__core.a(fault_s.S.obj)
                              (--whole-archive)
zephyr/arch/arch/arm/core/libarch__arm__core.a(nmi_on_reset.S.obj)
                              (--whole-archive)
zephyr/arch/arch/arm/core/libarch__arm__core.a(isr_wrapper.S.obj)
[...]
Memory Configuration

Name             Origin             Length             Attributes
FLASH            0x00018200         0x0005ce00         xr
SRAM             0x20020000         0x00020000         xw
IDT_LIST         0x20040000         0x00000800         xw
*default*        0x00000000         0xffffffff

Linker script and memory map

LOAD zephyr/CMakeFiles/zephyr_prebuilt.dir/misc/empty_file.c.obj
                0x00000020                _region_min_align = 0x20

.rel.plt        0x00018200        0x0
 *(SORT_BY_ALIGNMENT(.rel.plt))
                [!provide]                PROVIDE (__rel_iplt_start = .)
 *(SORT_BY_ALIGNMENT(.rel.iplt))
 .rel.iplt      0x00018200        0x0 app/libapp.a(main.c.obj)
                [!provide]                PROVIDE (__rel_iplt_end = .)

.rela.plt       0x00000000        0x0
 *(SORT_BY_ALIGNMENT(.rela.plt))
                [!provide]                PROVIDE (__rela_iplt_start = .)
 *(SORT_BY_ALIGNMENT(.rela.iplt))
                [!provide]                PROVIDE (__rela_iplt_end = .)

.rel.dyn
 *(SORT_BY_ALIGNMENT(.rel.*))

.rela.dyn
 *(SORT_BY_ALIGNMENT(.rela.*))

/DISCARD/
 *(SORT_BY_ALIGNMENT(.plt))
 *(SORT_BY_ALIGNMENT(.iplt))
 *(SORT_BY_ALIGNMENT(.got.plt))
 *(SORT_BY_ALIGNMENT(.igot.plt))
 *(SORT_BY_ALIGNMENT(.got))
 *(SORT_BY_ALIGNMENT(.igot))
                0x00018200                _image_rom_start = 0x18200

text            0x00018200      0x220
                0x00000000                . = 0x0
                0x00000000                _vector_start = .
 *(SORT_BY_ALIGNMENT(.exc_vector_table))
 *(SORT_BY_ALIGNMENT(.exc_vector_table.*))
 .exc_vector_table._vector_table_section
                0x00018200       0x40 zephyr/arch/arch/arm/core/cortex_m/libarch__arm__core__cortex_m.a(vector_table.S.obj)
                0x00018200                _vector_table
 *(SORT_BY_ALIGNMENT(.gnu.linkonce.irq_vector_table))
 .gnu.linkonce.irq_vector_table
                0x00018240      0x104 zephyr/libzephyr.a(isr_tables.c.obj)
                0x00018240                _irq_vector_table
 *(SORT_BY_ALIGNMENT(.vectors))
 *(SORT_BY_ALIGNMENT(.openocd_dbg))
 *(SORT_BY_ALIGNMENT(.openocd_dbg.*))
                0x00018344                _vector_end = .
                0x00000200                . = 0x200
 *fill*         0x00018344       0xbc 
 *(SORT_BY_ALIGNMENT(.firmware_info))
 .firmware_info
                0x00018400       0x20 zephyr/modules/nrf/subsys/fw_info/lib..__nrf__subsys__fw_info.a(fw_info.c.obj)
                0x00018400                m_firmware_info

_TEXT_SECTION_NAME_2
                0x00018420    0x30302
                0x00018420                _image_text_start = .
 *(SORT_BY_ALIGNMENT(.text))
 .text          0x00018420      0x378 c:/program files (x86)/gnu tools arm embedded/7 2018-q2-update/bin/../lib/gcc/arm-none-eabi/7.3.1/thumb/v8-m.main/fpv5-sp/hard\libgcc.a(_arm_addsubdf3.o)
                0x00018420                __aeabi_drsub
                0x00018428                __aeabi_dsub
                0x00018428                __subdf3
                0x0001842c                __aeabi_dadd
                0x0001842c                __adddf3
                0x000186a4                __floatunsidf
                0x000186a4                __aeabi_ui2d
                0x000186c4                __floatsidf
                0x000186c4                __aeabi_i2d
                0x000186e8                __aeabi_f2d
                0x000186e8                __extendsfdf2
                0x0001872c                __floatundidf
                0x0001872c                __aeabi_ul2d
                0x0001873c                __floatdidf
                0x0001873c                __aeabi_l2d
 .text          0x00018798      0x424 c:/program files (x86)/gnu tools arm embedded/7 2018-q2-update/bin/../lib/gcc/arm-none-eabi/7.3.1/thumb/v8-m.main/fpv5-sp/hard\libgcc.a(_arm_muldivdf3.o)
                0x00018798                __aeabi_dmul
                0x00018798                __muldf3
                0x000189ec                __divdf3
                0x000189ec                __aeabi_ddiv
 .text          0x00018bbc      0x110 c:/program files (x86)/gnu tools arm embedded/7 2018-q2-update/bin/../lib/gcc/arm-none-eabi/7.3.1/thumb/v8-m.main/fpv5-sp/hard\libgcc.a(_arm_cmpdf2.o)
                0x00018bbc                __gtdf2
                0x00018bbc                __gedf2
                0x00018bc4                __ltdf2
                0x00018bc4                __ledf2
                0x00018bcc                __nedf2
                0x00018bcc                __eqdf2
                0x00018bcc                __cmpdf2
                0x00018c48                __aeabi_cdrcmple
                0x00018c58                __aeabi_cdcmpeq
                0x00018c58                __aeabi_cdcmple
                0x00018c68                __aeabi_dcmpeq
                0x00018c7c                __aeabi_dcmplt
                0x00018c90                __aeabi_dcmple
                0x00018ca4                __aeabi_dcmpge
                0x00018cb8                __aeabi_dcmpgt
 .text          0x00018ccc       0x50 c:/program files (x86)/gnu tools arm embedded/7 2018-q2-update/bin/../lib/gcc/arm-none-eabi/7.3.1/thumb/v8-m.main/fpv5-sp/hard\libgcc.a(_arm_fixdfsi.o)
                0x00018ccc                __aeabi_d2iz
                0x00018ccc                __fixdfsi
 .text          0x00018d1c       0xa0 c:/program files (x86)/gnu tools arm embedded/7 2018-q2-update/bin/../lib/gcc/arm-none-eabi/7.3.1/thumb/v8-m.main/fpv5-sp/hard\libgcc.a(_aeabi_ldivmod.o)
                0x00018d1c                __aeabi_ldivmod
 .text          0x00018dbc       0x30 c:/program files (x86)/gnu tools arm embedded/7 2018-q2-update/bin/../lib/gcc/arm-none-eabi/7.3.1/thumb/v8-m.main/fpv5-sp/hard\libgcc.a(_aeabi_uldivmod.o)
                0x00018dbc                __aeabi_uldivmod
 .text          0x00018dec      0x2e0 c:/program files (x86)/gnu tools arm embedded/7 2018-q2-update/bin/../lib/gcc/arm-none-eabi/7.3.1/thumb/v8-m.main/fpv5-sp/hard\libgcc.a(_udivmoddi4.o)
                0x00018dec                __udivmoddi4
 .text          0x000190cc        0x4 c:/program files (x86)/gnu tools arm embedded/7 2018-q2-update/bin/../lib/gcc/arm-none-eabi/7.3.1/thumb/v8-m.main/fpv5-sp/hard\libgcc.a(_dvmd_tls.o)
                0x000190cc                __aeabi_idiv0
                0x000190cc                __aeabi_ldiv0
 .text          0x000190d0      0x6a8 C:/ncs.sojkk/nrfxlib/crypto/nrf_oberon/lib/cortex-m33/hard-float/liboberon_3.0.2.a(ocrypto_bigint256.s.obj)
                0x000190d0                ocrypto_bigint_add128
                0x000190f6                ocrypto_bigint_sub128
                0x0001911c                ocrypto_bigint_add256
                0x0001915c                ocrypto_bigint_sub256
                0x0001919c                ocrypto_bigint_cadd256
                0x000191f8                ocrypto_bigint_csub256
                0x00019272                ocrypto_bigint_cswap256
                0x00019288                ocrypto_bigint_mul128
                0x00019370                ocrypto_bigint_sqr256
                0x00019372                ocrypto_bigint_mul256
 .text          0x00019778       0x5c C:/ncs.sojkk/nrfxlib/crypto/nrf_oberon/lib/cortex-m33/hard-float/liboberon_3.0.2.a(ocrypto_constant_time.s.obj)
                0x00019778                ocrypto_constant_time_equal
                0x0001979e                ocrypto_constant_time_is_zero
                0x000197b8                ocrypto_constant_time_copy
                0x000197c6                ocrypto_constant_time_fill_zero
 .text          0x000197d4      0x6dc C:/ncs.sojkk/nrfxlib/crypto/nrf_oberon/lib/cortex-m33/hard-float/liboberon_3.0.2.a(ocrypto_mod_p256_base.s.obj)
                0x000197d4                ocrypto_mod_p256_add
                0x00019852                ocrypto_mod_p256_sub
                0x000198ac                ocrypto_mod_p256_square
                0x000198ae                ocrypto_mod_p256_mul
 .text          0x00019eb0       0xec C:/Program Files (x86)/GNU Tools Arm Embedded/7 2018-q2-update/arm-none-eabi/lib/thumb/v8-m.main/fpv5-sp/hard\libc.a(lib_a-memcpy.o)
                0x00019eb0                memcpy
 .text          0x00019f9c      0x1bc C:/Program Files (x86)/GNU Tools Arm Embedded/7 2018-q2-update/arm-none-eabi/lib/thumb/v8-m.main/fpv5-sp/hard\libc.a(lib_a-strcmp.o)
                0x00019f9c                strcmp
 .text          0x0001a158       0x2c c:/program files (x86)/gnu tools arm embedded/7 2018-q2-update/bin/../lib/gcc/arm-none-eabi/7.3.1/thumb/v8-m.main/fpv5-sp/hard\libgcc.a(_arm_unorddf2.o)
                0x0001a158                __unorddf2
                0x0001a158                __aeabi_dcmpun
 .text          0x0001a184       0x40 c:/program files (x86)/gnu tools arm embedded/7 2018-q2-update/bin/../lib/gcc/arm-none-eabi/7.3.1/thumb/v8-m.main/fpv5-sp/hard\libgcc.a(_arm_fixunsdfsi.o)
                0x0001a184                __aeabi_d2uiz
                0x0001a184                __fixunsdfsi
 .text          0x0001a1c4       0xa0 c:/program files (x86)/gnu tools arm embedded/7 2018-q2-update/bin/../lib/gcc/arm-none-eabi/7.3.1/thumb/v8-m.main/fpv5-sp/hard\libgcc.a(_arm_truncdfsf2.o)
                0x0001a1c4                __truncdfsf2
                0x0001a1c4                __aeabi_d2f
 *(SORT_BY_ALIGNMENT(.text.*))
 *fill*         0x0001a264        0x4 
 .text.orientation_detector_poll
                0x0001a268       0xc0 app/libapp.a(orientation_detector.c.obj)
                0x0001a268                orientation_detector_poll
 .text.env_sensors_poll_fn
                0x0001a328      0x130 app/libapp.a(env_sensors.c.obj)
 .text.parse_value
                0x0001a458      0x2f8 zephyr/modules/nrf/ext/cjson/lib..__nrf__ext__cjson.a(cJSON.c.obj)
 .text.cJSON_CreateNumber
                0x0001a750       0x68 zephyr/modules/nrf/ext/cjson/lib..__nrf__ext__cjson.a(cJSON.c.obj)
                0x0001a750                cJSON_CreateNumber
 .text.double_to_sensor_value
                0x0001a7b8       0x38 zephyr/modules/nrf/drivers/sensor/sensor_sim/lib..__nrf__drivers__sensor__sensor_sim.a(sensor_sim.c.obj)
 .text.sensor_sim_sample_fetch
                0x0001a7f0      0x194 zephyr/modules/nrf/drivers/sensor/sensor_sim/lib..__nrf__drivers__sensor__sensor_sim.a(sensor_sim.c.obj)
 *fill*         0x0001a984        0x4 
 .text._strtod_l
                0x0001a988      0xf34 C:/Program Files (x86)/GNU Tools Arm Embedded/7 2018-q2-update/arm-none-eabi/lib/thumb/v8-m.main/fpv5-sp/hard\libc.a(lib_a-strtod.o)
                0x0001a988                _strtod_l
 *fill*         0x0001b8bc        0x4 
 .text._svfprintf_r
                0x0001b8c0     0x19dc C:/Program Files (x86)/GNU Tools Arm Embedded/7 2018-q2-update/arm-none-eabi/lib/thumb/v8-m.main/fpv5-sp/hard\libc.a(lib_a-svfprintf.o)
                0x0001b8c0                _svfprintf_r
 *fill*         0x0001d29c        0x4 
 .text._dtoa_r  0x0001d2a0      0xec8 C:/Program Files (x86)/GNU Tools Arm Embedded/7 2018-q2-update/arm-none-eabi/lib/thumb/v8-m.main/fpv5-sp/hard\libc.a(lib_a-dtoa.o)
                0x0001d2a0                _dtoa_r
 .text.sin      0x0001e168       0xc0 C:/Program Files (x86)/GNU Tools Arm Embedded/7 2018-q2-update/arm-none-eabi/lib/thumb/v8-m.main/fpv5-sp/hard\libm.a(lib_a-s_sin.o)
                0x0001e168                sin
 .text.__ieee754_rem_pio2
                0x0001e228      0x454 C:/Program Files (x86)/GNU Tools Arm Embedded/7 2018-q2-update/arm-none-eabi/lib/thumb/v8-m.main/fpv5-sp/hard\libm.a(lib_a-e_rem_pio2.o)
                0x0001e228                __ieee754_rem_pio2
 *fill*         0x0001e67c        0x4 
 .text.__kernel_cos
                0x0001e680      0x284 C:/Program Files (x86)/GNU Tools Arm Embedded/7 2018-q2-update/arm-none-eabi/lib/thumb/v8-m.main/fpv5-sp/hard\libm.a(lib_a-k_cos.o)
                0x0001e680                __kernel_cos
 *fill*         0x0001e904        0x4 
 .text.__kernel_rem_pio2
                0x0001e908      0x83c C:/Program Files (x86)/GNU Tools Arm Embedded/7 2018-q2-update/arm-none-eabi/lib/thumb/v8-m.main/fpv5-sp/hard\libm.a(lib_a-k_rem_pio2.o)
                0x0001e908                __kernel_rem_pio2
 *fill*         0x0001f144        0x4 
 .text.__kernel_sin
                0x0001f148      0x194 C:/Program Files (x86)/GNU Tools Arm Embedded/7 2018-q2-update/arm-none-eabi/lib/thumb/v8-m.main/fpv5-sp/hard\libm.a(lib_a-k_sin.o)
                0x0001f148                __kernel_sin
 *fill*         0x0001f2dc        0x4 
 .text.floor    0x0001f2e0      0x110 C:/Program Files (x86)/GNU Tools Arm Embedded/7 2018-q2-update/arm-none-eabi/lib/thumb/v8-m.main/fpv5-sp/hard\libm.a(lib_a-s_floor.o)
                0x0001f2e0                floor
 .text.scalbn   0x0001f3f0      0x110 C:/Program Files (x86)/GNU Tools Arm Embedded/7 2018-q2-update/arm-none-eabi/lib/thumb/v8-m.main/fpv5-sp/hard\libm.a(lib_a-s_scalbn.o)
                0x0001f3f0                scalbn
 .text.k_delayed_work_submit
                0x0001f500       0x10 app/libapp.a(main.c.obj)
 .text.long_press_handler
                0x0001f510       0x50 app/libapp.a(main.c.obj)
 .text.k_work_submit_to_queue.constprop.12
                0x0001f560       0x28 app/libapp.a(main.c.obj)
 .text.modem_rsrp_handler
                0x0001f588       0x18 app/libapp.a(main.c.obj)
 .text.gps_trigger_handler
                0x0001f5a0       0x84 app/libapp.a(main.c.obj)
 .text.error_handler
                0x0001f624       0x54 app/libapp.a(main.c.obj)
                0x0001f624                error_handler
 .text.k_sys_fatal_error_handler
                0x0001f678       0x1c app/libapp.a(main.c.obj)
                0x0001f678                k_sys_fatal_error_handler
 .text.sensor_data_send
                0x0001f694       0x80 app/libapp.a(main.c.obj)
 .text.device_status_send
                0x0001f714       0xa8 app/libapp.a(main.c.obj)
 .text.modem_rsrp_data_send
                0x0001f7bc       0x70 app/libapp.a(main.c.obj)
 .text.send_flip_data_work_fn
                0x0001f82c        0xc app/libapp.a(main.c.obj)
 .text.send_gps_data_work_fn
                0x0001f838        0xc app/libapp.a(main.c.obj)
 .text.ui_evt_handler
                0x0001f844      0x178 app/libapp.a(main.c.obj)
 .text.send_env_data_work_fn
                0x0001f9bc      0x104 app/libapp.a(main.c.obj)
 .text.sensors_start
                0x0001fac0       0xac app/libapp.a(main.c.obj)
                0x0001fac0                sensors_start
 .text.on_pairing_done
                0x0001fb6c       0xf0 app/libapp.a(main.c.obj)
                0x0001fb6c                on_pairing_done
 .text.cloud_event_handler
                0x0001fc5c      0x138 app/libapp.a(main.c.obj)
                0x0001fc5c                cloud_event_handler
 .text.handle_bsdlib_init_ret
                0x0001fd94       0x54 app/libapp.a(main.c.obj)
                0x0001fd94                handle_bsdlib_init_ret
 .text.main     0x0001fde8      0x25c app/libapp.a(main.c.obj)
                0x0001fde8                main
 .text.orientation_detector_init
                0x00020044        0xc app/libapp.a(orientation_detector.c.obj)
                0x00020044                orientation_detector_init
 .text.button_handler
                0x00020050       0x54 app/libapp.a(ui.c.obj)
 .text.leds_update
                0x000200a4       0x5c app/libapp.a(ui.c.obj)
 .text.ui_led_set_pattern
                0x00020100        0xc app/libapp.a(ui.c.obj)
                0x00020100                ui_led_set_pattern
 .text.ui_init  0x0002010c       0xcc app/libapp.a(ui.c.obj)
                0x0002010c                ui_init
 .text.cloud_search_cmd
                0x000201d8       0xc4 app/libapp.a(cloud_codec.c.obj)
 .text.cloud_encode_data
                0x0002029c       0xc4 app/libapp.a(cloud_codec.c.obj)
                0x0002029c                cloud_encode_data
 .text.cloud_encode_digital_twin_data
                0x00020360      0x12c app/libapp.a(cloud_codec.c.obj)
                0x00020360                cloud_encode_digital_twin_data
 .text.cloud_decode_command
                0x0002048c       0x64 app/libapp.a(cloud_codec.c.obj)
                0x0002048c                cloud_decode_command
 .text.cloud_decode_init
                0x000204f0        0xc app/libapp.a(cloud_codec.c.obj)
                0x000204f0                cloud_decode_init
 .text.cloud_encode_env_sensors_data
                0x000204fc       0x9c app/libapp.a(cloud_codec.c.obj)
                0x000204fc                cloud_encode_env_sensors_data
 .text.service_info_json_object_encode
                0x00020598       0x90 app/libapp.a(service_info.c.obj)
                0x00020598                service_info_json_object_encode
 .text.gps_work_handler
                0x00020628      0x12c app/libapp.a(gps_controller.c.obj)
 .text.gps_control_is_active
                0x00020754       0x14 app/libapp.a(gps_controller.c.obj)
                0x00020754                gps_control_is_active
 .text.gps_control_is_enabled
                0x00020768       0x14 app/libapp.a(gps_controller.c.obj)
                0x00020768                gps_control_is_enabled
 .text.gps_control_stop
                0x0002077c       0x28 app/libapp.a(gps_controller.c.obj)
                0x0002077c                gps_control_stop
 .text.gps_control_disable
                0x000207a4       0x20 app/libapp.a(gps_controller.c.obj)
                0x000207a4                gps_control_disable
 .text.gps_control_start
                0x000207c4       0x28 app/libapp.a(gps_controller.c.obj)
                0x000207c4                gps_control_start
 .text.gps_control_enable
                0x000207ec       0x1c app/libapp.a(gps_controller.c.obj)
                0x000207ec                gps_control_enable
 .text.gps_control_init
                0x00020808       0x70 app/libapp.a(gps_controller.c.obj)
                0x00020808                gps_control_init
 .text.env_sensors_init_and_start
                0x00020878       0x7c app/libapp.a(env_sensors.c.obj)
                0x00020878                env_sensors_init_and_start
 .text.env_sensors_get_temperature
                0x000208f4       0xb0 app/libapp.a(env_sensors.c.obj)
                0x000208f4                env_sensors_get_temperature
 .text.env_sensors_get_humidity
                0x000209a4       0xb0 app/libapp.a(env_sensors.c.obj)
                0x000209a4                env_sensors_get_humidity
 .text.env_sensors_get_pressure
                0x00020a54       0xb0 app/libapp.a(env_sensors.c.obj)
                0x00020a54                env_sensors_get_pressure
 .text.z_sys_mem_pool_block_free
                0x00020b04      0x154 zephyr/libzephyr.a(mempool.c.obj)
                0x00020b04                z_sys_mem_pool_block_free
 .text.lexer_boolean
                0x00020c58       0x54 zephyr/libzephyr.a(json.c.obj)
 .text.lexer_json
                0x00020cac       0xc4 zephyr/libzephyr.a(json.c.obj)
 .text.lexer_number
                0x00020d70       0x38 zephyr/libzephyr.a(json.c.obj)
 .text.lexer_string
                0x00020da8       0xe8 zephyr/libzephyr.a(json.c.obj)
 .text.lexer_null
                0x00020e90       0x38 zephyr/libzephyr.a(json.c.obj)
 .text.decode_value
                0x00020ec8      0x15c zephyr/libzephyr.a(json.c.obj)
 .text.json_obj_parse
                0x00021024       0x64 zephyr/libzephyr.a(json.c.obj)
                0x00021024                json_obj_parse
 .text.char_out
                0x00021088       0x10 zephyr/libzephyr.a(printk.c.obj)
 .text._printk_dec_ulong
                0x00021098       0x98 zephyr/libzephyr.a(printk.c.obj)
 .text.__printk_hook_install
                0x00021130        0xc zephyr/libzephyr.a(printk.c.obj)
                0x00021130                __printk_hook_install
 .text.vprintk  0x0002113c       0x20 zephyr/libzephyr.a(printk.c.obj)
                0x0002113c                vprintk
 .text.nordicsemi_nrf91_init
                0x0002115c       0x28 zephyr/libzephyr.a(soc.c.obj)
 .text.log_generic
                0x00021184       0x5c zephyr/libzephyr.a(log_core.c.obj)
                0x00021184                log_generic
 .text.log_core_init
                0x000211e0       0x18 zephyr/libzephyr.a(log_core.c.obj)
                0x000211e0                log_core_init
 .text.log_source_name_get
                0x000211f8       0x1c zephyr/libzephyr.a(log_core.c.obj)
                0x000211f8                log_source_name_get
 .text.log_backend_enable
                0x00021214       0x5c zephyr/libzephyr.a(log_core.c.obj)
                0x00021214                log_backend_enable
 .text.log_init
                0x00021270       0x6c zephyr/libzephyr.a(log_core.c.obj)
                0x00021270                log_init
 .text.z_impl_log_panic
                0x000212dc       0x44 zephyr/libzephyr.a(log_core.c.obj)
                0x000212dc                z_impl_log_panic
 .text.print_formatted
                0x00021320       0x24 zephyr/libzephyr.a(log_output.c.obj)
 .text.prefix_print
                0x00021344      0x11c zephyr/libzephyr.a(log_output.c.obj)
 .text.postfix_print
                0x00021460       0x3c zephyr/libzephyr.a(log_output.c.obj)
 .text.hexdump_line_print
                0x0002149c       0xe0 zephyr/libzephyr.a(log_output.c.obj)
 .text.out_func
                0x0002157c       0x50 zephyr/libzephyr.a(log_output.c.obj)
 .text.log_output_string
                0x000215cc       0x70 zephyr/libzephyr.a(log_output.c.obj)
                0x000215cc                log_output_string
 .text.log_output_hexdump
                0x0002163c       0x74 zephyr/libzephyr.a(log_output.c.obj)
                0x0002163c                log_output_hexdump
 .text.log_output_timestamp_freq_set
                0x000216b0       0x30 zephyr/libzephyr.a(log_output.c.obj)
                0x000216b0                log_output_timestamp_freq_set
 .text.panic    0x000216e0        0xc zephyr/libzephyr.a(log_backend_uart.c.obj)
 .text.log_backend_uart_init
                0x000216ec       0x30 zephyr/libzephyr.a(log_backend_uart.c.obj)
 .text.sync_hexdump
                0x0002171c       0x4c zephyr/libzephyr.a(log_backend_uart.c.obj)
 .text.sync_string
                0x00021768       0x48 zephyr/libzephyr.a(log_backend_uart.c.obj)
 .text.boot_write_trailer_byte
                0x000217b0       0x50 zephyr/libzephyr.a(mcuboot.c.obj)
 .text.boot_request_upgrade
                0x00021800       0x64 zephyr/libzephyr.a(mcuboot.c.obj)
                0x00021800                boot_request_upgrade
 .text.flash_progressive_erase
                0x00021864       0xc4 zephyr/libzephyr.a(flash_img.c.obj)
 .text.flash_sync
                0x00021928      0x12c zephyr/libzephyr.a(flash_img.c.obj)
 .text.socket_offload_register
                0x00021a54       0x4c zephyr/libzephyr.a(socket_offload.c.obj)
                0x00021a54                socket_offload_register
 .text.sys_rand32_get
                0x00021aa0       0x90 zephyr/libzephyr.a(rand32_entropy_device.c.obj)
                0x00021aa0                sys_rand32_get
 .text.get_flash_area_from_id
                0x00021b30       0x2c zephyr/libzephyr.a(flash_map.c.obj)
 .text.flash_area_open
                0x00021b5c       0x28 zephyr/libzephyr.a(flash_map.c.obj)
                0x00021b5c                flash_area_open
 .text.sys_reboot
                0x00021b84       0x30 zephyr/libzephyr.a(reboot.c.obj)
                0x00021b84                sys_reboot
 .text.console_out
                0x00021bb4       0x34 zephyr/libzephyr.a(uart_console.c.obj)
 .text.uart_console_hook_install
                0x00021be8       0x18 zephyr/libzephyr.a(uart_console.c.obj)
                0x00021be8                uart_console_hook_install
 .text.uart_console_init
                0x00021c00       0x1c zephyr/libzephyr.a(uart_console.c.obj)
 .text.hfclk_init
                0x00021c1c       0x30 zephyr/libzephyr.a(nrf_power_clock.c.obj)
 .text.clock_async_start
                0x00021c4c       0xbc zephyr/libzephyr.a(nrf_power_clock.c.obj)
 .text.nrf_power_clock_isr
                0x00021d08       0x58 zephyr/libzephyr.a(nrf_power_clock.c.obj)
                0x00021d08                nrf_power_clock_isr
 .text.z_clock_isr
                0x00021d60       0x28 zephyr/libzephyr.a(sys_clock_init.c.obj)
                0x00021d60                z_clock_isr
 .text.rtc1_nrf_isr
                0x00021d88       0xb0 zephyr/libzephyr.a(nrf_rtc_timer.c.obj)
                0x00021d88                rtc1_nrf_isr
 .text.z_clock_driver_init
                0x00021e38       0x78 zephyr/libzephyr.a(nrf_rtc_timer.c.obj)
                0x00021e38                z_clock_driver_init
 .text.z_clock_set_timeout
                0x00021eb0      0x104 zephyr/libzephyr.a(nrf_rtc_timer.c.obj)
                0x00021eb0                z_clock_set_timeout
 .text.z_clock_elapsed
                0x00021fb4       0x9c zephyr/libzephyr.a(nrf_rtc_timer.c.obj)
                0x00021fb4                z_clock_elapsed
 .text.z_timer_cycle_get_32
                0x00022050       0xa0 zephyr/libzephyr.a(nrf_rtc_timer.c.obj)
                0x00022050                z_timer_cycle_get_32
 .text._HandlerModeExit
                0x000220f0       0x1c zephyr/arch/arch/arm/core/libarch__arm__core.a(exc_exit.S.obj)
                0x000220f0                z_arm_int_exit
                0x000220f0                z_arm_exc_exit
 .text.z_arm_pendsv
                0x0002210c       0xc4 zephyr/arch/arch/arm/core/libarch__arm__core.a(swap_helper.S.obj)
                0x0002210c                z_arm_pendsv
 .text.z_arm_svc
                0x000221d0       0x20 zephyr/arch/arch/arm/core/libarch__arm__core.a(swap_helper.S.obj)
                0x000221d0                z_arm_svc
 .text.z_arm_cpu_idle_init
                0x000221f0        0xc zephyr/arch/arch/arm/core/libarch__arm__core.a(cpu_idle.S.obj)
                0x000221f0                z_arm_cpu_idle_init
 .text.z_arch_cpu_idle
                0x000221fc        0xc zephyr/arch/arch/arm/core/libarch__arm__core.a(cpu_idle.S.obj)
                0x000221fc                z_arch_cpu_idle
 .text.__fault  0x00022208       0x24 zephyr/arch/arch/arm/core/libarch__arm__core.a(fault_s.S.obj)
                0x00022208                z_arm_usage_fault
                0x00022208                z_arm_mpu_fault
                0x00022208                z_arm_reserved
                0x00022208                z_arm_debug_monitor
                0x00022208                z_arm_hard_fault
                0x00022208                z_arm_bus_fault
 .text.z_SysNmiOnReset
                0x0002222c        0x8 zephyr/arch/arch/arm/core/libarch__arm__core.a(nmi_on_reset.S.obj)
                0x0002222c                z_SysNmiOnReset
 .text._isr_wrapper
                0x00022234       0x40 zephyr/arch/arch/arm/core/libarch__arm__core.a(isr_wrapper.S.obj)
                0x00022234                _isr_wrapper
 .text.z_arch_swap
                0x00022274       0x34 zephyr/arch/arch/arm/core/libarch__arm__core.a(swap.c.obj)
                0x00022274                z_arch_swap
 .text.z_arch_irq_enable
                0x000222a8       0x20 zephyr/arch/arch/arm/core/libarch__arm__core.a(irq_manage.c.obj)
                0x000222a8                z_arch_irq_enable
 .text.z_arm_irq_priority_set
                0x000222c8       0x64 zephyr/arch/arch/arm/core/libarch__arm__core.a(irq_manage.c.obj)
                0x000222c8                z_arm_irq_priority_set
 .text._arch_isr_direct_pm
                0x0002232c       0x1c zephyr/arch/arch/arm/core/libarch__arm__core.a(irq_manage.c.obj)
                0x0002232c                _arch_isr_direct_pm
 .text.z_arch_new_thread
                0x00022348       0xa4 zephyr/arch/arch/arm/core/libarch__arm__core.a(thread.c.obj)
                0x00022348                z_arch_new_thread
 .text.z_arch_switch_to_main_thread
                0x000223ec       0x5c zephyr/arch/arch/arm/core/libarch__arm__core.a(thread.c.obj)
                0x000223ec                z_arch_switch_to_main_thread
 .text.z_arm_fatal_error
                0x00022448      0x134 zephyr/arch/arch/arm/core/libarch__arm__core.a(fatal.c.obj)
                0x00022448                z_arm_fatal_error
 .text.z_arm_prep_c
                0x0002257c       0x50 zephyr/arch/arch/arm/core/libarch__arm__core.a(prep_c.c.obj)
                0x0002257c                z_arm_prep_c
 .text._reset_section
                0x000225cc       0x30 zephyr/arch/arch/arm/core/cortex_m/libarch__arm__core__cortex_m.a(reset.S.obj)
                0x000225cc                __start
                0x000225cc                z_arm_reset
 .text.bus_fault.isra.2
                0x000225fc      0x14c zephyr/arch/arch/arm/core/cortex_m/libarch__arm__core__cortex_m.a(fault.c.obj)
 .text.usage_fault.isra.3
                0x00022748      0x140 zephyr/arch/arch/arm/core/cortex_m/libarch__arm__core__cortex_m.a(fault.c.obj)
 .text.mem_manage_fault.isra.6
                0x00022888      0x160 zephyr/arch/arch/arm/core/cortex_m/libarch__arm__core__cortex_m.a(fault.c.obj)
 .text.z_arm_fault
                0x000229e8      0x1a4 zephyr/arch/arch/arm/core/cortex_m/libarch__arm__core__cortex_m.a(fault.c.obj)
                0x000229e8                z_arm_fault
 .text.z_arm_fault_init
                0x00022b8c       0x18 zephyr/arch/arch/arm/core/cortex_m/libarch__arm__core__cortex_m.a(fault.c.obj)
                0x00022b8c                z_arm_fault_init
 .text.sys_arch_reboot
                0x00022ba4       0x24 zephyr/arch/arch/arm/core/cortex_m/libarch__arm__core__cortex_m.a(scb.c.obj)
                0x00022ba4                sys_arch_reboot
 .text.z_arm_int_lib_init
                0x00022bc8       0x18 zephyr/arch/arch/arm/core/cortex_m/libarch__arm__core__cortex_m.a(irq_init.c.obj)
                0x00022bc8                z_arm_int_lib_init
 .text.z_impl_k_thread_abort
                0x00022be0       0x7c zephyr/arch/arch/arm/core/cortex_m/libarch__arm__core__cortex_m.a(thread_abort.c.obj)
                0x00022be0                z_impl_k_thread_abort
 .text.z_arm_configure_static_mpu_regions
                0x00022c5c       0x54 zephyr/arch/arch/arm/core/cortex_m/mpu/libarch__arm__core__cortex_m__mpu.a(arm_core_mpu.c.obj)
                0x00022c5c                z_arm_configure_static_mpu_regions
 .text.region_init
                0x00022cb0       0x30 zephyr/arch/arch/arm/core/cortex_m/mpu/libarch__arm__core__cortex_m__mpu.a(arm_mpu.c.obj)
 .text.region_allocate_and_init
                0x00022ce0       0x44 zephyr/arch/arch/arm/core/cortex_m/mpu/libarch__arm__core__cortex_m__mpu.a(arm_mpu.c.obj)
 .text.mpu_configure_regions.constprop.2
                0x00022d24      0x18c zephyr/arch/arch/arm/core/cortex_m/mpu/libarch__arm__core__cortex_m__mpu.a(arm_mpu.c.obj)
 .text.arm_core_mpu_enable
                0x00022eb0       0x14 zephyr/arch/arch/arm/core/cortex_m/mpu/libarch__arm__core__cortex_m__mpu.a(arm_mpu.c.obj)
                0x00022eb0                arm_core_mpu_enable
 .text.arm_core_mpu_disable
                0x00022ec4       0x10 zephyr/arch/arch/arm/core/cortex_m/mpu/libarch__arm__core__cortex_m__mpu.a(arm_mpu.c.obj)
                0x00022ec4                arm_core_mpu_disable
 .text.arm_mpu_init
                0x00022ed4       0xb0 zephyr/arch/arch/arm/core/cortex_m/mpu/libarch__arm__core__cortex_m__mpu.a(arm_mpu.c.obj)
 .text.arm_core_mpu_configure_static_mpu_regions
                0x00022f84       0x48 zephyr/arch/arch/arm/core/cortex_m/mpu/libarch__arm__core__cortex_m__mpu.a(arm_mpu.c.obj)
                0x00022f84                arm_core_mpu_configure_static_mpu_regions
 .text.arm_core_mpu_mark_areas_for_dynamic_regions
                0x00022fcc       0xd8 zephyr/arch/arch/arm/core/cortex_m/mpu/libarch__arm__core__cortex_m__mpu.a(arm_mpu.c.obj)
                0x00022fcc                arm_core_mpu_mark_areas_for_dynamic_regions
 .text.arm_core_mpu_configure_dynamic_mpu_regions
                0x000230a4       0x74 zephyr/arch/arch/arm/core/cortex_m/mpu/libarch__arm__core__cortex_m__mpu.a(arm_mpu.c.obj)
                0x000230a4                arm_core_mpu_configure_dynamic_mpu_regions
 .text.__stdout_hook_install
                0x00023118        0xc zephyr/lib/libc/newlib/liblib__libc__newlib.a(libc-hooks.c.obj)
                0x00023118                __stdout_hook_install
 .text.z_impl_zephyr_read_stdin
                0x00023124       0x28 zephyr/lib/libc/newlib/liblib__libc__newlib.a(libc-hooks.c.obj)
                0x00023124                z_impl_zephyr_read_stdin
 .text.z_impl_zephyr_write_stdout
                0x0002314c       0x38 zephyr/lib/libc/newlib/liblib__libc__newlib.a(libc-hooks.c.obj)
                0x0002314c                z_impl_zephyr_write_stdout
 .text._exit    0x00023184       0x10 zephyr/lib/libc/newlib/liblib__libc__newlib.a(libc-hooks.c.obj)
                0x00023184                _exit
 .text._sbrk    0x00023194       0x44 zephyr/lib/libc/newlib/liblib__libc__newlib.a(libc-hooks.c.obj)
                0x00023194                sbrk
                0x00023194                _sbrk
 .text.net_if_flag_is_set
                0x000231d8       0x3c zephyr/subsys/net/ip/libsubsys__net__ip.a(net_if.c.obj)
 .text.net_if_flag_set.constprop.23
                0x00023214       0x40 zephyr/subsys/net/ip/libsubsys__net__ip.a(net_if.c.obj)
 .text.net_if_up
                0x00023254       0x6c zephyr/subsys/net/ip/libsubsys__net__ip.a(net_if.c.obj)
                0x00023254                net_if_up
 .text.net_if_init
                0x000232c0       0x30 zephyr/subsys/net/ip/libsubsys__net__ip.a(net_if.c.obj)
                0x000232c0                net_if_init
 .text.net_if_post_init
                0x000232f0       0x30 zephyr/subsys/net/ip/libsubsys__net__ip.a(net_if.c.obj)
                0x000232f0                net_if_post_init
 .text.connect_request_encode
                0x00023320      0x100 zephyr/subsys/net/lib/mqtt/libsubsys__net__lib__mqtt.a(mqtt_encoder.c.obj)
                0x00023320                connect_request_encode
 .text.disconnect_encode
                0x00023420       0x24 zephyr/subsys/net/lib/mqtt/libsubsys__net__lib__mqtt.a(mqtt_encoder.c.obj)
                0x00023420                disconnect_encode
 .text.ping_request_encode
                0x00023444       0x24 zephyr/subsys/net/lib/mqtt/libsubsys__net__lib__mqtt.a(mqtt_encoder.c.obj)
                0x00023444                ping_request_encode
 .text.close    0x00023468       0x58 zephyr/subsys/net/lib/mqtt/libsubsys__net__lib__mqtt.a(mqtt_transport_socket_tcp.c.obj)
 .text.mqtt_client_tcp_connect
                0x000234c0       0xd4 zephyr/subsys/net/lib/mqtt/libsubsys__net__lib__mqtt.a(mqtt_transport_socket_tcp.c.obj)
                0x000234c0                mqtt_client_tcp_connect
 .text.mqtt_client_tcp_write
                0x00023594       0x98 zephyr/subsys/net/lib/mqtt/libsubsys__net__lib__mqtt.a(mqtt_transport_socket_tcp.c.obj)
                0x00023594                mqtt_client_tcp_write
 .text.mqtt_client_tcp_read
                0x0002362c       0x7c zephyr/subsys/net/lib/mqtt/libsubsys__net__lib__mqtt.a(mqtt_transport_socket_tcp.c.obj)
                0x0002362c                mqtt_client_tcp_read
 .text.mqtt_transport_connect
                0x000236a8       0x10 zephyr/subsys/net/lib/mqtt/libsubsys__net__lib__mqtt.a(mqtt_transport.c.obj)
                0x000236a8                mqtt_transport_connect
 .text.mqtt_transport_write
                0x000236b8       0x18 zephyr/subsys/net/lib/mqtt/libsubsys__net__lib__mqtt.a(mqtt_transport.c.obj)
                0x000236b8                mqtt_transport_write
 .text.mqtt_transport_read
                0x000236d0       0x18 zephyr/subsys/net/lib/mqtt/libsubsys__net__lib__mqtt.a(mqtt_transport.c.obj)
                0x000236d0                mqtt_transport_read
 .text.mqtt_transport_disconnect
                0x000236e8       0x14 zephyr/subsys/net/lib/mqtt/libsubsys__net__lib__mqtt.a(mqtt_transport.c.obj)
                0x000236e8                mqtt_transport_disconnect
 .text.mqtt_mutex_unlock
                0x000236fc       0x58 zephyr/subsys/net/lib/mqtt/libsubsys__net__lib__mqtt.a(mqtt.c.obj)
 .text.mqtt_mutex_lock
                0x00023754       0x40 zephyr/subsys/net/lib/mqtt/libsubsys__net__lib__mqtt.a(mqtt.c.obj)
 .text.close    0x00023794       0x58 zephyr/subsys/net/lib/mqtt/libsubsys__net__lib__mqtt.a(mqtt_transport_socket_tls.c.obj)
 .text.setsockopt.constprop.1
                0x000237ec       0x70 zephyr/subsys/net/lib/mqtt/libsubsys__net__lib__mqtt.a(mqtt_transport_socket_tls.c.obj)
 .text.mqtt_client_tls_connect
                0x0002385c      0x140 zephyr/subsys/net/lib/mqtt/libsubsys__net__lib__mqtt.a(mqtt_transport_socket_tls.c.obj)
                0x0002385c                mqtt_client_tls_connect
 .text.mqtt_client_tls_write
                0x0002399c       0x98 zephyr/subsys/net/lib/mqtt/libsubsys__net__lib__mqtt.a(mqtt_transport_socket_tls.c.obj)
                0x0002399c                mqtt_client_tls_write
 .text.mqtt_client_tls_read
                0x00023a34       0x7c zephyr/subsys/net/lib/mqtt/libsubsys__net__lib__mqtt.a(mqtt_transport_socket_tls.c.obj)
                0x00023a34                mqtt_client_tls_read
 .text.gpio_nrfx_manage_callback
                0x00023ab0       0xac zephyr/drivers/gpio/libdrivers__gpio.a(gpio_nrfx.c.obj)
 .text.nrf_gpio_pin_port_decode.isra.6.part.7
                0x00023b5c       0x1c zephyr/drivers/gpio/libdrivers__gpio.a(gpio_nrfx.c.obj)
 .text.nrf_gpio_cfg_sense_set
                0x00023b78       0x30 zephyr/drivers/gpio/libdrivers__gpio.a(gpio_nrfx.c.obj)
 .text.gpiote_pin_int_cfg
                0x00023ba8      0x13c zephyr/drivers/gpio/libdrivers__gpio.a(gpio_nrfx.c.obj)
 .text.gpio_nrfx_init
                0x00023ce4       0x30 zephyr/drivers/gpio/libdrivers__gpio.a(gpio_nrfx.c.obj)
 .text.gpio_nrfx_config
                0x00023d14      0x130 zephyr/drivers/gpio/libdrivers__gpio.a(gpio_nrfx.c.obj)
 .text.gpiote_event_handler
                0x00023e44      0x180 zephyr/drivers/gpio/libdrivers__gpio.a(gpio_nrfx.c.obj)
 .text.flash_nrf_write_protection
                0x00023fc4        0xc zephyr/drivers/flash/libdrivers__flash.a(soc_flash_nrf.c.obj)
 .text.flash_nrf_pages_layout
                0x00023fd0       0x10 zephyr/drivers/flash/libdrivers__flash.a(soc_flash_nrf.c.obj)
 .text.nrf_flash_init
                0x00023fe0       0x30 zephyr/drivers/flash/libdrivers__flash.a(soc_flash_nrf.c.obj)
 .text.flash_nrf_erase
                0x00024010       0x70 zephyr/drivers/flash/libdrivers__flash.a(soc_flash_nrf.c.obj)
 .text.flash_nrf_write
                0x00024080       0xb4 zephyr/drivers/flash/libdrivers__flash.a(soc_flash_nrf.c.obj)
 .text.uarte_nrfx_configure
                0x00024134      0x178 zephyr/drivers/serial/libdrivers__serial.a(uart_nrfx_uarte.c.obj)
 .text.uarte_0_init
                0x000242ac       0x90 zephyr/drivers/serial/libdrivers__serial.a(uart_nrfx_uarte.c.obj)
 .text.entropy_cc310_rng_get_entropy
                0x0002433c       0x5c zephyr/drivers/entropy/libdrivers__entropy.a(entropy_cc310.c.obj)
 .text.parse_string
                0x00024398      0x1c8 zephyr/modules/nrf/ext/cjson/lib..__nrf__ext__cjson.a(cJSON.c.obj)
 .text.print_string_ptr
                0x00024560      0x148 zephyr/modules/nrf/ext/cjson/lib..__nrf__ext__cjson.a(cJSON.c.obj)
 .text.print_value
                0x000246a8      0x31c zephyr/modules/nrf/ext/cjson/lib..__nrf__ext__cjson.a(cJSON.c.obj)
 .text.print.constprop.14
                0x000249c4       0x98 zephyr/modules/nrf/ext/cjson/lib..__nrf__ext__cjson.a(cJSON.c.obj)
 .text.cJSON_strdup.isra.2.constprop.16
                0x00024a5c       0x2c zephyr/modules/nrf/ext/cjson/lib..__nrf__ext__cjson.a(cJSON.c.obj)
 .text.add_item_to_object.constprop.12
                0x00024a88       0x50 zephyr/modules/nrf/ext/cjson/lib..__nrf__ext__cjson.a(cJSON.c.obj)
 .text.cJSON_InitHooks
                0x00024ad8       0x44 zephyr/modules/nrf/ext/cjson/lib..__nrf__ext__cjson.a(cJSON.c.obj)
                0x00024ad8                cJSON_InitHooks
 .text.cJSON_Delete
                0x00024b1c       0x44 zephyr/modules/nrf/ext/cjson/lib..__nrf__ext__cjson.a(cJSON.c.obj)
                0x00024b1c                cJSON_Delete
 .text.cJSON_ParseWithOpts
                0x00024b60       0xe8 zephyr/modules/nrf/ext/cjson/lib..__nrf__ext__cjson.a(cJSON.c.obj)
                0x00024b60                cJSON_ParseWithOpts
 .text.cJSON_CreateNull
                0x00024c48       0x18 zephyr/modules/nrf/ext/cjson/lib..__nrf__ext__cjson.a(cJSON.c.obj)
                0x00024c48                cJSON_CreateNull
 .text.cJSON_CreateString
                0x00024c60       0x30 zephyr/modules/nrf/ext/cjson/lib..__nrf__ext__cjson.a(cJSON.c.obj)
                0x00024c60                cJSON_CreateString
 .text.cJSON_CreateArray
                0x00024c90       0x18 zephyr/modules/nrf/ext/cjson/lib..__nrf__ext__cjson.a(cJSON.c.obj)
                0x00024c90                cJSON_CreateArray
 .text.cJSON_CreateObject
                0x00024ca8       0x18 zephyr/modules/nrf/ext/cjson/lib..__nrf__ext__cjson.a(cJSON.c.obj)
                0x00024ca8                cJSON_CreateObject
 .text.cJSON_Init
                0x00024cc0       0x1c zephyr/modules/nrf/ext/cjson/lib..__nrf__ext__cjson.a(cJSON_os.c.obj)
                0x00024cc0                cJSON_Init
 .text._bsdlib_init
                0x00024cdc       0x1c zephyr/modules/nrf/lib/bsdlib/lib..__nrf__lib__bsdlib.a(bsdlib.c.obj)
 .text.bsdlib_get_init_ret
                0x00024cf8        0xc zephyr/modules/nrf/lib/bsdlib/lib..__nrf__lib__bsdlib.a(bsdlib.c.obj)
                0x00024cf8                bsdlib_get_init_ret
 .text.thread_monitor_entry_get
                0x00024d04       0x44 zephyr/modules/nrf/lib/bsdlib/lib..__nrf__lib__bsdlib.a(bsd_os.c.obj)
 .text.rpc_proxy_irq_handler
                0x00024d48       0x4c zephyr/modules/nrf/lib/bsdlib/lib..__nrf__lib__bsdlib.a(bsd_os.c.obj)
                0x00024d48                rpc_proxy_irq_handler
 .text.bsd_os_timedwait
                0x00024d94      0x120 zephyr/modules/nrf/lib/bsdlib/lib..__nrf__lib__bsdlib.a(bsd_os.c.obj)
                0x00024d94                bsd_os_timedwait
 .text.bsd_os_errno_set
                0x00024eb4      0x1d8 zephyr/modules/nrf/lib/bsdlib/lib..__nrf__lib__bsdlib.a(bsd_os.c.obj)
                0x00024eb4                bsd_os_errno_set
 .text.bsd_os_application_irq_set
                0x0002508c       0x10 zephyr/modules/nrf/lib/bsdlib/lib..__nrf__lib__bsdlib.a(bsd_os.c.obj)
                0x0002508c                bsd_os_application_irq_set
 .text.bsd_os_application_irq_clear
                0x0002509c       0x10 zephyr/modules/nrf/lib/bsdlib/lib..__nrf__lib__bsdlib.a(bsd_os.c.obj)
                0x0002509c                bsd_os_application_irq_clear
 .text.bsd_os_trace_irq_set
                0x000250ac       0x10 zephyr/modules/nrf/lib/bsdlib/lib..__nrf__lib__bsdlib.a(bsd_os.c.obj)
                0x000250ac                bsd_os_trace_irq_set
 .text.bsd_os_trace_irq_clear
                0x000250bc       0x10 zephyr/modules/nrf/lib/bsdlib/lib..__nrf__lib__bsdlib.a(bsd_os.c.obj)
                0x000250bc                bsd_os_trace_irq_clear
 .text.bsd_os_init
                0x000250cc       0x2c zephyr/modules/nrf/lib/bsdlib/lib..__nrf__lib__bsdlib.a(bsd_os.c.obj)
                0x000250cc                bsd_os_init
 .text.z_to_nrf_optname
                0x000250f8       0xd0 zephyr/modules/nrf/lib/bsdlib/lib..__nrf__lib__bsdlib.a(nrf91_sockets.c.obj)
 .text.nrf91_socket_iface_init
                0x000251c8       0x18 zephyr/modules/nrf/lib/bsdlib/lib..__nrf__lib__bsdlib.a(nrf91_sockets.c.obj)
 .text.dk_set_leds_state.part.0
                0x000251e0       0x80 zephyr/modules/nrf/lib/dk_buttons_and_leds/lib..__nrf__lib__dk_buttons_and_leds.a(dk_buttons_and_leds.c.obj)
 .text.button_pressed
                0x00025260      0x124 zephyr/modules/nrf/lib/dk_buttons_and_leds/lib..__nrf__lib__dk_buttons_and_leds.a(dk_buttons_and_leds.c.obj)
 .text.buttons_scan_fn
                0x00025384      0x1ec zephyr/modules/nrf/lib/dk_buttons_and_leds/lib..__nrf__lib__dk_buttons_and_leds.a(dk_buttons_and_leds.c.obj)
 .text.dk_leds_init
                0x00025570       0xa0 zephyr/modules/nrf/lib/dk_buttons_and_leds/lib..__nrf__lib__dk_buttons_and_leds.a(dk_buttons_and_leds.c.obj)
                0x00025570                dk_leds_init
 .text.dk_read_buttons
                0x00025610       0x20 zephyr/modules/nrf/lib/dk_buttons_and_leds/lib..__nrf__lib__dk_buttons_and_leds.a(dk_buttons_and_leds.c.obj)
                0x00025610                dk_read_buttons
 .text.dk_buttons_init
                0x00025630      0x1f0 zephyr/modules/nrf/lib/dk_buttons_and_leds/lib..__nrf__lib__dk_buttons_and_leds.a(dk_buttons_and_leds.c.obj)
                0x00025630                dk_buttons_init
 .text.find_node
                0x00025820       0x30 zephyr/modules/nrf/lib/at_notif/lib..__nrf__lib__at_notif.a(at_notif.c.obj)
 .text.module_init
                0x00025850       0x1c zephyr/modules/nrf/lib/at_notif/lib..__nrf__lib__at_notif.a(at_notif.c.obj)
 .text.notif_dispatch
                0x0002586c       0x38 zephyr/modules/nrf/lib/at_notif/lib..__nrf__lib__at_notif.a(at_notif.c.obj)
 .text.at_notif_register_handler
                0x000258a4       0x70 zephyr/modules/nrf/lib/at_notif/lib..__nrf__lib__at_notif.a(at_notif.c.obj)
                0x000258a4                at_notif_register_handler
 .text.at_notif_deregister_handler
                0x00025914       0x74 zephyr/modules/nrf/lib/at_notif/lib..__nrf__lib__at_notif.a(at_notif.c.obj)
                0x00025914                at_notif_deregister_handler
 .text.write_uart_string
                0x00025988       0x1c zephyr/modules/nrf/lib/at_host/lib..__nrf__lib__at_host.a(at_host.c.obj)
 .text.cmd_send
                0x000259a4       0xa8 zephyr/modules/nrf/lib/at_host/lib..__nrf__lib__at_host.a(at_host.c.obj)
 .text.isr      0x00025a4c      0x15c zephyr/modules/nrf/lib/at_host/lib..__nrf__lib__at_host.a(at_host.c.obj)
 .text.at_host_init
                0x00025ba8      0x15c zephyr/modules/nrf/lib/at_host/lib..__nrf__lib__at_host.a(at_host.c.obj)
 .text.at_parse_process_element
                0x00025d04      0x178 zephyr/modules/nrf/lib/at_cmd_parser/lib..__nrf__lib__at_cmd_parser.a(at_cmd_parser.c.obj)
 .text.at_parse_detect_type
                0x00025e7c       0xac zephyr/modules/nrf/lib/at_cmd_parser/lib..__nrf__lib__at_cmd_parser.a(at_cmd_parser.c.obj)
 .text.at_parser_max_params_from_str
                0x00025f28      0x114 zephyr/modules/nrf/lib/at_cmd_parser/lib..__nrf__lib__at_cmd_parser.a(at_cmd_parser.c.obj)
                0x00025f28                at_parser_max_params_from_str
 .text.at_params_get
                0x0002603c       0x44 zephyr/modules/nrf/lib/at_cmd_parser/lib..__nrf__lib__at_cmd_parser.a(at_params.c.obj)
 .text.at_param_size
                0x00026080       0x50 zephyr/modules/nrf/lib/at_cmd_parser/lib..__nrf__lib__at_cmd_parser.a(at_params.c.obj)
 .text.at_param_clear
                0x000260d0       0x44 zephyr/modules/nrf/lib/at_cmd_parser/lib..__nrf__lib__at_cmd_parser.a(at_params.c.obj)
 .text.at_params_list_clear
                0x00026114       0x70 zephyr/modules/nrf/lib/at_cmd_parser/lib..__nrf__lib__at_cmd_parser.a(at_params.c.obj)
                0x00026114                at_params_list_clear
 .text.modem_info_parse.isra.0
                0x00026184       0x2c zephyr/modules/nrf/lib/modem_info/lib..__nrf__lib__modem_info.a(modem_info.c.obj)
 .text.modem_info_rsrp_subscribe_handler
                0x000261b0       0xa0 zephyr/modules/nrf/lib/modem_info/lib..__nrf__lib__modem_info.a(modem_info.c.obj)
 .text.modem_info_type_get
                0x00026250       0x14 zephyr/modules/nrf/lib/modem_info/lib..__nrf__lib__modem_info.a(modem_info.c.obj)
                0x00026250                modem_info_type_get
 .text.modem_info_name_get
                0x00026264       0x30 zephyr/modules/nrf/lib/modem_info/lib..__nrf__lib__modem_info.a(modem_info.c.obj)
                0x00026264                modem_info_name_get
 .text.modem_info_short_get
                0x00026294       0x64 zephyr/modules/nrf/lib/modem_info/lib..__nrf__lib__modem_info.a(modem_info.c.obj)
                0x00026294                modem_info_short_get
 .text.modem_info_string_get
                0x000262f8      0x124 zephyr/modules/nrf/lib/modem_info/lib..__nrf__lib__modem_info.a(modem_info.c.obj)
                0x000262f8                modem_info_string_get
 .text.modem_info_rsrp_register
                0x0002641c       0x68 zephyr/modules/nrf/lib/modem_info/lib..__nrf__lib__modem_info.a(modem_info.c.obj)
                0x0002641c                modem_info_rsrp_register
 .text.modem_info_init
                0x00026484        0xc zephyr/modules/nrf/lib/modem_info/lib..__nrf__lib__modem_info.a(modem_info.c.obj)
                0x00026484                modem_info_init
 .text.modem_data_get
                0x00026490       0x94 zephyr/modules/nrf/lib/modem_info/lib..__nrf__lib__modem_info.a(modem_info_params.c.obj)
 .text.modem_info_params_init
                0x00026524       0xa0 zephyr/modules/nrf/lib/modem_info/lib..__nrf__lib__modem_info.a(modem_info_params.c.obj)
                0x00026524                modem_info_params_init
 .text.modem_info_params_get
                0x000265c4      0x1a8 zephyr/modules/nrf/lib/modem_info/lib..__nrf__lib__modem_info.a(modem_info_params.c.obj)
                0x000265c4                modem_info_params_get
 .text.network_data_add
                0x0002676c       0xf4 zephyr/modules/nrf/lib/modem_info/lib..__nrf__lib__modem_info.a(modem_info_json.c.obj)
 .text.device_data_add
                0x00026860       0x68 zephyr/modules/nrf/lib/modem_info/lib..__nrf__lib__modem_info.a(modem_info_json.c.obj)
 .text.modem_info_json_object_encode
                0x000268c8       0xc0 zephyr/modules/nrf/lib/modem_info/lib..__nrf__lib__modem_info.a(modem_info_json.c.obj)
                0x000268c8                modem_info_json_object_encode
 .text.cloud_get_binding
                0x00026988       0x34 zephyr/modules/nrf/subsys/net/lib/cloud/lib..__nrf__subsys__net__lib__cloud.a(cloud.c.obj)
                0x00026988                cloud_get_binding
 .text.uninit   0x000269bc       0x34 zephyr/modules/nrf/subsys/net/lib/nrf_cloud/lib..__nrf__subsys__net__lib__nrf_cloud.a(nrf_cloud.c.obj)
 .text.event_handler
                0x000269f0      0x218 zephyr/modules/nrf/subsys/net/lib/nrf_cloud/lib..__nrf__subsys__net__lib__nrf_cloud.a(nrf_cloud.c.obj)
 .text.nfsm_get_current_state
                0x00026c08        0xc zephyr/modules/nrf/subsys/net/lib/nrf_cloud/lib..__nrf__subsys__net__lib__nrf_cloud.a(nrf_cloud.c.obj)
                0x00026c08                nfsm_get_current_state
 .text.nfsm_set_current_state_and_notify
                0x00026c14       0x58 zephyr/modules/nrf/subsys/net/lib/nrf_cloud/lib..__nrf__subsys__net__lib__nrf_cloud.a(nrf_cloud.c.obj)
                0x00026c14                nfsm_set_current_state_and_notify
 .text.nrf_cloud_init
                0x00026c6c       0x40 zephyr/modules/nrf/subsys/net/lib/nrf_cloud/lib..__nrf__subsys__net__lib__nrf_cloud.a(nrf_cloud.c.obj)
                0x00026c6c                nrf_cloud_init
 .text.init     0x00026cac       0x28 zephyr/modules/nrf/subsys/net/lib/nrf_cloud/lib..__nrf__subsys__net__lib__nrf_cloud.a(nrf_cloud.c.obj)
 .text.nrf_cloud_connect
                0x00026cd4       0x18 zephyr/modules/nrf/subsys/net/lib/nrf_cloud/lib..__nrf__subsys__net__lib__nrf_cloud.a(nrf_cloud.c.obj)
                0x00026cd4                nrf_cloud_connect
 .text.nrf_cloud_disconnect
                0x00026cec       0x18 zephyr/modules/nrf/subsys/net/lib/nrf_cloud/lib..__nrf__subsys__net__lib__nrf_cloud.a(nrf_cloud.c.obj)
                0x00026cec                nrf_cloud_disconnect
 .text.nrf_cloud_user_associate
                0x00026d04       0x54 zephyr/modules/nrf/subsys/net/lib/nrf_cloud/lib..__nrf__subsys__net__lib__nrf_cloud.a(nrf_cloud.c.obj)
                0x00026d04                nrf_cloud_user_associate
 .text.send     0x00026d58      0x124 zephyr/modules/nrf/subsys/net/lib/nrf_cloud/lib..__nrf__subsys__net__lib__nrf_cloud.a(nrf_cloud.c.obj)
 .text.nct_input
                0x00026e7c        0xc zephyr/modules/nrf/subsys/net/lib/nrf_cloud/lib..__nrf__subsys__net__lib__nrf_cloud.a(nrf_cloud.c.obj)
                0x00026e7c                nct_input
 .text.nct_apply_update
                0x00026e88       0x10 zephyr/modules/nrf/subsys/net/lib/nrf_cloud/lib..__nrf__subsys__net__lib__nrf_cloud.a(nrf_cloud.c.obj)
                0x00026e88                nct_apply_update
 .text.encode_ua_button_sequence
                0x00026e98       0x88 zephyr/modules/nrf/subsys/net/lib/nrf_cloud/lib..__nrf__subsys__net__lib__nrf_cloud.a(nrf_cloud_codec.c.obj)
 .text.nrf_cloud_encode_ua
                0x00026f20      0x1c0 zephyr/modules/nrf/subsys/net/lib/nrf_cloud/lib..__nrf__subsys__net__lib__nrf_cloud.a(nrf_cloud_codec.c.obj)
                0x00026f20                nrf_cloud_encode_ua
 .text.nrf_cloud_decode_requested_state
                0x000270e0      0x1c0 zephyr/modules/nrf/subsys/net/lib/nrf_cloud/lib..__nrf__subsys__net__lib__nrf_cloud.a(nrf_cloud_codec.c.obj)
                0x000270e0                nrf_cloud_decode_requested_state
 .text.nrf_cloud_encode_state
                0x000272a0      0x2b8 zephyr/modules/nrf/subsys/net/lib/nrf_cloud/lib..__nrf__subsys__net__lib__nrf_cloud.a(nrf_cloud_codec.c.obj)
                0x000272a0                nrf_cloud_encode_state
 .text.nrf_cloud_decode_data_endpoint
                0x00027558      0x188 zephyr/modules/nrf/subsys/net/lib/nrf_cloud/lib..__nrf__subsys__net__lib__nrf_cloud.a(nrf_cloud_codec.c.obj)
                0x00027558                nrf_cloud_decode_data_endpoint
 .text.drop_event_handler
                0x000276e0       0x3c zephyr/modules/nrf/subsys/net/lib/nrf_cloud/lib..__nrf__subsys__net__lib__nrf_cloud.a(nrf_cloud_fsm.c.obj)
 .text.state_ua_initiate
                0x0002771c       0x70 zephyr/modules/nrf/subsys/net/lib/nrf_cloud/lib..__nrf__subsys__net__lib__nrf_cloud.a(nrf_cloud_fsm.c.obj)
 .text.state_ua_pin_wait
                0x0002778c       0xac zephyr/modules/nrf/subsys/net/lib/nrf_cloud/lib..__nrf__subsys__net__lib__nrf_cloud.a(nrf_cloud_fsm.c.obj)
 .text.initiate_cmd_handler
                0x00027838       0x60 zephyr/modules/nrf/subsys/net/lib/nrf_cloud/lib..__nrf__subsys__net__lib__nrf_cloud.a(nrf_cloud_fsm.c.obj)
 .text.state_ua_pin_complete
                0x00027898       0xb0 zephyr/modules/nrf/subsys/net/lib/nrf_cloud/lib..__nrf__subsys__net__lib__nrf_cloud.a(nrf_cloud_fsm.c.obj)
 .text.state_ua_input_wait
                0x00027948       0x84 zephyr/modules/nrf/subsys/net/lib/nrf_cloud/lib..__nrf__subsys__net__lib__nrf_cloud.a(nrf_cloud_fsm.c.obj)
 .text.state_ua_complete
                0x000279cc       0x84 zephyr/modules/nrf/subsys/net/lib/nrf_cloud/lib..__nrf__subsys__net__lib__nrf_cloud.a(nrf_cloud_fsm.c.obj)
 .text.initiate_n_complete_request_handler
                0x00027a50       0xf0 zephyr/modules/nrf/subsys/net/lib/nrf_cloud/lib..__nrf__subsys__net__lib__nrf_cloud.a(nrf_cloud_fsm.c.obj)
 .text.all_ua_request_handler
                0x00027b40      0x1a8 zephyr/modules/nrf/subsys/net/lib/nrf_cloud/lib..__nrf__subsys__net__lib__nrf_cloud.a(nrf_cloud_fsm.c.obj)
 .text.cc_connection_handler
                0x00027ce8       0x50 zephyr/modules/nrf/subsys/net/lib/nrf_cloud/lib..__nrf__subsys__net__lib__nrf_cloud.a(nrf_cloud_fsm.c.obj)
 .text.initiate_cmd_in_dc_conn_handler
                0x00027d38       0x68 zephyr/modules/nrf/subsys/net/lib/nrf_cloud/lib..__nrf__subsys__net__lib__nrf_cloud.a(nrf_cloud_fsm.c.obj)
 .text.nfsm_handle_incoming_event
                0x00027da0       0x80 zephyr/modules/nrf/subsys/net/lib/nrf_cloud/lib..__nrf__subsys__net__lib__nrf_cloud.a(nrf_cloud_fsm.c.obj)
                0x00027da0                nfsm_handle_incoming_event
 .text.dc_endpoint_reset
                0x00027e20       0x18 zephyr/modules/nrf/subsys/net/lib/nrf_cloud/lib..__nrf__subsys__net__lib__nrf_cloud.a(nrf_cloud_transport.c.obj)
 .text.dc_send  0x00027e38       0x74 zephyr/modules/nrf/subsys/net/lib/nrf_cloud/lib..__nrf__subsys__net__lib__nrf_cloud.a(nrf_cloud_transport.c.obj)
 .text.dc_endpoint_free
                0x00027eac       0x30 zephyr/modules/nrf/subsys/net/lib/nrf_cloud/lib..__nrf__subsys__net__lib__nrf_cloud.a(nrf_cloud_transport.c.obj)
 .text.aws_fota_cb_handler
                0x00027edc       0x6c zephyr/modules/nrf/subsys/net/lib/nrf_cloud/lib..__nrf__subsys__net__lib__nrf_cloud.a(nrf_cloud_transport.c.obj)
 .text.nct_mqtt_evt_handler
                0x00027f48      0x2e4 zephyr/modules/nrf/subsys/net/lib/nrf_cloud/lib..__nrf__subsys__net__lib__nrf_cloud.a(nrf_cloud_transport.c.obj)
 .text.nct_mqtt_connect
                0x0002822c       0xc4 zephyr/modules/nrf/subsys/net/lib/nrf_cloud/lib..__nrf__subsys__net__lib__nrf_cloud.a(nrf_cloud_transport.c.obj)
                0x0002822c                nct_mqtt_connect
 .text.nct_init
                0x000282f0      0x2b8 zephyr/modules/nrf/subsys/net/lib/nrf_cloud/lib..__nrf__subsys__net__lib__nrf_cloud.a(nrf_cloud_transport.c.obj)
                0x000282f0                nct_init
 .text.nct_connect
                0x000285a8      0x170 zephyr/modules/nrf/subsys/net/lib/nrf_cloud/lib..__nrf__subsys__net__lib__nrf_cloud.a(nrf_cloud_transport.c.obj)
                0x000285a8                nct_connect
 .text.nct_cc_connect
                0x00028718       0x58 zephyr/modules/nrf/subsys/net/lib/nrf_cloud/lib..__nrf__subsys__net__lib__nrf_cloud.a(nrf_cloud_transport.c.obj)
                0x00028718                nct_cc_connect
 .text.nct_cc_send
                0x00028770      0x10c zephyr/modules/nrf/subsys/net/lib/nrf_cloud/lib..__nrf__subsys__net__lib__nrf_cloud.a(nrf_cloud_transport.c.obj)
                0x00028770                nct_cc_send
 .text.nct_dc_endpoint_set
                0x0002887c       0x6c zephyr/modules/nrf/subsys/net/lib/nrf_cloud/lib..__nrf__subsys__net__lib__nrf_cloud.a(nrf_cloud_transport.c.obj)
                0x0002887c                nct_dc_endpoint_set
 .text.nct_dc_endpoint_get
                0x000288e8       0x68 zephyr/modules/nrf/subsys/net/lib/nrf_cloud/lib..__nrf__subsys__net__lib__nrf_cloud.a(nrf_cloud_transport.c.obj)
                0x000288e8                nct_dc_endpoint_get
 .text.nct_dc_connect
                0x00028950       0x68 zephyr/modules/nrf/subsys/net/lib/nrf_cloud/lib..__nrf__subsys__net__lib__nrf_cloud.a(nrf_cloud_transport.c.obj)
                0x00028950                nct_dc_connect
 .text.nct_dc_disconnect
                0x000289b8       0x58 zephyr/modules/nrf/subsys/net/lib/nrf_cloud/lib..__nrf__subsys__net__lib__nrf_cloud.a(nrf_cloud_transport.c.obj)
                0x000289b8                nct_dc_disconnect
 .text.nct_disconnect
                0x00028a10       0x48 zephyr/modules/nrf/subsys/net/lib/nrf_cloud/lib..__nrf__subsys__net__lib__nrf_cloud.a(nrf_cloud_transport.c.obj)
                0x00028a10                nct_disconnect
 .text.nct_process
                0x00028a58       0x18 zephyr/modules/nrf/subsys/net/lib/nrf_cloud/lib..__nrf__subsys__net__lib__nrf_cloud.a(nrf_cloud_transport.c.obj)
                0x00028a58                nct_process
 .text.nct_socket_get
                0x00028a70        0xc zephyr/modules/nrf/subsys/net/lib/nrf_cloud/lib..__nrf__subsys__net__lib__nrf_cloud.a(nrf_cloud_transport.c.obj)
                0x00028a70                nct_socket_get
 .text.fragment_evt_send
                0x00028a7c       0x8c zephyr/modules/nrf/subsys/net/lib/download_client/lib..__nrf__subsys__net__lib__download_client.a(download_client.c.obj)
 .text.setsockopt
                0x00028b08       0x70 zephyr/modules/nrf/subsys/net/lib/download_client/lib..__nrf__subsys__net__lib__download_client.a(download_client.c.obj)
 .text.close    0x00028b78       0x58 zephyr/modules/nrf/subsys/net/lib/download_client/lib..__nrf__subsys__net__lib__download_client.a(download_client.c.obj)
 .text.get_request_send
                0x00028bd0      0x19c zephyr/modules/nrf/subsys/net/lib/download_client/lib..__nrf__subsys__net__lib__download_client.a(download_client.c.obj)
 .text.download_client_init
                0x00028d6c       0x54 zephyr/modules/nrf/subsys/net/lib/download_client/lib..__nrf__subsys__net__lib__download_client.a(download_client.c.obj)
                0x00028d6c                download_client_init
 .text.download_client_connect
                0x00028dc0      0x384 zephyr/modules/nrf/subsys/net/lib/download_client/lib..__nrf__subsys__net__lib__download_client.a(download_client.c.obj)
                0x00028dc0                download_client_connect
 .text.download_client_disconnect
                0x00029144       0x60 zephyr/modules/nrf/subsys/net/lib/download_client/lib..__nrf__subsys__net__lib__download_client.a(download_client.c.obj)
                0x00029144                download_client_disconnect
 .text.reconnect
                0x000291a4       0x50 zephyr/modules/nrf/subsys/net/lib/download_client/lib..__nrf__subsys__net__lib__download_client.a(download_client.c.obj)
 .text.download_thread
                0x000291f4      0x3fc zephyr/modules/nrf/subsys/net/lib/download_client/lib..__nrf__subsys__net__lib__download_client.a(download_client.c.obj)
                0x000291f4                download_thread
 .text.download_client_start
                0x000295f0       0x84 zephyr/modules/nrf/subsys/net/lib/download_client/lib..__nrf__subsys__net__lib__download_client.a(download_client.c.obj)
                0x000295f0                download_client_start
 .text.download_with_offset
                0x00029674       0x78 zephyr/modules/nrf/subsys/net/lib/fota_download/lib..__nrf__subsys__net__lib__fota_download.a(fota_download.c.obj)
 .text.download_client_callback
                0x000296ec      0x1e8 zephyr/modules/nrf/subsys/net/lib/fota_download/lib..__nrf__subsys__net__lib__fota_download.a(fota_download.c.obj)
 .text.fota_download_start
                0x000298d4       0x50 zephyr/modules/nrf/subsys/net/lib/fota_download/lib..__nrf__subsys__net__lib__fota_download.a(fota_download.c.obj)
                0x000298d4                fota_download_start
 .text.fota_download_init
                0x00029924       0x38 zephyr/modules/nrf/subsys/net/lib/fota_download/lib..__nrf__subsys__net__lib__fota_download.a(fota_download.c.obj)
                0x00029924                fota_download_init
 .text.construct_topic
                0x0002995c       0xf8 zephyr/modules/nrf/subsys/net/lib/aws_jobs/lib..__nrf__subsys__net__lib__aws_jobs.a(aws_jobs.c.obj)
 .text.reg_topic
                0x00029a54       0xb0 zephyr/modules/nrf/subsys/net/lib/aws_jobs/lib..__nrf__subsys__net__lib__aws_jobs.a(aws_jobs.c.obj)
 .text.publish  0x00029b04       0xbc zephyr/modules/nrf/subsys/net/lib/aws_jobs/lib..__nrf__subsys__net__lib__aws_jobs.a(aws_jobs.c.obj)
 .text.aws_jobs_subscribe_topic_notify_next
                0x00029bc0       0x1c zephyr/modules/nrf/subsys/net/lib/aws_jobs/lib..__nrf__subsys__net__lib__aws_jobs.a(aws_jobs.c.obj)
                0x00029bc0                aws_jobs_subscribe_topic_notify_next
 .text.aws_jobs_unsubscribe_topic_notify_next
                0x00029bdc       0x1c zephyr/modules/nrf/subsys/net/lib/aws_jobs/lib..__nrf__subsys__net__lib__aws_jobs.a(aws_jobs.c.obj)
                0x00029bdc                aws_jobs_unsubscribe_topic_notify_next
 .text.aws_jobs_subscribe_topic_get
                0x00029bf8       0x1c zephyr/modules/nrf/subsys/net/lib/aws_jobs/lib..__nrf__subsys__net__lib__aws_jobs.a(aws_jobs.c.obj)
                0x00029bf8                aws_jobs_subscribe_topic_get
 .text.aws_jobs_subscribe_topic_update
                0x00029c14       0x1c zephyr/modules/nrf/subsys/net/lib/aws_jobs/lib..__nrf__subsys__net__lib__aws_jobs.a(aws_jobs.c.obj)
                0x00029c14                aws_jobs_subscribe_topic_update
 .text.aws_jobs_update_job_execution
                0x00029c30       0xcc zephyr/modules/nrf/subsys/net/lib/aws_jobs/lib..__nrf__subsys__net__lib__aws_jobs.a(aws_jobs.c.obj)
                0x00029c30                aws_jobs_update_job_execution
 .text.aws_jobs_get_job_execution
                0x00029cfc       0x2c zephyr/modules/nrf/subsys/net/lib/aws_jobs/lib..__nrf__subsys__net__lib__aws_jobs.a(aws_jobs.c.obj)
                0x00029cfc                aws_jobs_get_job_execution
 .text.update_job_execution.constprop.0
                0x00029d28       0xd4 zephyr/modules/nrf/subsys/net/lib/aws_fota/lib..__nrf__subsys__net__lib__aws_fota.a(aws_fota.c.obj)
 .text.http_fota_handler
                0x00029dfc       0xc8 zephyr/modules/nrf/subsys/net/lib/aws_fota/lib..__nrf__subsys__net__lib__aws_fota.a(aws_fota.c.obj)
 .text.get_published_payload.constprop.1
                0x00029ec4       0x40 zephyr/modules/nrf/subsys/net/lib/aws_fota/lib..__nrf__subsys__net__lib__aws_fota.a(aws_fota.c.obj)
 .text.aws_fota_mqtt_evt_handler
                0x00029f04      0x4f4 zephyr/modules/nrf/subsys/net/lib/aws_fota/lib..__nrf__subsys__net__lib__aws_fota.a(aws_fota.c.obj)
                0x00029f04                aws_fota_mqtt_evt_handler
 .text.aws_fota_init
                0x0002a3f8       0x84 zephyr/modules/nrf/subsys/net/lib/aws_fota/lib..__nrf__subsys__net__lib__aws_fota.a(aws_fota.c.obj)
                0x0002a3f8                aws_fota_init
 .text.aws_fota_parse_notify_next_document
                0x0002a47c       0x48 zephyr/modules/nrf/subsys/net/lib/aws_fota/lib..__nrf__subsys__net__lib__aws_fota.a(aws_fota_json.c.obj)
                0x0002a47c                aws_fota_parse_notify_next_document
 .text.dfu_target_img_type
                0x0002a4c4       0x5c zephyr/modules/nrf/subsys/dfu/lib..__nrf__subsys__dfu.a(dfu_target.c.obj)
                0x0002a4c4                dfu_target_img_type
 .text.dfu_target_init
                0x0002a520       0x6c zephyr/modules/nrf/subsys/dfu/lib..__nrf__subsys__dfu.a(dfu_target.c.obj)
                0x0002a520                dfu_target_init
 .text.dfu_target_offset_get
                0x0002a58c       0x14 zephyr/modules/nrf/subsys/dfu/lib..__nrf__subsys__dfu.a(dfu_target.c.obj)
                0x0002a58c                dfu_target_offset_get
 .text.dfu_target_write
                0x0002a5a0       0x18 zephyr/modules/nrf/subsys/dfu/lib..__nrf__subsys__dfu.a(dfu_target.c.obj)
                0x0002a5a0                dfu_target_write
 .text.dfu_target_done
                0x0002a5b8       0x54 zephyr/modules/nrf/subsys/dfu/lib..__nrf__subsys__dfu.a(dfu_target.c.obj)
                0x0002a5b8                dfu_target_done
 .text.getsockopt.constprop.2
                0x0002a60c       0x70 zephyr/modules/nrf/subsys/dfu/lib..__nrf__subsys__dfu.a(dfu_target_modem.c.obj)
 .text.get_modem_error
                0x0002a67c       0x5c zephyr/modules/nrf/subsys/dfu/lib..__nrf__subsys__dfu.a(dfu_target_modem.c.obj)
 .text.setsockopt.constprop.3
                0x0002a6d8       0x70 zephyr/modules/nrf/subsys/dfu/lib..__nrf__subsys__dfu.a(dfu_target_modem.c.obj)
 .text.delete_banked_modem_fw
                0x0002a748       0xf0 zephyr/modules/nrf/subsys/dfu/lib..__nrf__subsys__dfu.a(dfu_target_modem.c.obj)
 .text.dfu_target_modem_identify
                0x0002a838       0x10 zephyr/modules/nrf/subsys/dfu/lib..__nrf__subsys__dfu.a(dfu_target_modem.c.obj)
                0x0002a838                dfu_target_modem_identify
 .text.dfu_target_modem_init
                0x0002a848      0x1f8 zephyr/modules/nrf/subsys/dfu/lib..__nrf__subsys__dfu.a(dfu_target_modem.c.obj)
                0x0002a848                dfu_target_modem_init
 .text.dfu_target_modem_offset_get
                0x0002aa40       0x10 zephyr/modules/nrf/subsys/dfu/lib..__nrf__subsys__dfu.a(dfu_target_modem.c.obj)
                0x0002aa40                dfu_target_modem_offset_get
 .text.dfu_target_modem_write
                0x0002aa50       0xe4 zephyr/modules/nrf/subsys/dfu/lib..__nrf__subsys__dfu.a(dfu_target_modem.c.obj)
                0x0002aa50                dfu_target_modem_write
 .text.dfu_target_modem_done
                0x0002ab34      0x128 zephyr/modules/nrf/subsys/dfu/lib..__nrf__subsys__dfu.a(dfu_target_modem.c.obj)
                0x0002ab34                dfu_target_modem_done
 .text.dfu_target_mcuboot_identify
                0x0002ac5c       0x10 zephyr/modules/nrf/subsys/dfu/lib..__nrf__subsys__dfu.a(dfu_target_mcuboot.c.obj)
                0x0002ac5c                dfu_target_mcuboot_identify
 .text.dfu_target_mcuboot_init
                0x0002ac6c       0x80 zephyr/modules/nrf/subsys/dfu/lib..__nrf__subsys__dfu.a(dfu_target_mcuboot.c.obj)
                0x0002ac6c                dfu_target_mcuboot_init
 .text.dfu_target_mcuboot_offset_get
                0x0002acec       0x10 zephyr/modules/nrf/subsys/dfu/lib..__nrf__subsys__dfu.a(dfu_target_mcuboot.c.obj)
                0x0002acec                dfu_target_mcuboot_offset_get
 .text.dfu_target_mcuboot_write
                0x0002acfc       0x58 zephyr/modules/nrf/subsys/dfu/lib..__nrf__subsys__dfu.a(dfu_target_mcuboot.c.obj)
                0x0002acfc                dfu_target_mcuboot_write
 .text.dfu_target_mcuboot_done
                0x0002ad54       0xa8 zephyr/modules/nrf/subsys/dfu/lib..__nrf__subsys__dfu.a(dfu_target_mcuboot.c.obj)
                0x0002ad54                dfu_target_mcuboot_done
 .text.abi_getter
                0x0002adfc       0x4c zephyr/modules/nrf/subsys/fw_info/lib..__nrf__subsys__fw_info.a(fw_info.c.obj)
                0x0002adfc                abi_getter
 .text.close    0x0002ae48       0x58 zephyr/modules/nrf/drivers/at_cmd/lib..__nrf__drivers__at_cmd.a(at_cmd.c.obj)
 .text.callback_worker
                0x0002aea0       0x20 zephyr/modules/nrf/drivers/at_cmd/lib..__nrf__drivers__at_cmd.a(at_cmd.c.obj)
 .text.open_socket
                0x0002aec0       0x74 zephyr/modules/nrf/drivers/at_cmd/lib..__nrf__drivers__at_cmd.a(at_cmd.c.obj)
 .text.at_write
                0x0002af34      0x104 zephyr/modules/nrf/drivers/at_cmd/lib..__nrf__drivers__at_cmd.a(at_cmd.c.obj)
 .text.socket_thread_fn
                0x0002b038      0x2d8 zephyr/modules/nrf/drivers/at_cmd/lib..__nrf__drivers__at_cmd.a(at_cmd.c.obj)
 .text.at_cmd_driver_init
                0x0002b310       0x6c zephyr/modules/nrf/drivers/at_cmd/lib..__nrf__drivers__at_cmd.a(at_cmd.c.obj)
 .text.at_cmd_write
                0x0002b37c       0x44 zephyr/modules/nrf/drivers/at_cmd/lib..__nrf__drivers__at_cmd.a(at_cmd.c.obj)
                0x0002b37c                at_cmd_write
 .text.at_cmd_set_notification_handler
                0x0002b3c0       0x28 zephyr/modules/nrf/drivers/at_cmd/lib..__nrf__drivers__at_cmd.a(at_cmd.c.obj)
                0x0002b3c0                at_cmd_set_notification_handler
 .text.w_lte_lc_init
                0x0002b3e8       0x88 zephyr/modules/nrf/drivers/lte_link_control/lib..__nrf__drivers__lte_link_control.a(lte_lc.c.obj)
 .text.parse_nw_reg_status
                0x0002b470      0x17c zephyr/modules/nrf/drivers/lte_link_control/lib..__nrf__drivers__lte_link_control.a(lte_lc.c.obj)
 .text.at_handler
                0x0002b5ec       0x80 zephyr/modules/nrf/drivers/lte_link_control/lib..__nrf__drivers__lte_link_control.a(lte_lc.c.obj)
                0x0002b5ec                at_handler
 .text.w_lte_lc_connect
                0x0002b66c      0x14c zephyr/modules/nrf/drivers/lte_link_control/lib..__nrf__drivers__lte_link_control.a(lte_lc.c.obj)
 .text.lte_lc_power_off
                0x0002b7b8       0x1c zephyr/modules/nrf/drivers/lte_link_control/lib..__nrf__drivers__lte_link_control.a(lte_lc.c.obj)
                0x0002b7b8                lte_lc_power_off
 .text.lte_lc_psm_req
                0x0002b7d4       0x2c zephyr/modules/nrf/drivers/lte_link_control/lib..__nrf__drivers__lte_link_control.a(lte_lc.c.obj)
                0x0002b7d4                lte_lc_psm_req
 .text.sensor_sim_channel_get
                0x0002b800       0x80 zephyr/modules/nrf/drivers/sensor/sensor_sim/lib..__nrf__drivers__sensor__sensor_sim.a(sensor_sim.c.obj)
 .text.sensor_sim_trigger_set
                0x0002b880       0x48 zephyr/modules/nrf/drivers/sensor/sensor_sim/lib..__nrf__drivers__sensor__sensor_sim.a(sensor_sim.c.obj)
 .text.generate_sine.constprop.2
                0x0002b8c8       0x3c zephyr/modules/nrf/drivers/sensor/sensor_sim/lib..__nrf__drivers__sensor__sensor_sim.a(sensor_sim.c.obj)
 .text.sensor_sim_init
                0x0002b904       0x3c zephyr/modules/nrf/drivers/sensor/sensor_sim/lib..__nrf__drivers__sensor__sensor_sim.a(sensor_sim.c.obj)
 .text.start    0x0002b940      0x468 zephyr/modules/nrf/drivers/nrf9160_gps/lib..__nrf__drivers__nrf9160_gps.a(nrf9160_gps.c.obj)
 .text.channel_get
                0x0002bda8       0x44 zephyr/modules/nrf/drivers/nrf9160_gps/lib..__nrf__drivers__nrf9160_gps.a(nrf9160_gps.c.obj)
 .text.trigger_set
                0x0002bdec       0x60 zephyr/modules/nrf/drivers/nrf9160_gps/lib..__nrf__drivers__nrf9160_gps.a(nrf9160_gps.c.obj)
 .text.gps_thread
                0x0002be4c      0x434 zephyr/modules/nrf/drivers/nrf9160_gps/lib..__nrf__drivers__nrf9160_gps.a(nrf9160_gps.c.obj)
 .text.stop     0x0002c280       0x80 zephyr/modules/nrf/drivers/nrf9160_gps/lib..__nrf__drivers__nrf9160_gps.a(nrf9160_gps.c.obj)
 .text.init     0x0002c300      0x130 zephyr/modules/nrf/drivers/nrf9160_gps/lib..__nrf__drivers__nrf9160_gps.a(nrf9160_gps.c.obj)
 .text.ip_client_event_handler
                0x0002c430        0xc C:/ncs.sojkk/nrfxlib/bsdlib/lib/cortex-m33/hard-float/libbsd_nrf9160_xxaa.a(obfuscated.elf)
 .text.rpc_ip_client_init
                0x0002c43c        0xc C:/ncs.sojkk/nrfxlib/bsdlib/lib/cortex-m33/hard-float/libbsd_nrf9160_xxaa.a(obfuscated.elf)
                0x0002c43c                rpc_ip_client_init
 .text.rpc_ip_client_request_alloc
                0x0002c448       0x28 C:/ncs.sojkk/nrfxlib/bsdlib/lib/cortex-m33/hard-float/libbsd_nrf9160_xxaa.a(obfuscated.elf)
                0x0002c448                rpc_ip_client_request_alloc
 .text.rpc_ip_client_request_send
                0x0002c470       0x2c C:/ncs.sojkk/nrfxlib/bsdlib/lib/cortex-m33/hard-float/libbsd_nrf9160_xxaa.a(obfuscated.elf)
                0x0002c470                rpc_ip_client_request_send
 .text.rpc_ip_client_message_free
                0x0002c49c       0x10 C:/ncs.sojkk/nrfxlib/bsdlib/lib/cortex-m33/hard-float/libbsd_nrf9160_xxaa.a(obfuscated.elf)
                0x0002c49c                rpc_ip_client_message_free
 .text.rpc_ip_client_data_free
                0x0002c4ac       0x10 C:/ncs.sojkk/nrfxlib/bsdlib/lib/cortex-m33/hard-float/libbsd_nrf9160_xxaa.a(obfuscated.elf)
                0x0002c4ac                rpc_ip_client_data_free
 .text.mbedtls_asn1_write_len.part.0
                0x0002c4bc       0xc0 C:/ncs.sojkk/nrfxlib/bsdlib/lib/cortex-m33/hard-float/libbsd_nrf9160_xxaa.a(obfuscated.elf)
 .text.mbedtls_asn1_write_len
                0x0002c57c       0xf4 C:/ncs.sojkk/nrfxlib/bsdlib/lib/cortex-m33/hard-float/libbsd_nrf9160_xxaa.a(obfuscated.elf)
                0x0002c57c                symbol_000646e
 .text.mbedtls_asn1_write_tag
                0x0002c670       0x1c C:/ncs.sojkk/nrfxlib/bsdlib/lib/cortex-m33/hard-float/libbsd_nrf9160_xxaa.a(obfuscated.elf)
                0x0002c670                symbol_00036c0
 .text.mbedtls_asn1_write_oid
                0x0002c68c       0x90 C:/ncs.sojkk/nrfxlib/bsdlib/lib/cortex-m33/hard-float/libbsd_nrf9160_xxaa.a(obfuscated.elf)
                0x0002c68c                symbol_0008475
 .text.mbedtls_asn1_write_algorithm_identifier
                0x0002c71c      0x12c C:/ncs.sojkk/nrfxlib/bsdlib/lib/cortex-m33/hard-float/libbsd_nrf9160_xxaa.a(obfuscated.elf)
                0x0002c71c                symbol_0002662
 .text.mbedtls_pk_write_pubkey_pem
                0x0002c848      0x158 C:/ncs.sojkk/nrfxlib/bsdlib/lib/cortex-m33/hard-float/libbsd_nrf9160_xxaa.a(obfuscated.elf)
                0x0002c848                symbol_0005bf5
 .text.authenticated_atcmd_init
                0x0002c9a0      0x104 C:/ncs.sojkk/nrfxlib/bsdlib/lib/cortex-m33/hard-float/libbsd_nrf9160_xxaa.a(obfuscated.elf)
                0x0002c9a0                authenticated_atcmd_init
 .text.authenticated_atcmd_shutdown
                0x0002caa4        0xc C:/ncs.sojkk/nrfxlib/bsdlib/lib/cortex-m33/hard-float/libbsd_nrf9160_xxaa.a(obfuscated.elf)
                0x0002caa4                authenticated_atcmd_shutdown
 .text.gnss_client_event_handler
                0x0002cab0        0xc C:/ncs.sojkk/nrfxlib/bsdlib/lib/cortex-m33/hard-float/libbsd_nrf9160_xxaa.a(obfuscated.elf)
 .text.rpc_gnss_client_init
                0x0002cabc        0xc C:/ncs.sojkk/nrfxlib/bsdlib/lib/cortex-m33/hard-float/libbsd_nrf9160_xxaa.a(obfuscated.elf)
                0x0002cabc                rpc_gnss_client_init
 .text.rpc_gnss_client_request_alloc
                0x0002cac8       0x28 C:/ncs.sojkk/nrfxlib/bsdlib/lib/cortex-m33/hard-float/libbsd_nrf9160_xxaa.a(obfuscated.elf)
                0x0002cac8                rpc_gnss_client_request_alloc
 .text.rpc_gnss_client_request_send
                0x0002caf0       0x2c C:/ncs.sojkk/nrfxlib/bsdlib/lib/cortex-m33/hard-float/libbsd_nrf9160_xxaa.a(obfuscated.elf)
                0x0002caf0                rpc_gnss_client_request_send
 .text.rpc_gnss_client_message_free
                0x0002cb1c       0x10 C:/ncs.sojkk/nrfxlib/bsdlib/lib/cortex-m33/hard-float/libbsd_nrf9160_xxaa.a(obfuscated.elf)
                0x0002cb1c                rpc_gnss_client_message_free
 .text.rpc_gnss_client_data_free
                0x0002cb2c       0x10 C:/ncs.sojkk/nrfxlib/bsdlib/lib/cortex-m33/hard-float/libbsd_nrf9160_xxaa.a(obfuscated.elf)
                0x0002cb2c                rpc_gnss_client_data_free
 .text.eckey_can_do
                0x0002cb3c        0xc C:/ncs.sojkk/nrfxlib/bsdlib/lib/cortex-m33/hard-float/libbsd_nrf9160_xxaa.a(obfuscated.elf)
 .text.eckey_get_bitlen
                0x0002cb48        0x4 C:/ncs.sojkk/nrfxlib/bsdlib/lib/cortex-m33/hard-float/libbsd_nrf9160_xxaa.a(obfuscated.elf)
 .text.eckey_debug
                0x0002cb4c       0x14 C:/ncs.sojkk/nrfxlib/bsdlib/lib/cortex-m33/hard-float/libbsd_nrf9160_xxaa.a(obfuscated.elf)
 .text.eckeydh_can_do
                0x0002cb60        0xc C:/ncs.sojkk/nrfxlib/bsdlib/lib/cortex-m33/hard-float/libbsd_nrf9160_xxaa.a(obfuscated.elf)
 .text.eckey_free_wrap
                0x0002cb6c       0x14 C:/ncs.sojkk/nrfxlib/bsdlib/lib/cortex-m33/hard-float/libbsd_nrf9160_xxaa.a(obfuscated.elf)
 .text.eckey_alloc_wrap
                0x0002cb80       0x18 C:/ncs.sojkk/nrfxlib/bsdlib/lib/cortex-m33/hard-float/libbsd_nrf9160_xxaa.a(obfuscated.elf)
 .text.eckey_check_pair
                0x0002cb98        0x4 C:/ncs.sojkk/nrfxlib/bsdlib/lib/cortex-m33/hard-float/libbsd_nrf9160_xxaa.a(obfuscated.elf)
 .text.mbedtls_base64_encode
                0x0002cb9c      0x120 C:/ncs.sojkk/nrfxlib/bsdlib/lib/cortex-m33/hard-float/libbsd_nrf9160_xxaa.a(obfuscated.elf)
                0x0002cb9c                symbol_0005c7f
 .text.packet_free_cb
                0x0002ccbc       0x38 C:/ncs.sojkk/nrfxlib/bsdlib/lib/cortex-m33/hard-float/libbsd_nrf9160_xxaa.a(obfuscated.elf)
 .text.at_interface_write
                0x0002ccf4       0xa8 C:/ncs.sojkk/nrfxlib/bsdlib/lib/cortex-m33/hard-float/libbsd_nrf9160_xxaa.a(obfuscated.elf)
                0x0002ccf4                at_interface_write
 .text.at_interface_init
                0x0002cd9c        0x4 C:/ncs.sojkk/nrfxlib/bsdlib/lib/cortex-m33/hard-float/libbsd_nrf9160_xxaa.a(obfuscated.elf)
                0x0002cd9c                at_interface_init
 .text.at_interface_open
                0x0002cda0       0x94 C:/ncs.sojkk/nrfxlib/bsdlib/lib/cortex-m33/hard-float/libbsd_nrf9160_xxaa.a(obfuscated.elf)
                0x0002cda0                at_interface_open
 .text.at_interface_close
                0x0002ce34       0x90 C:/ncs.sojkk/nrfxlib/bsdlib/lib/cortex-m33/hard-float/libbsd_nrf9160_xxaa.a(obfuscated.elf)
                0x0002ce34                at_interface_close
 .text.at_interface_read
                0x0002cec4       0xb8 C:/ncs.sojkk/nrfxlib/bsdlib/lib/cortex-m33/hard-float/libbsd_nrf9160_xxaa.a(obfuscated.elf)
                0x0002cec4                at_interface_read
 .text.at_interface_getopt
                0x0002cf7c        0x4 C:/ncs.sojkk/nrfxlib/bsdlib/lib/cortex-m33/hard-float/libbsd_nrf9160_xxaa.a(obfuscated.elf)
                0x0002cf7c                at_interface_getopt
 .text.at_interface_setopt
                0x0002cf80        0x4 C:/ncs.sojkk/nrfxlib/bsdlib/lib/cortex-m33/hard-float/libbsd_nrf9160_xxaa.a(obfuscated.elf)
                0x0002cf80                at_interface_setopt
 .text.rpc_at_event_handler
                0x0002cf84       0xa4 C:/ncs.sojkk/nrfxlib/bsdlib/lib/cortex-m33/hard-float/libbsd_nrf9160_xxaa.a(obfuscated.elf)
                0x0002cf84                rpc_at_event_handler
 .text.at_client_evt_handler
                0x0002d028       0x10 C:/ncs.sojkk/nrfxlib/bsdlib/lib/cortex-m33/hard-float/libbsd_nrf9160_xxaa.a(obfuscated.elf)
 .text.rpc_at_client_init
                0x0002d038        0xc C:/ncs.sojkk/nrfxlib/bsdlib/lib/cortex-m33/hard-float/libbsd_nrf9160_xxaa.a(obfuscated.elf)
                0x0002d038                rpc_at_client_init
 .text.rpc_at_client_request_alloc
                0x0002d044       0x28 C:/ncs.sojkk/nrfxlib/bsdlib/lib/cortex-m33/hard-float/libbsd_nrf9160_xxaa.a(obfuscated.elf)
                0x0002d044                rpc_at_client_request_alloc
 .text.rpc_at_client_request_send
                0x0002d06c       0x1c C:/ncs.sojkk/nrfxlib/bsdlib/lib/cortex-m33/hard-float/libbsd_nrf9160_xxaa.a(obfuscated.elf)
                0x0002d06c                rpc_at_client_request_send
 .text.rpc_at_client_message_free
                0x0002d088       0x10 C:/ncs.sojkk/nrfxlib/bsdlib/lib/cortex-m33/hard-float/libbsd_nrf9160_xxaa.a(obfuscated.elf)
                0x0002d088                rpc_at_client_message_free
 .text.rpc_at_client_data_free
                0x0002d098       0x10 C:/ncs.sojkk/nrfxlib/bsdlib/lib/cortex-m33/hard-float/libbsd_nrf9160_xxaa.a(obfuscated.elf)
                0x0002d098                rpc_at_client_data_free
 .text.logobj_event_handler
                0x0002d0a8       0xfc C:/ncs.sojkk/nrfxlib/bsdlib/lib/cortex-m33/hard-float/libbsd_nrf9160_xxaa.a(obfuscated.elf)
                0x0002d0a8                logobj_event_handler
 .text.logobj_interface_init
                0x0002d1a4       0x34 C:/ncs.sojkk/nrfxlib/bsdlib/lib/cortex-m33/hard-float/libbsd_nrf9160_xxaa.a(obfuscated.elf)
                0x0002d1a4                logobj_interface_init
 .text.logobj_interface_open
                0x0002d1d8      0x150 C:/ncs.sojkk/nrfxlib/bsdlib/lib/cortex-m33/hard-float/libbsd_nrf9160_xxaa.a(obfuscated.elf)
                0x0002d1d8                logobj_interface_open
 .text.logobj_interface_read
                0x0002d328       0xe0 C:/ncs.sojkk/nrfxlib/bsdlib/lib/cortex-m33/hard-float/libbsd_nrf9160_xxaa.a(obfuscated.elf)
                0x0002d328                logobj_interface_read
 .text.logobj_interface_write
                0x0002d408       0xfc C:/ncs.sojkk/nrfxlib/bsdlib/lib/cortex-m33/hard-float/libbsd_nrf9160_xxaa.a(obfuscated.elf)
                0x0002d408                logobj_interface_write
 .text.logobj_interface_setopt
                0x0002d504      0x19c C:/ncs.sojkk/nrfxlib/bsdlib/lib/cortex-m33/hard-float/libbsd_nrf9160_xxaa.a(obfuscated.elf)
                0x0002d504                logobj_interface_setopt
 .text.logobj_interface_getopt
                0x0002d6a0       0xa4 C:/ncs.sojkk/nrfxlib/bsdlib/lib/cortex-m33/hard-float/libbsd_nrf9160_xxaa.a(obfuscated.elf)
                0x0002d6a0                logobj_interface_getopt
 .text.logobj_interface_close
                0x0002d744       0x2c C:/ncs.sojkk/nrfxlib/bsdlib/lib/cortex-m33/hard-float/libbsd_nrf9160_xxaa.a(obfuscated.elf)
                0x0002d744                logobj_interface_close
 .text.transport_reset
                0x0002d770        0x4 C:/ncs.sojkk/nrfxlib/bsdlib/lib/cortex-m33/hard-float/libbsd_nrf9160_xxaa.a(obfuscated.elf)
 .text.transport_data_free
                0x0002d774       0x38 C:/ncs.sojkk/nrfxlib/bsdlib/lib/cortex-m33/hard-float/libbsd_nrf9160_xxaa.a(obfuscated.elf)
 .text.rpc_transport_ipc_init
                0x0002d7ac       0x84 C:/ncs.sojkk/nrfxlib/bsdlib/lib/cortex-m33/hard-float/libbsd_nrf9160_xxaa.a(obfuscated.elf)
                0x0002d7ac                rpc_transport_ipc_init
 .text.rpc_transport_rx_handle
                0x0002d830       0x44 C:/ncs.sojkk/nrfxlib/bsdlib/lib/cortex-m33/hard-float/libbsd_nrf9160_xxaa.a(obfuscated.elf)
                0x0002d830                rpc_transport_rx_handle
 .text.rpc_transport_ipc_fault_handler
                0x0002d874        0x8 C:/ncs.sojkk/nrfxlib/bsdlib/lib/cortex-m33/hard-float/libbsd_nrf9160_xxaa.a(obfuscated.elf)
                0x0002d878                rpc_transport_ipc_fault_handler
 .text.rpc_transport_ipc_shutdown
                0x0002d87c       0x18 C:/ncs.sojkk/nrfxlib/bsdlib/lib/cortex-m33/hard-float/libbsd_nrf9160_xxaa.a(obfuscated.elf)
                0x0002d87c                rpc_transport_ipc_shutdown
 .text.nrf_socket
                0x0002d894       0x24 C:/ncs.sojkk/nrfxlib/bsdlib/lib/cortex-m33/hard-float/libbsd_nrf9160_xxaa.a(obfuscated.elf)
                0x0002d894                nrf_socket
 .text.nrf_close
                0x0002d8b8       0x1c C:/ncs.sojkk/nrfxlib/bsdlib/lib/cortex-m33/hard-float/libbsd_nrf9160_xxaa.a(obfuscated.elf)
                0x0002d8b8                nrf_close
 .text.nrf_sendto
                0x0002d8d4       0x38 C:/ncs.sojkk/nrfxlib/bsdlib/lib/cortex-m33/hard-float/libbsd_nrf9160_xxaa.a(obfuscated.elf)
                0x0002d8d4                nrf_sendto
 .text.nrf_send
                0x0002d90c       0x34 C:/ncs.sojkk/nrfxlib/bsdlib/lib/cortex-m33/hard-float/libbsd_nrf9160_xxaa.a(obfuscated.elf)
                0x0002d90c                nrf_send
 .text.nrf_write
                0x0002d940       0x2c C:/ncs.sojkk/nrfxlib/bsdlib/lib/cortex-m33/hard-float/libbsd_nrf9160_xxaa.a(obfuscated.elf)
                0x0002d940                nrf_write
 .text.nrf_recvfrom
                0x0002d96c       0x38 C:/ncs.sojkk/nrfxlib/bsdlib/lib/cortex-m33/hard-float/libbsd_nrf9160_xxaa.a(obfuscated.elf)
                0x0002d96c                nrf_recvfrom
 .text.nrf_recv
                0x0002d9a4       0x34 C:/ncs.sojkk/nrfxlib/bsdlib/lib/cortex-m33/hard-float/libbsd_nrf9160_xxaa.a(obfuscated.elf)
                0x0002d9a4                nrf_recv
 .text.nrf_read
                0x0002d9d8       0x2c C:/ncs.sojkk/nrfxlib/bsdlib/lib/cortex-m33/hard-float/libbsd_nrf9160_xxaa.a(obfuscated.elf)
                0x0002d9d8                nrf_read
 .text.nrf_connect
                0x0002da04       0x24 C:/ncs.sojkk/nrfxlib/bsdlib/lib/cortex-m33/hard-float/libbsd_nrf9160_xxaa.a(obfuscated.elf)
                0x0002da04                nrf_connect
 .text.nrf_listen
                0x0002da28       0x20 C:/ncs.sojkk/nrfxlib/bsdlib/lib/cortex-m33/hard-float/libbsd_nrf9160_xxaa.a(obfuscated.elf)
                0x0002da28                nrf_listen
 .text.nrf_accept
                0x0002da48       0x2c C:/ncs.sojkk/nrfxlib/bsdlib/lib/cortex-m33/hard-float/libbsd_nrf9160_xxaa.a(obfuscated.elf)
                0x0002da48                nrf_accept
 .text.nrf_bind
                0x0002da74       0x24 C:/ncs.sojkk/nrfxlib/bsdlib/lib/cortex-m33/hard-float/libbsd_nrf9160_xxaa.a(obfuscated.elf)
                0x0002da74                nrf_bind
 .text.nrf_setsockopt
                0x0002da98       0x38 C:/ncs.sojkk/nrfxlib/bsdlib/lib/cortex-m33/hard-float/libbsd_nrf9160_xxaa.a(obfuscated.elf)
                0x0002da98                nrf_setsockopt
 .text.nrf_getsockopt
                0x0002dad0       0x38 C:/ncs.sojkk/nrfxlib/bsdlib/lib/cortex-m33/hard-float/libbsd_nrf9160_xxaa.a(obfuscated.elf)
                0x0002dad0                nrf_getsockopt
 .text.nrf_getaddrinfo
                0x0002db08        0x4 C:/ncs.sojkk/nrfxlib/bsdlib/lib/cortex-m33/hard-float/libbsd_nrf9160_xxaa.a(obfuscated.elf)
                0x0002db08                nrf_getaddrinfo
 .text.nrf_freeaddrinfo
                0x0002db0c        0x4 C:/ncs.sojkk/nrfxlib/bsdlib/lib/cortex-m33/hard-float/libbsd_nrf9160_xxaa.a(obfuscated.elf)
                0x0002db0c                nrf_freeaddrinfo
 .text.nrf_poll
                0x0002db10        0x4 C:/ncs.sojkk/nrfxlib/bsdlib/lib/cortex-m33/hard-float/libbsd_nrf9160_xxaa.a(obfuscated.elf)
                0x0002db10                nrf_poll
 .text.nrf_fcntl
                0x0002db14        0x4 C:/ncs.sojkk/nrfxlib/bsdlib/lib/cortex-m33/hard-float/libbsd_nrf9160_xxaa.a(obfuscated.elf)
                0x0002db14                nrf_fcntl
 .text.bsd_platform_error_handler
                0x0002db18        0x8 C:/ncs.sojkk/nrfxlib/bsdlib/lib/cortex-m33/hard-float/libbsd_nrf9160_xxaa.a(obfuscated.elf)
                0x0002db18                bsd_platform_error_handler
 .text.bsd_init
                0x0002db20       0x20 C:/ncs.sojkk/nrfxlib/bsdlib/lib/cortex-m33/hard-float/libbsd_nrf9160_xxaa.a(obfuscated.elf)
                0x0002db20                bsd_init
 .text.bsd_shutdown
                0x0002db40       0x1c C:/ncs.sojkk/nrfxlib/bsdlib/lib/cortex-m33/hard-float/libbsd_nrf9160_xxaa.a(obfuscated.elf)
                0x0002db40                bsd_shutdown
 .text.mbedtls_pk_init
                0x0002db5c        0xc C:/ncs.sojkk/nrfxlib/bsdlib/lib/cortex-m33/hard-float/libbsd_nrf9160_xxaa.a(obfuscated.elf)
                0x0002db5c                symbol_000fa2a
 .text.mbedtls_pk_info_from_type
                0x0002db68       0x1c C:/ncs.sojkk/nrfxlib/bsdlib/lib/cortex-m33/hard-float/libbsd_nrf9160_xxaa.a(obfuscated.elf)
                0x0002db68                symbol_00066b4
 .text.mbedtls_pk_setup
                0x0002db84       0x30 C:/ncs.sojkk/nrfxlib/bsdlib/lib/cortex-m33/hard-float/libbsd_nrf9160_xxaa.a(obfuscated.elf)
                0x0002db84                symbol_000194a
 .text.mbedtls_pk_get_type
                0x0002dbb4        0xc C:/ncs.sojkk/nrfxlib/bsdlib/lib/cortex-m33/hard-float/libbsd_nrf9160_xxaa.a(obfuscated.elf)
                0x0002dbb4                symbol_00005ae
 .text.rpc_transport_ipc_rx_init
                0x0002dbc0      0x240 C:/ncs.sojkk/nrfxlib/bsdlib/lib/cortex-m33/hard-float/libbsd_nrf9160_xxaa.a(obfuscated.elf)
                0x0002dbc0                rpc_transport_ipc_rx_init
 .text.IPC_IRQHandler
                0x0002de00      0x3dc C:/ncs.sojkk/nrfxlib/bsdlib/lib/cortex-m33/hard-float/libbsd_nrf9160_xxaa.a(obfuscated.elf)
                0x0002de00                IPC_IRQHandler
 .text.rpc_transport_msg_free
                0x0002e1dc       0x6c C:/ncs.sojkk/nrfxlib/bsdlib/lib/cortex-m33/hard-float/libbsd_nrf9160_xxaa.a(obfuscated.elf)
                0x0002e1dc                rpc_transport_msg_free
 .text.rpc_transport_ipc_rx_suspend
                0x0002e248       0x40 C:/ncs.sojkk/nrfxlib/bsdlib/lib/cortex-m33/hard-float/libbsd_nrf9160_xxaa.a(obfuscated.elf)
                0x0002e248                rpc_transport_ipc_rx_suspend
 .text.rpc_transport_ipc_rx_shutdown
                0x0002e288       0xec C:/ncs.sojkk/nrfxlib/bsdlib/lib/cortex-m33/hard-float/libbsd_nrf9160_xxaa.a(obfuscated.elf)
                0x0002e288                rpc_transport_ipc_rx_shutdown
 .text.block_cipher_df
                0x0002e374      0x248 C:/ncs.sojkk/nrfxlib/bsdlib/lib/cortex-m33/hard-float/libbsd_nrf9160_xxaa.a(obfuscated.elf)
 .text.mbedtls_ctr_drbg_init
                0x0002e5bc        0xc C:/ncs.sojkk/nrfxlib/bsdlib/lib/cortex-m33/hard-float/libbsd_nrf9160_xxaa.a(obfuscated.elf)
                0x0002e5bc                symbol_000078b
 .text.mbedtls_ctr_drbg_free
                0x0002e5c8       0x1c C:/ncs.sojkk/nrfxlib/bsdlib/lib/cortex-m33/hard-float/libbsd_nrf9160_xxaa.a(obfuscated.elf)
                0x0002e5c8                symbol_0001c64
 .text.mbedtls_ctr_drbg_reseed
                0x0002e5e4      0x1dc C:/ncs.sojkk/nrfxlib/bsdlib/lib/cortex-m33/hard-float/libbsd_nrf9160_xxaa.a(obfuscated.elf)
                0x0002e5e4                symbol_000ccf0
 .text.mbedtls_ctr_drbg_seed
                0x0002e7c0       0x50 C:/ncs.sojkk/nrfxlib/bsdlib/lib/cortex-m33/hard-float/libbsd_nrf9160_xxaa.a(obfuscated.elf)
                0x0002e7c0                symbol_0001e1e
 .text.mbedtls_ctr_drbg_random
                0x0002e810      0x468 C:/ncs.sojkk/nrfxlib/bsdlib/lib/cortex-m33/hard-float/libbsd_nrf9160_xxaa.a(obfuscated.elf)
                0x0002e810                symbol_000268c
 .text.packet_handler_create
                0x0002ec78       0x40 C:/ncs.sojkk/nrfxlib/bsdlib/lib/cortex-m33/hard-float/libbsd_nrf9160_xxaa.a(obfuscated.elf)
                0x0002ec78                packet_handler_create
 .text.packet_handler_delete
                0x0002ecb8       0x1c C:/ncs.sojkk/nrfxlib/bsdlib/lib/cortex-m33/hard-float/libbsd_nrf9160_xxaa.a(obfuscated.elf)
                0x0002ecb8                packet_handler_delete
 .text.mbedtls_ecp_group_load
                0x0002ecd4       0x84 C:/ncs.sojkk/nrfxlib/bsdlib/lib/cortex-m33/hard-float/libbsd_nrf9160_xxaa.a(obfuscated.elf)
                0x0002ecd4                symbol_0002469
 .text.secure_client_socket
                0x0002ed58       0xd8 C:/ncs.sojkk/nrfxlib/bsdlib/lib/cortex-m33/hard-float/libbsd_nrf9160_xxaa.a(obfuscated.elf)
 .text.tls_interface_init
                0x0002ee30        0x4 C:/ncs.sojkk/nrfxlib/bsdlib/lib/cortex-m33/hard-float/libbsd_nrf9160_xxaa.a(obfuscated.elf)
                0x0002ee30                tls_interface_init
 .text.tls_interface_open
                0x0002ee34       0x98 C:/ncs.sojkk/nrfxlib/bsdlib/lib/cortex-m33/hard-float/libbsd_nrf9160_xxaa.a(obfuscated.elf)
                0x0002ee34                tls_interface_open
 .text.tls_interface_close